******************************************************************************
            TI ARM Clang Linker Unix v4.0.4                    
******************************************************************************
>> Linked Mon Apr 20 20:46:08 2026

OUTPUT FILE NAME:   <ECE319K_Lab9H.out>
ENTRY POINT SYMBOL: "_c_int00_noargs"  address: 00002d85


MEMORY CONFIGURATION

         name            origin    length      used     unused   attr    fill
----------------------  --------  ---------  --------  --------  ----  --------
  FLASH                 00000000   00020000  00005168  0001ae98  R  X
  SRAM                  20200000   00008000  00000c1c  000073e4  RW X
  BCR_CONFIG            41c00000   00000080  00000000  00000080  R   
  BSL_CONFIG            41c00100   00000080  00000000  00000080  R   


SEGMENT ALLOCATION MAP

run origin  load origin   length   init length attrs members
----------  ----------- ---------- ----------- ----- -------
00000000    00000000    00005168   00005168    r-x
  00000000    00000000    000000c0   000000c0    r-- .intvecs
  000000c0    000000c0    00002ff0   00002ff0    r-x .text
  000030b0    000030b0    00002018   00002018    r-- .rodata
  000050c8    000050c8    00000008   00000008    r-- .init_array
  000050d0    000050d0    00000098   00000098    r-- .cinit
20200000    20200000    00000a1f   00000000    rw-
  20200000    20200000    0000063d   00000000    rw- .data
  20200640    20200640    00000200   00000000    rw- .sysmem
  20200840    20200840    000001df   00000000    rw- .bss
20207e00    20207e00    00000200   00000000    rw-
  20207e00    20207e00    00000200   00000000    rw- .stack


SECTION ALLOCATION MAP

 output                                  attributes/
section   page    origin      length       input sections
--------  ----  ----------  ----------   ----------------
.intvecs   0    00000000    000000c0     
                  00000000    000000c0     startup_mspm0g3507_ticlang.o (.intvecs)

.binit     0    00000000    00000000     

.text      0    000000c0    00002ff0     
                  000000c0    00000210     ST7735.o (.text._Z17ST7735_DrawBitmapssPKtss)
                  000002d0    000001b4     Clock.o (.text._Z15Clock_Init80MHzi)
                  00000484    000001a0     ST7735.o (.text._Z16ST7735_DrawCharSsscssh)
                  00000624    00000154     libc.a : fopen.c.obj (.text._openfile)
                  00000778    0000014c     Oscilloscope.o (.text._ZN11Application10Draw_GraphERK12Oscilliscope)
                  000008c4    00000142     Oscilloscope.o (.text._ZN11Application9Draw_GridEv)
                  00000a06    00000002     libclang_rt.builtins.a : aeabi_div0.c.obj (.text.__aeabi_idiv0)
                  00000a08    00000128     TExaS.o (.text._Z8ADC_InitP10ADC12_Regsjj)
                  00000b30    00000118     ST7735.o (.text._Z15ST7735_FillRectsssst)
                  00000c48    00000114     libc.a : memory.c.obj (.text.aligned_alloc)
                  00000d5c    000000f8     SPI.o (.text._Z8SPI_Initv)
                  00000e54    000000ec     libsysbm.a : add_device.c.obj (.text.add_device)
                  00000f40    000000e8     TExaS.o (.text._Z9UART_Initv)
                  00001028    000000e8     libc.a : memory.c.obj (.text.free)
                  00001110    000000e0            : setvbuf.c.obj (.text.setvbuf)
                  000011f0    000000d0     ST7735.o (.text._Z14ST7735_OutCharc)
                  000012c0    000000cc     Lab9HMain.o (.text.main)
                  0000138c    000000c8     Oscilloscope.o (.text._ZN11Application8Fix_GridEjj)
                  00001454    000000b0     Lab9HMain.o (.text.TIMG12_IRQHandler)
                  00001504    000000b0     ST7735.o (.text._Z20ST7735_DrawFastHLinessst)
                  000015b4    000000b0     ST7735.o (.text._Z20ST7735_DrawFastVLinessst)
                  00001664    000000a8     Timer.o (.text._Z14TimerG6_IntArmtjj)
                  0000170c    000000a8     Timer.o (.text._Z14TimerG7_IntArmtjj)
                  000017b4    000000a2     ST7735.o (.text._ZL11commandListPKh)
                  00001856    00000002     libc.a : _lock.c.obj (.text._nop)
                  00001858    000000a0     ST7735.o (.text._Z17ST7735_InitPrintf10initRFlags)
                  000018f8    000000a0     libsysbm.a : open.c.obj (.text.open)
                  00001998    00000098     ST7735.o (.text._Z12ST7735_InitR10initRFlags)
                  00001a30    00000094     Timer.o (.text._Z15TimerG12_IntArmjj)
                  00001ac4    00000088     ST7735.o (.text._ZL13setAddrWindowhhhh)
                  00001b4c    00000004     libsysbm.a : hostexit.c.obj (.text.HOSTexit)
                  00001b50    00000088     libc.a : strcmp-armv6m.S.obj (.text:strcmp)
                  00001bd8    00000084     ST7735.o (.text._Z17ST7735_DrawStringttPcs)
                  00001c5c    0000007c     Lab9HMain.o (.text.TIMG6_IRQHandler)
                  00001cd8    0000007c     LaunchPad.o (.text._Z14LaunchPad_Initv)
                  00001d54    0000007c     Oscilloscope.o (.text._ZN12Oscilliscope4InitEv)
                  00001dd0    0000007c     SlidePot.o (.text._ZN8SlidePot4InitEv)
                  00001e4c    0000007c     libc.a : fclose.c.obj (.text.__TI_closefile)
                  00001ec8    0000007c            : copy_decompress_lzss.c.obj (.text:decompress:lzss)
                  00001f44    00000078     Switch.o (.text._Z9Switch_Inv)
                  00001fbc    00000076     Oscilloscope.o (.text._ZN6Cursor4MoveEiR11Application)
                  00002032    00000074     Oscilloscope.o (.text._ZN6Cursor5EraseER11Application)
                  000020a6    00000002     --HOLE-- [fill = 0]
                  000020a8    00000070     ST7735.o (.text._Z16ST7735_DrawPixelsst)
                  00002118    0000006c     libsysbm.a : hostlseek.c.obj (.text.HOSTlseek)
                  00002184    0000006c                : hostrename.c.obj (.text.HOSTrename)
                  000021f0    0000006c     libc.a : getdevice.c.obj (.text.getdevice)
                  0000225c    00000064            : memory.c.obj (.text.split)
                  000022c0    00000060     libsysbm.a : hostopen.c.obj (.text.HOSTopen)
                  00002320    0000005c     DAC5.o (.text._Z9DAC5_Initv)
                  0000237c    0000005c     Oscilloscope.o (.text._ZN6Cursor4DrawEv)
                  000023d8    00000058     libsysbm.a : hostread.c.obj (.text.HOSTread)
                  00002430    00000058                : hostwrite.c.obj (.text.HOSTwrite)
                  00002488    00000058     TExaS.o (.text._Z10TExaS_InitP10ADC12_RegsjPFhvE)
                  000024e0    00000056     libclang_rt.builtins.a : aeabi_idivmod.S.obj (.text.__aeabi_idivmod)
                  00002536    00000002     --HOLE-- [fill = 0]
                  00002538    00000054     libc.a : autoinit.c.obj (.text:__TI_auto_init_nobinit)
                  0000258c    00000052            : fflush.c.obj (.text.__TI_doflush)
                  000025de    00000002     --HOLE-- [fill = 0]
                  000025e0    00000050     Sound.o (.text._Z10Sound_Initv)
                  00002630    00000050     Oscilloscope.o (.text._ZN12Oscilliscope10Add_SampleEj)
                  00002680    00000050     libsysbm.a : close.c.obj (.text.close)
                  000026d0    00000048                : hostclose.c.obj (.text.HOSTclose)
                  00002718    00000048                : hostunlink.c.obj (.text.HOSTunlink)
                  00002760    00000048     SPI.o (.text._Z14SPI_OutCommandc)
                  000027a8    00000048     Oscilloscope.o (.text._ZN12Oscilliscope2InEv)
                  000027f0    00000040     TExaS.o (.text.TIMG7_IRQHandler)
                  00002830    00000040     SPI.o (.text._Z9SPI_Resetv)
                  00002870    00000040     libclang_rt.builtins.a : aeabi_uidivmod.S.obj (.text.__aeabi_uidivmod)
                  000028b0    00000040     libc.a : fopen.c.obj (.text._search_fp)
                  000028f0    00000038     Sound.o (.text.SysTick_Handler)
                  00002928    00000038     SPI.o (.text._Z11SPI_OutDatac)
                  00002960    00000038     LaunchPad.o (.text._Z15ActivatePortA_Bv)
                  00002998    00000034     ST7735.o (.text._Z12ST7735_writeiPKcj)
                  000029cc    00000034     Clock.o (.text._Z14Clock_Delay1msj)
                  00002a00    00000034     ST7735.o (.text._Z16ST7735_SetCursorjj)
                  00002a34    00000034     LED.o (.text._Z8LED_Initv)
                  00002a68    00000034     libc.a : fopen.c.obj (.text.__TI_cleanup)
                  00002a9c    00000034     libsysbm.a : trgmsg.c.obj (.text.__TI_readmsg)
                  00002ad0    00000034                : trgmsg.c.obj (.text.__TI_writemsg)
                  00002b04    00000034     libc.a : exit.c.obj (.text.exit)
                  00002b38    00000034            : getdevice.c.obj (.text.finddevice)
                  00002b6c    00000034            : fopen.c.obj (.text.freopen)
                  00002ba0    00000032     ST7735.o (.text._Z15ST7735_Color565hhh)
                  00002bd2    00000002     --HOLE-- [fill = 0]
                  00002bd4    00000030     ST7735.o (.text._ZL10commonInitPKh)
                  00002c04    00000030     libc.a : fopen.c.obj (.text.fopen)
                  00002c34    0000002c     ST7735.o (.text._Z17ST7735_FillScreent)
                  00002c60    0000002c     DAC5.o (.text._Z8DAC5_Outj)
                  00002c8c    0000002c     Oscilloscope.o (.text._ZN12OscilliscopeC2Ev)
                  00002cb8    0000002c     libsysbm.a : unlink.c.obj (.text.unlink)
                  00002ce4    00000028     Switch.o (.text._Z11Switch_Initv)
                  00002d0c    00000028     TExaS.o (.text._Z9ADC_StartP10ADC12_Regs)
                  00002d34    00000028     libc.a : memory.c.obj (.text.free_list_insert)
                  00002d5c    00000028     libsysbm.a : write.c.obj (.text.write)
                  00002d84    00000028     libc.a : boot_cortex_m.c.obj (.text:_c_int00_noargs)
                  00002dac    00000026     Oscilloscope.o (.text._ZN6CursorC2Eii4Typei)
                  00002dd2    00000002     --HOLE-- [fill = 0]
                  00002dd4    00000024     Sound.o (.text._Z11Sound_Pausev)
                  00002df8    00000024     Sound.o (.text._Z11Sound_StartPKhj)
                  00002e1c    00000024     Sound.o (.text._Z16Sound_CursorMovev)
                  00002e40    0000001e     ST7735.o (.text._ZL9pushColort)
                  00002e5e    00000002     --HOLE-- [fill = 0]
                  00002e60    0000001c     startup_mspm0g3507_ticlang.o (.text.Default_Handler)
                  00002e7c    0000001c     startup_mspm0g3507_ticlang.o (.text.HardFault_Handler)
                  00002e98    0000001c     Lab9HMain.o (.text.__cxx_global_var_init.3)
                  00002eb4    0000001c     Lab9HMain.o (.text.__cxx_global_var_init.4)
                  00002ed0    0000001c     libc.a : memory.c.obj (.text.free_list_remove)
                  00002eec    00000018     Lab9HMain.o (.text._GLOBAL__sub_I_Lab9HMain.cpp)
                  00002f04    00000018     Lab9HMain.o (.text.__cxx_global_var_init)
                  00002f1c    00000016     ST7735.o (.text._Z11ST7735_openPKcji)
                  00002f32    00000016     ST7735.o (.text._Z11ST7735_readiPcj)
                  00002f48    00000016     SlidePot.o (.text._ZN8SlidePotC2Ejj)
                  00002f5e    00000016     libc.a : copy_zero_init.c.obj (.text:decompress:ZI:__TI_zero_init_nomemset)
                  00002f74    00000012     Oscilloscope.o (.text._ZN11ApplicationC2Ev)
                  00002f86    00000012     libc.a : memcpy16.S.obj (.text:TI_memcpy_small)
                  00002f98    00000012            : copy_decompress_none.c.obj (.text:decompress:none)
                  00002faa    00000010     Clock.o (.text._Z11Clock_Delayj)
                  00002fba    00000002     --HOLE-- [fill = 0]
                  00002fbc    00000010     Lab9HMain.o (.text._Z28TExaS_LaunchPadLogicPB27PB26v)
                  00002fcc    00000010     Lab9HMain.o (.text.__cxx_global_var_init.1)
                  00002fdc    00000010     Lab9HMain.o (.text.__cxx_global_var_init.2)
                  00002fec    0000000e     libc.a : memory.c.obj (.text.OUTLINED_FUNCTION_0)
                  00002ffa    0000000e     ST7735.o (.text._Z12ST7735_lseekili)
                  00003008    0000000e     libsysbm.a : hostrename.c.obj (.text.strcpy)
                  00003016    0000000e                : hostrename.c.obj (.text.strlen)
                  00003024    0000000e     libc.a : memset16.S.obj (.text:TI_memset_small)
                  00003032    00000002     --HOLE-- [fill = 0]
                  00003034    0000000c     Clock.o (.text._Z10Clock_Freqv)
                  00003040    0000000c     ST7735.o (.text._Z13ST7735_renamePKcS0_)
                  0000304c    0000000c     libclang_rt.builtins.a : aeabi_memset.S.obj (.text.__aeabi_memclr)
                  00003058    0000000c     libc.a : memory.c.obj (.text.malloc)
                  00003064    0000000a     ST7735.o (.text._Z12ST7735_closei)
                  0000306e    0000000a     ST7735.o (.text._Z13ST7735_unlinkPKc)
                  00003078    0000000a     Lab9HMain.o (.text._Z8PLL_Initv)
                  00003082    00000002     --HOLE-- [fill = 0]
                  00003084    00000008     libclang_rt.builtins.a : aeabi_memcpy.S.obj (.text.__aeabi_memcpy)
                  0000308c    00000008     libsysbm.a : remove.c.obj (.text.remove)
                  00003094    00000006     libc.a : exit.c.obj (.text:abort)
                  0000309a    00000004     startup_mspm0g3507_ticlang.o (.text.Reset_Handler)
                  0000309e    00000004     libc.a : pre_init.c.obj (.text._system_pre_init)
                  000030a2    0000000e     --HOLE-- [fill = 0]

.cinit     0    000050d0    00000098     
                  000050d0    00000072     (.cinit..data.load) [load image, compression = lzss]
                  00005142    00000002     --HOLE-- [fill = 0]
                  00005144    0000000c     (__TI_handler_table)
                  00005150    00000008     (.cinit..bss.load) [load image, compression = zero_init]
                  00005158    00000010     (__TI_cinit_table)

.rodata    0    000030b0    00002018     
                  000030b0    00000c38     Sound.o (.rodata._ZL11pause_sound)
                  00003ce8    000009cf     Sound.o (.rodata._ZL17move_cursor_sound)
                  000046b7    000004fb     ST7735.o (.rodata._ZL4Font)
                  00004bb2    00000348     Oscilloscope.o (.rodata._ZL22vertical_orange_cursor)
                  00004efa    00000120     Oscilloscope.o (.rodata._ZL11PlayerShip0)
                  0000501a    0000003b     ST7735.o (.rodata._ZL5Rcmd1)
                  00005055    0000002b     ST7735.o (.rodata._ZL5Rcmd3)
                  00005080    00000016     ST7735.o (.rodata.str1.14736978382213673245.1)
                  00005096    0000000d     ST7735.o (.rodata._ZL10Rcmd2green)
                  000050a3    0000000d     ST7735.o (.rodata._ZL8Rcmd2red)
                  000050b0    00000008     ST7735.o (.rodata.str1.7209918599617305731.1)
                  000050b8    00000007     ST7735.o (.rodata.str1.10208736415454880443.1)
                  000050bf    00000007     ST7735.o (.rodata.str1.8723687351022562626.1)
                  000050c6    00000002     ST7735.o (.rodata.str1.18358205720993799461.1)

.init_array 
*          0    000050c8    00000008     
                  000050c8    00000004     Lab9HMain.o (.init_array)
                  000050cc    00000004     --HOLE-- [fill = 0]

.data      0    20200000    0000063d     UNINITIALIZED
                  20200000    0000040c     Lab9HMain.o (.data.scope)
                  2020040c    000000f0     libc.a : defs.c.obj (.data._ftable)
                  202004fc    00000078     libsysbm.a : host_device.c.obj (.data._device)
                  20200574    00000050                : host_device.c.obj (.data._stream)
                  202005c4    00000014     Lab9HMain.o (.data.Sensor)
                  202005d8    00000010     Lab9HMain.o (.data.hCursor2)
                  202005e8    00000010     Lab9HMain.o (.data.hCursor)
                  202005f8    00000008     libc.a : exit.c.obj (.data..L_MergedGlobals)
                  20200600    00000008     Lab9HMain.o (.data.app)
                  20200608    00000004     Clock.o (.data.BusFreq)
                  2020060c    00000004     Sound.o (.data.SoundCount)
                  20200610    00000004     ST7735.o (.data.StX)
                  20200614    00000004     ST7735.o (.data.StY)
                  20200618    00000004     libc.a : defs.c.obj (.data.__TI_ft_end)
                  2020061c    00000004            : _lock.c.obj (.data._lock)
                  20200620    00000004            : _lock.c.obj (.data._unlock)
                  20200624    00000004     Lab9HMain.o (.data.last)
                  20200628    00000004     Lab9HMain.o (.data.selected)
                  2020062c    00000002     ST7735.o (.data.StTextColor)
                  2020062e    00000002     ST7735.o (.data._ZL6_width)
                  20200630    00000002     ST7735.o (.data._ZL7_height)
                  20200632    00000002     --HOLE--
                  20200634    00000001     libsysbm.a : add_device.c.obj (.data.add_device.device_init)
                  20200635    00000003     --HOLE--
                  20200638    00000001     libc.a : memory.c.obj (.data.memory_is_initialized)
                  20200639    00000003     --HOLE--
                  2020063c    00000001     libsysbm.a : open.c.obj (.data.open.stream_init)

.sysmem    0    20200640    00000200     UNINITIALIZED
                  20200640    00000010     libc.a : memory.c.obj (.sysmem)
                  20200650    000001f0     --HOLE--

.bss       0    20200840    000001df     UNINITIALIZED
                  20200840    00000120     libsysbm.a : trgmsg.c.obj (.bss:_CIOBUF_)
                  20200960    000000a0     libc.a : defs.c.obj (.bss.__TI_tmpnams)
                  20200a00    00000008     libsysbm.a : hostopen.c.obj (.bss.parmbuf)
                  20200a08    00000004     Sound.o (.bss.SoundPtr)
                  20200a0c    00000004     TExaS.o (.bss.TExaSLogic)
                  20200a10    00000004     TExaS.o (.bss.TExaSadc)
                  20200a14    00000004     Lab9HMain.o (.bss.now)
                  20200a18    00000004     libc.a : memory.c.obj (.bss.sys_free)
                  20200a1c    00000001     ST7735.o (.bss._ZL8ColStart)
                  20200a1d    00000001     ST7735.o (.bss._ZL8RowStart)
                  20200a1e    00000001     ST7735.o (.bss._ZL8TabColor)

.stack     0    20207e00    00000200     UNINITIALIZED
                  20207e00    00000004     libc.a : boot_cortex_m.c.obj (.stack)
                  20207e04    000001fc     --HOLE--

__llvm_prf_cnts 
*          0    20200000    00000000     UNINITIALIZED

__llvm_prf_bits 
*          0    20200000    00000000     UNINITIALIZED

MODULE SUMMARY

       Module                         code    ro data   rw data
       ------                         ----    -------   -------
    ./
       Sound.o                        244     5639      8      
       ST7735.o                       3004    1449      17     
       Oscilloscope.o                 1556    1128      0      
       Lab9HMain.o                    666     4         1108   
       TExaS.o                        720     0         8      
       Clock.o                        516     0         4      
       Timer.o                        484     0         0      
       SPI.o                          440     0         0      
       LaunchPad.o                    180     0         0      
       Switch.o                       160     0         0      
       SlidePot.o                     146     0         0      
       DAC5.o                         136     0         0      
       LED.o                          52      0         0      
    +--+------------------------------+-------+---------+---------+
       Total:                         8304    8220      1145   
                                                               
    ./ticlang/
       startup_mspm0g3507_ticlang.o   60      192       0      
    +--+------------------------------+-------+---------+---------+
       Total:                         60      192       0      
                                                               
    /Applications/ti/ccs2040/ccs/tools/compiler/ti-cgt-armllvm_4.0.4.LTS/lib/armv6m-ti-none-eabi/c/libc.a
       memory.c.obj                   702     0         5      
       fopen.c.obj                    556     0         0      
       defs.c.obj                     0       0         404    
       setvbuf.c.obj                  224     0         0      
       getdevice.c.obj                160     0         0      
       strcmp-armv6m.S.obj            136     0         0      
       copy_decompress_lzss.c.obj     124     0         0      
       fclose.c.obj                   124     0         0      
       autoinit.c.obj                 84      0         0      
       fflush.c.obj                   82      0         0      
       exit.c.obj                     58      0         8      
       boot_cortex_m.c.obj            40      0         0      
       copy_zero_init.c.obj           22      0         0      
       copy_decompress_none.c.obj     18      0         0      
       memcpy16.S.obj                 18      0         0      
       memset16.S.obj                 14      0         0      
       _lock.c.obj                    2       0         8      
       pre_init.c.obj                 4       0         0      
    +--+------------------------------+-------+---------+---------+
       Total:                         2368    0         425    
                                                               
    /Applications/ti/ccs2040/ccs/tools/compiler/ti-cgt-armllvm_4.0.4.LTS/lib/armv6m-ti-none-eabi/c/libsysbm.a
       trgmsg.c.obj                   104     0         288    
       add_device.c.obj               236     0         1      
       host_device.c.obj              0       0         200    
       open.c.obj                     160     0         1      
       hostrename.c.obj               136     0         0      
       hostlseek.c.obj                108     0         0      
       hostopen.c.obj                 96      0         8      
       hostread.c.obj                 88      0         0      
       hostwrite.c.obj                88      0         0      
       close.c.obj                    80      0         0      
       hostclose.c.obj                72      0         0      
       hostunlink.c.obj               72      0         0      
       unlink.c.obj                   44      0         0      
       write.c.obj                    40      0         0      
       remove.c.obj                   8       0         0      
       hostexit.c.obj                 4       0         0      
    +--+------------------------------+-------+---------+---------+
       Total:                         1336    0         498    
                                                               
    /Applications/ti/ccs2040/ccs/tools/compiler/ti-cgt-armllvm_4.0.4.LTS/lib/armv6m-ti-none-eabi/libclang_rt.builtins.a
       aeabi_idivmod.S.obj            86      0         0      
       aeabi_uidivmod.S.obj           64      0         0      
       aeabi_memset.S.obj             12      0         0      
       aeabi_memcpy.S.obj             8       0         0      
       aeabi_div0.c.obj               2       0         0      
    +--+------------------------------+-------+---------+---------+
       Total:                         172     0         0      
                                                               
       Heap:                          0       0         512    
       Stack:                         0       0         512    
       Linker Generated:              0       150       0      
    +--+------------------------------+-------+---------+---------+
       Grand Total:                   12240   8562      3092   


LINKER GENERATED COPY TABLES

__TI_cinit_table @ 00005158 records: 2, size/record: 8, table size: 16
	.data: load addr=000050d0, load size=00000072 bytes, run addr=20200000, run size=0000063d bytes, compression=lzss
	.bss: load addr=00005150, load size=00000008 bytes, run addr=20200840, run size=000001df bytes, compression=zero_init


LINKER GENERATED HANDLER TABLE

__TI_handler_table @ 00005144 records: 3, size/record: 4, table size: 12
	index: 0, handler: __TI_decompress_lzss
	index: 1, handler: __TI_decompress_none
	index: 2, handler: __TI_zero_init


GLOBAL SYMBOLS: SORTED ALPHABETICALLY BY Name 

address   name                                         
-------   ----                                         
00002e61  ADC0_IRQHandler                              
00002e61  ADC1_IRQHandler                              
00002e61  AES_IRQHandler                               
20200608  BusFreq                                      
00001b4c  C$$EXIT                                      
00002afd  C$$IO$$                                      
00002e61  CANFD0_IRQHandler                            
00002e61  DAC0_IRQHandler                              
00002e61  DMA_IRQHandler                               
00002e61  Default_Handler                              
00002e61  GROUP0_IRQHandler                            
00002e61  GROUP1_IRQHandler                            
000026d1  HOSTclose                                    
00001b4d  HOSTexit                                     
00002119  HOSTlseek                                    
000022c1  HOSTopen                                     
000023d9  HOSTread                                     
00002185  HOSTrename                                   
00002719  HOSTunlink                                   
00002431  HOSTwrite                                    
00002e7d  HardFault_Handler                            
00002e61  I2C0_IRQHandler                              
00002e61  I2C1_IRQHandler                              
00002e61  NMI_Handler                                  
00002e61  PendSV_Handler                               
00002e61  RTC_IRQHandler                               
0000309b  Reset_Handler                                
000050c8  SHT$$INIT_ARRAY$$Base                        
000050cc  SHT$$INIT_ARRAY$$Limit                       
00002e61  SPI0_IRQHandler                              
00002e61  SPI1_IRQHandler                              
00002e61  SVC_Handler                                  
202005c4  Sensor                                       
2020060c  SoundCount                                   
20200a08  SoundPtr                                     
2020062c  StTextColor                                  
20200610  StX                                          
20200614  StY                                          
000028f1  SysTick_Handler                              
20200a0c  TExaSLogic                                   
20200a10  TExaSadc                                     
00002e61  TIMA0_IRQHandler                             
00002e61  TIMA1_IRQHandler                             
00002e61  TIMG0_IRQHandler                             
00001455  TIMG12_IRQHandler                            
00001c5d  TIMG6_IRQHandler                             
000027f1  TIMG7_IRQHandler                             
00002e61  TIMG8_IRQHandler                             
00002f87  TI_memcpy_small                              
00003025  TI_memset_small                              
00002e61  UART0_IRQHandler                             
00002e61  UART1_IRQHandler                             
00002e61  UART2_IRQHandler                             
00002e61  UART3_IRQHandler                             
20200840  _CIOBUF_                                     
00003035  _Z10Clock_Freqv                              
000025e1  _Z10Sound_Initv                              
00002489  _Z10TExaS_InitP10ADC12_RegsjPFhvE            
00002fab  _Z11Clock_Delayj                             
00002929  _Z11SPI_OutDatac                             
00002f1d  _Z11ST7735_openPKcji                         
00002f33  _Z11ST7735_readiPcj                          
00002dd5  _Z11Sound_Pausev                             
00002df9  _Z11Sound_StartPKhj                          
00002ce5  _Z11Switch_Initv                             
00001999  _Z12ST7735_InitR10initRFlags                 
00003065  _Z12ST7735_closei                            
00002ffb  _Z12ST7735_lseekili                          
00002999  _Z12ST7735_writeiPKcj                        
00003041  _Z13ST7735_renamePKcS0_                      
0000306f  _Z13ST7735_unlinkPKc                         
000029cd  _Z14Clock_Delay1msj                          
00001cd9  _Z14LaunchPad_Initv                          
00002761  _Z14SPI_OutCommandc                          
000011f1  _Z14ST7735_OutCharc                          
00001665  _Z14TimerG6_IntArmtjj                        
0000170d  _Z14TimerG7_IntArmtjj                        
00002961  _Z15ActivatePortA_Bv                         
000002d1  _Z15Clock_Init80MHzi                         
00002ba1  _Z15ST7735_Color565hhh                       
00000b31  _Z15ST7735_FillRectsssst                     
00001a31  _Z15TimerG12_IntArmjj                        
00000485  _Z16ST7735_DrawCharSsscssh                   
000020a9  _Z16ST7735_DrawPixelsst                      
00002a01  _Z16ST7735_SetCursorjj                       
00002e1d  _Z16Sound_CursorMovev                        
000000c1  _Z17ST7735_DrawBitmapssPKtss                 
00001bd9  _Z17ST7735_DrawStringttPcs                   
00002c35  _Z17ST7735_FillScreent                       
00001859  _Z17ST7735_InitPrintf10initRFlags            
00001505  _Z20ST7735_DrawFastHLinessst                 
000015b5  _Z20ST7735_DrawFastVLinessst                 
00002fbd  _Z28TExaS_LaunchPadLogicPB27PB26v            
00000a09  _Z8ADC_InitP10ADC12_Regsjj                   
00002c61  _Z8DAC5_Outj                                 
00002a35  _Z8LED_Initv                                 
00003079  _Z8PLL_Initv                                 
00000d5d  _Z8SPI_Initv                                 
00002d0d  _Z9ADC_StartP10ADC12_Regs                    
00002321  _Z9DAC5_Initv                                
00002831  _Z9SPI_Resetv                                
00001f45  _Z9Switch_Inv                                
00000f41  _Z9UART_Initv                                
00000779  _ZN11Application10Draw_GraphERK12Oscilliscope
0000138d  _ZN11Application8Fix_GridEjj                 
000008c5  _ZN11Application9Draw_GridEv                 
00002f75  _ZN11ApplicationC1Ev                         
00002f75  _ZN11ApplicationC2Ev                         
00002631  _ZN12Oscilliscope10Add_SampleEj              
000027a9  _ZN12Oscilliscope2InEv                       
00001d55  _ZN12Oscilliscope4InitEv                     
00002c8d  _ZN12OscilliscopeC1Ev                        
00002c8d  _ZN12OscilliscopeC2Ev                        
0000237d  _ZN6Cursor4DrawEv                            
00001fbd  _ZN6Cursor4MoveEiR11Application              
00002033  _ZN6Cursor5EraseER11Application              
00002dad  _ZN6CursorC1Eii4Typei                        
00002dad  _ZN6CursorC2Eii4Typei                        
00001dd1  _ZN8SlidePot4InitEv                          
00002f49  _ZN8SlidePotC1Ejj                            
00002f49  _ZN8SlidePotC2Ejj                            
20200840  __CIOBUF_                                    
20208000  __STACK_END                                  
00000200  __STACK_SIZE                                 
00000200  __SYSMEM_SIZE                                
00000000  __TI_ATRegion0_region_sz                     
00000000  __TI_ATRegion0_src_addr                      
00000000  __TI_ATRegion0_trg_addr                      
00000000  __TI_ATRegion1_region_sz                     
00000000  __TI_ATRegion1_src_addr                      
00000000  __TI_ATRegion1_trg_addr                      
00000000  __TI_ATRegion2_region_sz                     
00000000  __TI_ATRegion2_src_addr                      
00000000  __TI_ATRegion2_trg_addr                      
00005158  __TI_CINIT_Base                              
00005168  __TI_CINIT_Limit                             
00005168  __TI_CINIT_Warm                              
00005144  __TI_Handler_Table_Base                      
00005150  __TI_Handler_Table_Limit                     
00002539  __TI_auto_init_nobinit                       
00002a69  __TI_cleanup                                 
202005f8  __TI_cleanup_ptr                             
00001e4d  __TI_closefile                               
00001ec9  __TI_decompress_lzss                         
00002f99  __TI_decompress_none                         
0000258d  __TI_doflush                                 
202005fc  __TI_dtors_ptr                               
20200618  __TI_ft_end                                  
ffffffff  __TI_pprof_out_hndl                          
ffffffff  __TI_prof_data_size                          
ffffffff  __TI_prof_data_start                         
00002a9d  __TI_readmsg                                 
00000000  __TI_static_base__                           
20200960  __TI_tmpnams                                 
00002ad1  __TI_writemsg                                
00002f5f  __TI_zero_init_nomemset                      
000024e1  __aeabi_idiv                                 
00000a07  __aeabi_idiv0                                
000024e1  __aeabi_idivmod                              
0000304d  __aeabi_memclr                               
0000304d  __aeabi_memclr4                              
0000304d  __aeabi_memclr8                              
00003085  __aeabi_memcpy                               
00003085  __aeabi_memcpy4                              
00003085  __aeabi_memcpy8                              
00002871  __aeabi_uidiv                                
00002871  __aeabi_uidivmod                             
ffffffff  __binit__                                    
UNDEFED   __mpu_init                                   
20207e00  __stack                                      
20200000  __start___llvm_prf_bits                      
20200000  __start___llvm_prf_cnts                      
20200000  __stop___llvm_prf_bits                       
20200000  __stop___llvm_prf_cnts                       
00002d85  _c_int00_noargs                              
202004fc  _device                                      
2020040c  _ftable                                      
2020061c  _lock                                        
00001857  _nop                                         
20200574  _stream                                      
20200640  _sys_memory                                  
UNDEFED   _system_post_cinit                           
0000309f  _system_pre_init                             
20200620  _unlock                                      
00003095  abort                                        
00000e55  add_device                                   
00000c49  aligned_alloc                                
20200600  app                                          
ffffffff  binit                                        
00002681  close                                        
00002b05  exit                                         
00002b39  finddevice                                   
00002c05  fopen                                        
00001029  free                                         
00002b6d  freopen                                      
000021f1  getdevice                                    
202005e8  hCursor                                      
202005d8  hCursor2                                     
00000000  interruptVectors                             
20200624  last                                         
000012c1  main                                         
00003059  malloc                                       
00000c49  memalign                                     
20200a14  now                                          
000018f9  open                                         
20200a00  parmbuf                                      
0000308d  remove                                       
20200000  scope                                        
20200628  selected                                     
00001111  setvbuf                                      
00001b51  strcmp                                       
00002cb9  unlink                                       
00002d5d  write                                        


GLOBAL SYMBOLS: SORTED BY Symbol Address 

address   name                                         
-------   ----                                         
00000000  __TI_ATRegion0_region_sz                     
00000000  __TI_ATRegion0_src_addr                      
00000000  __TI_ATRegion0_trg_addr                      
00000000  __TI_ATRegion1_region_sz                     
00000000  __TI_ATRegion1_src_addr                      
00000000  __TI_ATRegion1_trg_addr                      
00000000  __TI_ATRegion2_region_sz                     
00000000  __TI_ATRegion2_src_addr                      
00000000  __TI_ATRegion2_trg_addr                      
00000000  __TI_static_base__                           
00000000  interruptVectors                             
000000c1  _Z17ST7735_DrawBitmapssPKtss                 
00000200  __STACK_SIZE                                 
00000200  __SYSMEM_SIZE                                
000002d1  _Z15Clock_Init80MHzi                         
00000485  _Z16ST7735_DrawCharSsscssh                   
00000779  _ZN11Application10Draw_GraphERK12Oscilliscope
000008c5  _ZN11Application9Draw_GridEv                 
00000a07  __aeabi_idiv0                                
00000a09  _Z8ADC_InitP10ADC12_Regsjj                   
00000b31  _Z15ST7735_FillRectsssst                     
00000c49  aligned_alloc                                
00000c49  memalign                                     
00000d5d  _Z8SPI_Initv                                 
00000e55  add_device                                   
00000f41  _Z9UART_Initv                                
00001029  free                                         
00001111  setvbuf                                      
000011f1  _Z14ST7735_OutCharc                          
000012c1  main                                         
0000138d  _ZN11Application8Fix_GridEjj                 
00001455  TIMG12_IRQHandler                            
00001505  _Z20ST7735_DrawFastHLinessst                 
000015b5  _Z20ST7735_DrawFastVLinessst                 
00001665  _Z14TimerG6_IntArmtjj                        
0000170d  _Z14TimerG7_IntArmtjj                        
00001857  _nop                                         
00001859  _Z17ST7735_InitPrintf10initRFlags            
000018f9  open                                         
00001999  _Z12ST7735_InitR10initRFlags                 
00001a31  _Z15TimerG12_IntArmjj                        
00001b4c  C$$EXIT                                      
00001b4d  HOSTexit                                     
00001b51  strcmp                                       
00001bd9  _Z17ST7735_DrawStringttPcs                   
00001c5d  TIMG6_IRQHandler                             
00001cd9  _Z14LaunchPad_Initv                          
00001d55  _ZN12Oscilliscope4InitEv                     
00001dd1  _ZN8SlidePot4InitEv                          
00001e4d  __TI_closefile                               
00001ec9  __TI_decompress_lzss                         
00001f45  _Z9Switch_Inv                                
00001fbd  _ZN6Cursor4MoveEiR11Application              
00002033  _ZN6Cursor5EraseER11Application              
000020a9  _Z16ST7735_DrawPixelsst                      
00002119  HOSTlseek                                    
00002185  HOSTrename                                   
000021f1  getdevice                                    
000022c1  HOSTopen                                     
00002321  _Z9DAC5_Initv                                
0000237d  _ZN6Cursor4DrawEv                            
000023d9  HOSTread                                     
00002431  HOSTwrite                                    
00002489  _Z10TExaS_InitP10ADC12_RegsjPFhvE            
000024e1  __aeabi_idiv                                 
000024e1  __aeabi_idivmod                              
00002539  __TI_auto_init_nobinit                       
0000258d  __TI_doflush                                 
000025e1  _Z10Sound_Initv                              
00002631  _ZN12Oscilliscope10Add_SampleEj              
00002681  close                                        
000026d1  HOSTclose                                    
00002719  HOSTunlink                                   
00002761  _Z14SPI_OutCommandc                          
000027a9  _ZN12Oscilliscope2InEv                       
000027f1  TIMG7_IRQHandler                             
00002831  _Z9SPI_Resetv                                
00002871  __aeabi_uidiv                                
00002871  __aeabi_uidivmod                             
000028f1  SysTick_Handler                              
00002929  _Z11SPI_OutDatac                             
00002961  _Z15ActivatePortA_Bv                         
00002999  _Z12ST7735_writeiPKcj                        
000029cd  _Z14Clock_Delay1msj                          
00002a01  _Z16ST7735_SetCursorjj                       
00002a35  _Z8LED_Initv                                 
00002a69  __TI_cleanup                                 
00002a9d  __TI_readmsg                                 
00002ad1  __TI_writemsg                                
00002afd  C$$IO$$                                      
00002b05  exit                                         
00002b39  finddevice                                   
00002b6d  freopen                                      
00002ba1  _Z15ST7735_Color565hhh                       
00002c05  fopen                                        
00002c35  _Z17ST7735_FillScreent                       
00002c61  _Z8DAC5_Outj                                 
00002c8d  _ZN12OscilliscopeC1Ev                        
00002c8d  _ZN12OscilliscopeC2Ev                        
00002cb9  unlink                                       
00002ce5  _Z11Switch_Initv                             
00002d0d  _Z9ADC_StartP10ADC12_Regs                    
00002d5d  write                                        
00002d85  _c_int00_noargs                              
00002dad  _ZN6CursorC1Eii4Typei                        
00002dad  _ZN6CursorC2Eii4Typei                        
00002dd5  _Z11Sound_Pausev                             
00002df9  _Z11Sound_StartPKhj                          
00002e1d  _Z16Sound_CursorMovev                        
00002e61  ADC0_IRQHandler                              
00002e61  ADC1_IRQHandler                              
00002e61  AES_IRQHandler                               
00002e61  CANFD0_IRQHandler                            
00002e61  DAC0_IRQHandler                              
00002e61  DMA_IRQHandler                               
00002e61  Default_Handler                              
00002e61  GROUP0_IRQHandler                            
00002e61  GROUP1_IRQHandler                            
00002e61  I2C0_IRQHandler                              
00002e61  I2C1_IRQHandler                              
00002e61  NMI_Handler                                  
00002e61  PendSV_Handler                               
00002e61  RTC_IRQHandler                               
00002e61  SPI0_IRQHandler                              
00002e61  SPI1_IRQHandler                              
00002e61  SVC_Handler                                  
00002e61  TIMA0_IRQHandler                             
00002e61  TIMA1_IRQHandler                             
00002e61  TIMG0_IRQHandler                             
00002e61  TIMG8_IRQHandler                             
00002e61  UART0_IRQHandler                             
00002e61  UART1_IRQHandler                             
00002e61  UART2_IRQHandler                             
00002e61  UART3_IRQHandler                             
00002e7d  HardFault_Handler                            
00002f1d  _Z11ST7735_openPKcji                         
00002f33  _Z11ST7735_readiPcj                          
00002f49  _ZN8SlidePotC1Ejj                            
00002f49  _ZN8SlidePotC2Ejj                            
00002f5f  __TI_zero_init_nomemset                      
00002f75  _ZN11ApplicationC1Ev                         
00002f75  _ZN11ApplicationC2Ev                         
00002f87  TI_memcpy_small                              
00002f99  __TI_decompress_none                         
00002fab  _Z11Clock_Delayj                             
00002fbd  _Z28TExaS_LaunchPadLogicPB27PB26v            
00002ffb  _Z12ST7735_lseekili                          
00003025  TI_memset_small                              
00003035  _Z10Clock_Freqv                              
00003041  _Z13ST7735_renamePKcS0_                      
0000304d  __aeabi_memclr                               
0000304d  __aeabi_memclr4                              
0000304d  __aeabi_memclr8                              
00003059  malloc                                       
00003065  _Z12ST7735_closei                            
0000306f  _Z13ST7735_unlinkPKc                         
00003079  _Z8PLL_Initv                                 
00003085  __aeabi_memcpy                               
00003085  __aeabi_memcpy4                              
00003085  __aeabi_memcpy8                              
0000308d  remove                                       
00003095  abort                                        
0000309b  Reset_Handler                                
0000309f  _system_pre_init                             
000050c8  SHT$$INIT_ARRAY$$Base                        
000050cc  SHT$$INIT_ARRAY$$Limit                       
00005144  __TI_Handler_Table_Base                      
00005150  __TI_Handler_Table_Limit                     
00005158  __TI_CINIT_Base                              
00005168  __TI_CINIT_Limit                             
00005168  __TI_CINIT_Warm                              
20200000  __start___llvm_prf_bits                      
20200000  __start___llvm_prf_cnts                      
20200000  __stop___llvm_prf_bits                       
20200000  __stop___llvm_prf_cnts                       
20200000  scope                                        
2020040c  _ftable                                      
202004fc  _device                                      
20200574  _stream                                      
202005c4  Sensor                                       
202005d8  hCursor2                                     
202005e8  hCursor                                      
202005f8  __TI_cleanup_ptr                             
202005fc  __TI_dtors_ptr                               
20200600  app                                          
20200608  BusFreq                                      
2020060c  SoundCount                                   
20200610  StX                                          
20200614  StY                                          
20200618  __TI_ft_end                                  
2020061c  _lock                                        
20200620  _unlock                                      
20200624  last                                         
20200628  selected                                     
2020062c  StTextColor                                  
20200640  _sys_memory                                  
20200840  _CIOBUF_                                     
20200840  __CIOBUF_                                    
20200960  __TI_tmpnams                                 
20200a00  parmbuf                                      
20200a08  SoundPtr                                     
20200a0c  TExaSLogic                                   
20200a10  TExaSadc                                     
20200a14  now                                          
20207e00  __stack                                      
20208000  __STACK_END                                  
ffffffff  __TI_pprof_out_hndl                          
ffffffff  __TI_prof_data_size                          
ffffffff  __TI_prof_data_start                         
ffffffff  __binit__                                    
ffffffff  binit                                        
UNDEFED   __mpu_init                                   
UNDEFED   _system_post_cinit                           

[213 symbols]
