<?xml version="1.0" encoding="ISO-8859-1" ?>
<link_info>
   <banner>TI ARM Clang Linker Unix v4.0.4.LTS</banner>
   <copyright>Copyright (c) 1996-2018 Texas Instruments Incorporated</copyright>
   <command_line>/Applications/ti/ccs2040/ccs/tools/compiler/ti-cgt-armllvm_4.0.4.LTS/bin/tiarmlnk -I/Applications/ti/ccs2040/ccs/tools/compiler/ti-cgt-armllvm_4.0.4.LTS/lib -o ECE319K_Lab9H.out -mECE319K_Lab9H.map --heap_size=512 --stack_size=512 -i/Users/rachitkakkar/Documents/root/Documents/College Work/ECE 319H/MSPM0_ValvanoWare/ECE319K_Lab9H/Debug/syscfg -i/Applications/ti/ccs2040/ccs/tools/compiler/ti-cgt-armllvm_4.0.4.LTS/lib --diag_wrap=off --display_error_number --warn_sections --xml_link_info=ECE319K_Lab9H_linkInfo.xml --rom_model ./Clock.o ./DAC5.o ./LED.o ./Lab9HMain.o ./LaunchPad.o ./Oscilloscope.o ./SPI.o ./ST7735.o ./SlidePot.o ./SmallFont.o ./Sound.o ./Switch.o ./TExaS.o ./Timer.o ./images/pipedreams/PipeSound.o ./ticlang/startup_mspm0g3507_ticlang.o ../mspm0g3507.cmd -l/Applications/ti/mspm0_sdk_2_09_00_01/source/ti/driverlib/lib/ticlang/m0p/mspm0g1x0x_g3x0x/driverlib.a -llibc.a --start-group -llibc++.a -llibc++abi.a -llibc.a -llibsys.a -llibsysbm.a -llibclang_rt.builtins.a -llibclang_rt.profile.a --end-group --cg_opt_level=0</command_line>
   <link_time>0x69e6dffa</link_time>
   <link_errors>0x0</link_errors>
   <output_file>/Users/rachitkakkar/Documents/root/Documents/College Work/ECE 319H/MSPM0_ValvanoWare/ECE319K_Lab9H/Debug/ECE319K_Lab9H.out</output_file>
   <entry_point>
      <name>_c_int00_noargs</name>
      <address>0x2fad</address>
   </entry_point>
   <input_file_list>
      <input_file id="fl-1">
         <path>/Users/rachitkakkar/Documents/root/Documents/College Work/ECE 319H/MSPM0_ValvanoWare/ECE319K_Lab9H/Debug/./</path>
         <kind>object</kind>
         <file>Clock.o</file>
         <name>Clock.o</name>
      </input_file>
      <input_file id="fl-2">
         <path>/Users/rachitkakkar/Documents/root/Documents/College Work/ECE 319H/MSPM0_ValvanoWare/ECE319K_Lab9H/Debug/./</path>
         <kind>object</kind>
         <file>DAC5.o</file>
         <name>DAC5.o</name>
      </input_file>
      <input_file id="fl-3">
         <path>/Users/rachitkakkar/Documents/root/Documents/College Work/ECE 319H/MSPM0_ValvanoWare/ECE319K_Lab9H/Debug/./</path>
         <kind>object</kind>
         <file>LED.o</file>
         <name>LED.o</name>
      </input_file>
      <input_file id="fl-4">
         <path>/Users/rachitkakkar/Documents/root/Documents/College Work/ECE 319H/MSPM0_ValvanoWare/ECE319K_Lab9H/Debug/./</path>
         <kind>object</kind>
         <file>Lab9HMain.o</file>
         <name>Lab9HMain.o</name>
      </input_file>
      <input_file id="fl-5">
         <path>/Users/rachitkakkar/Documents/root/Documents/College Work/ECE 319H/MSPM0_ValvanoWare/ECE319K_Lab9H/Debug/./</path>
         <kind>object</kind>
         <file>LaunchPad.o</file>
         <name>LaunchPad.o</name>
      </input_file>
      <input_file id="fl-6">
         <path>/Users/rachitkakkar/Documents/root/Documents/College Work/ECE 319H/MSPM0_ValvanoWare/ECE319K_Lab9H/Debug/./</path>
         <kind>object</kind>
         <file>Oscilloscope.o</file>
         <name>Oscilloscope.o</name>
      </input_file>
      <input_file id="fl-7">
         <path>/Users/rachitkakkar/Documents/root/Documents/College Work/ECE 319H/MSPM0_ValvanoWare/ECE319K_Lab9H/Debug/./</path>
         <kind>object</kind>
         <file>SPI.o</file>
         <name>SPI.o</name>
      </input_file>
      <input_file id="fl-8">
         <path>/Users/rachitkakkar/Documents/root/Documents/College Work/ECE 319H/MSPM0_ValvanoWare/ECE319K_Lab9H/Debug/./</path>
         <kind>object</kind>
         <file>ST7735.o</file>
         <name>ST7735.o</name>
      </input_file>
      <input_file id="fl-9">
         <path>/Users/rachitkakkar/Documents/root/Documents/College Work/ECE 319H/MSPM0_ValvanoWare/ECE319K_Lab9H/Debug/./</path>
         <kind>object</kind>
         <file>SlidePot.o</file>
         <name>SlidePot.o</name>
      </input_file>
      <input_file id="fl-a">
         <path>/Users/rachitkakkar/Documents/root/Documents/College Work/ECE 319H/MSPM0_ValvanoWare/ECE319K_Lab9H/Debug/./</path>
         <kind>object</kind>
         <file>SmallFont.o</file>
         <name>SmallFont.o</name>
      </input_file>
      <input_file id="fl-b">
         <path>/Users/rachitkakkar/Documents/root/Documents/College Work/ECE 319H/MSPM0_ValvanoWare/ECE319K_Lab9H/Debug/./</path>
         <kind>object</kind>
         <file>Sound.o</file>
         <name>Sound.o</name>
      </input_file>
      <input_file id="fl-c">
         <path>/Users/rachitkakkar/Documents/root/Documents/College Work/ECE 319H/MSPM0_ValvanoWare/ECE319K_Lab9H/Debug/./</path>
         <kind>object</kind>
         <file>Switch.o</file>
         <name>Switch.o</name>
      </input_file>
      <input_file id="fl-d">
         <path>/Users/rachitkakkar/Documents/root/Documents/College Work/ECE 319H/MSPM0_ValvanoWare/ECE319K_Lab9H/Debug/./</path>
         <kind>object</kind>
         <file>TExaS.o</file>
         <name>TExaS.o</name>
      </input_file>
      <input_file id="fl-e">
         <path>/Users/rachitkakkar/Documents/root/Documents/College Work/ECE 319H/MSPM0_ValvanoWare/ECE319K_Lab9H/Debug/./</path>
         <kind>object</kind>
         <file>Timer.o</file>
         <name>Timer.o</name>
      </input_file>
      <input_file id="fl-f">
         <path>/Users/rachitkakkar/Documents/root/Documents/College Work/ECE 319H/MSPM0_ValvanoWare/ECE319K_Lab9H/Debug/./images/pipedreams/</path>
         <kind>object</kind>
         <file>PipeSound.o</file>
         <name>PipeSound.o</name>
      </input_file>
      <input_file id="fl-10">
         <path>/Users/rachitkakkar/Documents/root/Documents/College Work/ECE 319H/MSPM0_ValvanoWare/ECE319K_Lab9H/Debug/./ticlang/</path>
         <kind>object</kind>
         <file>startup_mspm0g3507_ticlang.o</file>
         <name>startup_mspm0g3507_ticlang.o</name>
      </input_file>
      <input_file id="fl-1c">
         <path>/Users/rachitkakkar/Documents/root/Documents/College Work/ECE 319H/MSPM0_ValvanoWare/ECE319K_Lab9H/Debug/</path>
         <kind>object</kind>
         <file>&lt;internal&gt;</file>
         <name>&lt;internal&gt;</name>
      </input_file>
      <input_file id="fl-33">
         <path>/Applications/ti/ccs2040/ccs/tools/compiler/ti-cgt-armllvm_4.0.4.LTS/lib/armv6m-ti-none-eabi/c/</path>
         <kind>archive</kind>
         <file>libc.a</file>
         <name>fopen.c.obj</name>
      </input_file>
      <input_file id="fl-34">
         <path>/Applications/ti/ccs2040/ccs/tools/compiler/ti-cgt-armllvm_4.0.4.LTS/lib/armv6m-ti-none-eabi/c/</path>
         <kind>archive</kind>
         <file>libc.a</file>
         <name>setvbuf.c.obj</name>
      </input_file>
      <input_file id="fl-35">
         <path>/Applications/ti/ccs2040/ccs/tools/compiler/ti-cgt-armllvm_4.0.4.LTS/lib/armv6m-ti-none-eabi/c/</path>
         <kind>archive</kind>
         <file>libc.a</file>
         <name>aeabi_portable.c.obj</name>
      </input_file>
      <input_file id="fl-36">
         <path>/Applications/ti/ccs2040/ccs/tools/compiler/ti-cgt-armllvm_4.0.4.LTS/lib/armv6m-ti-none-eabi/c/</path>
         <kind>archive</kind>
         <file>libc.a</file>
         <name>exit.c.obj</name>
      </input_file>
      <input_file id="fl-37">
         <path>/Applications/ti/ccs2040/ccs/tools/compiler/ti-cgt-armllvm_4.0.4.LTS/lib/armv6m-ti-none-eabi/c/</path>
         <kind>archive</kind>
         <file>libc.a</file>
         <name>_lock.c.obj</name>
      </input_file>
      <input_file id="fl-38">
         <path>/Applications/ti/ccs2040/ccs/tools/compiler/ti-cgt-armllvm_4.0.4.LTS/lib/armv6m-ti-none-eabi/c/</path>
         <kind>archive</kind>
         <file>libc.a</file>
         <name>assert.c.obj</name>
      </input_file>
      <input_file id="fl-39">
         <path>/Applications/ti/ccs2040/ccs/tools/compiler/ti-cgt-armllvm_4.0.4.LTS/lib/armv6m-ti-none-eabi/c/</path>
         <kind>archive</kind>
         <file>libc.a</file>
         <name>defs.c.obj</name>
      </input_file>
      <input_file id="fl-3a">
         <path>/Applications/ti/ccs2040/ccs/tools/compiler/ti-cgt-armllvm_4.0.4.LTS/lib/armv6m-ti-none-eabi/c/</path>
         <kind>archive</kind>
         <file>libc.a</file>
         <name>memory.c.obj</name>
      </input_file>
      <input_file id="fl-3b">
         <path>/Applications/ti/ccs2040/ccs/tools/compiler/ti-cgt-armllvm_4.0.4.LTS/lib/armv6m-ti-none-eabi/c/</path>
         <kind>archive</kind>
         <file>libc.a</file>
         <name>boot_cortex_m.c.obj</name>
      </input_file>
      <input_file id="fl-3c">
         <path>/Applications/ti/ccs2040/ccs/tools/compiler/ti-cgt-armllvm_4.0.4.LTS/lib/armv6m-ti-none-eabi/c/</path>
         <kind>archive</kind>
         <file>libc.a</file>
         <name>mathacl_init.c.obj</name>
      </input_file>
      <input_file id="fl-3d">
         <path>/Applications/ti/ccs2040/ccs/tools/compiler/ti-cgt-armllvm_4.0.4.LTS/lib/armv6m-ti-none-eabi/c/</path>
         <kind>archive</kind>
         <file>libc.a</file>
         <name>autoinit.c.obj</name>
      </input_file>
      <input_file id="fl-3e">
         <path>/Applications/ti/ccs2040/ccs/tools/compiler/ti-cgt-armllvm_4.0.4.LTS/lib/armv6m-ti-none-eabi/c/</path>
         <kind>archive</kind>
         <file>libc.a</file>
         <name>pre_init.c.obj</name>
      </input_file>
      <input_file id="fl-3f">
         <path>/Applications/ti/ccs2040/ccs/tools/compiler/ti-cgt-armllvm_4.0.4.LTS/lib/armv6m-ti-none-eabi/c/</path>
         <kind>archive</kind>
         <file>libc.a</file>
         <name>cpy_tbl.c.obj</name>
      </input_file>
      <input_file id="fl-40">
         <path>/Applications/ti/ccs2040/ccs/tools/compiler/ti-cgt-armllvm_4.0.4.LTS/lib/armv6m-ti-none-eabi/c/</path>
         <kind>archive</kind>
         <file>libc.a</file>
         <name>copy_zero_init.c.obj</name>
      </input_file>
      <input_file id="fl-41">
         <path>/Applications/ti/ccs2040/ccs/tools/compiler/ti-cgt-armllvm_4.0.4.LTS/lib/armv6m-ti-none-eabi/c/</path>
         <kind>archive</kind>
         <file>libc.a</file>
         <name>copy_decompress_none.c.obj</name>
      </input_file>
      <input_file id="fl-42">
         <path>/Applications/ti/ccs2040/ccs/tools/compiler/ti-cgt-armllvm_4.0.4.LTS/lib/armv6m-ti-none-eabi/c/</path>
         <kind>archive</kind>
         <file>libc.a</file>
         <name>copy_decompress_lzss.c.obj</name>
      </input_file>
      <input_file id="fl-43">
         <path>/Applications/ti/ccs2040/ccs/tools/compiler/ti-cgt-armllvm_4.0.4.LTS/lib/armv6m-ti-none-eabi/c/</path>
         <kind>archive</kind>
         <file>libc.a</file>
         <name>sprintf.c.obj</name>
      </input_file>
      <input_file id="fl-44">
         <path>/Applications/ti/ccs2040/ccs/tools/compiler/ti-cgt-armllvm_4.0.4.LTS/lib/armv6m-ti-none-eabi/c/</path>
         <kind>archive</kind>
         <file>libc.a</file>
         <name>fclose.c.obj</name>
      </input_file>
      <input_file id="fl-45">
         <path>/Applications/ti/ccs2040/ccs/tools/compiler/ti-cgt-armllvm_4.0.4.LTS/lib/armv6m-ti-none-eabi/c/</path>
         <kind>archive</kind>
         <file>libc.a</file>
         <name>fflush.c.obj</name>
      </input_file>
      <input_file id="fl-46">
         <path>/Applications/ti/ccs2040/ccs/tools/compiler/ti-cgt-armllvm_4.0.4.LTS/lib/armv6m-ti-none-eabi/c/</path>
         <kind>archive</kind>
         <file>libc.a</file>
         <name>fputs.c.obj</name>
      </input_file>
      <input_file id="fl-47">
         <path>/Applications/ti/ccs2040/ccs/tools/compiler/ti-cgt-armllvm_4.0.4.LTS/lib/armv6m-ti-none-eabi/c/</path>
         <kind>archive</kind>
         <file>libc.a</file>
         <name>_io_perm.c.obj</name>
      </input_file>
      <input_file id="fl-48">
         <path>/Applications/ti/ccs2040/ccs/tools/compiler/ti-cgt-armllvm_4.0.4.LTS/lib/armv6m-ti-none-eabi/c/</path>
         <kind>archive</kind>
         <file>libc.a</file>
         <name>args_main.c.obj</name>
      </input_file>
      <input_file id="fl-49">
         <path>/Applications/ti/ccs2040/ccs/tools/compiler/ti-cgt-armllvm_4.0.4.LTS/lib/armv6m-ti-none-eabi/c/</path>
         <kind>archive</kind>
         <file>libc.a</file>
         <name>_printfi.c.obj</name>
      </input_file>
      <input_file id="fl-4a">
         <path>/Applications/ti/ccs2040/ccs/tools/compiler/ti-cgt-armllvm_4.0.4.LTS/lib/armv6m-ti-none-eabi/c/</path>
         <kind>archive</kind>
         <file>libc.a</file>
         <name>fseek.c.obj</name>
      </input_file>
      <input_file id="fl-4b">
         <path>/Applications/ti/ccs2040/ccs/tools/compiler/ti-cgt-armllvm_4.0.4.LTS/lib/armv6m-ti-none-eabi/c/</path>
         <kind>archive</kind>
         <file>libc.a</file>
         <name>_ltoa.c.obj</name>
      </input_file>
      <input_file id="fl-4c">
         <path>/Applications/ti/ccs2040/ccs/tools/compiler/ti-cgt-armllvm_4.0.4.LTS/lib/armv6m-ti-none-eabi/c/</path>
         <kind>archive</kind>
         <file>libc.a</file>
         <name>atoi.c.obj</name>
      </input_file>
      <input_file id="fl-4d">
         <path>/Applications/ti/ccs2040/ccs/tools/compiler/ti-cgt-armllvm_4.0.4.LTS/lib/armv6m-ti-none-eabi/c/</path>
         <kind>archive</kind>
         <file>libc.a</file>
         <name>memccpy.c.obj</name>
      </input_file>
      <input_file id="fl-4e">
         <path>/Applications/ti/ccs2040/ccs/tools/compiler/ti-cgt-armllvm_4.0.4.LTS/lib/armv6m-ti-none-eabi/c/</path>
         <kind>archive</kind>
         <file>libc.a</file>
         <name>s_frexp.c.obj</name>
      </input_file>
      <input_file id="fl-4f">
         <path>/Applications/ti/ccs2040/ccs/tools/compiler/ti-cgt-armllvm_4.0.4.LTS/lib/armv6m-ti-none-eabi/c/</path>
         <kind>archive</kind>
         <file>libc.a</file>
         <name>s_scalbn.c.obj</name>
      </input_file>
      <input_file id="fl-50">
         <path>/Applications/ti/ccs2040/ccs/tools/compiler/ti-cgt-armllvm_4.0.4.LTS/lib/armv6m-ti-none-eabi/c/</path>
         <kind>archive</kind>
         <file>libc.a</file>
         <name>wcslen.c.obj</name>
      </input_file>
      <input_file id="fl-51">
         <path>/Applications/ti/ccs2040/ccs/tools/compiler/ti-cgt-armllvm_4.0.4.LTS/lib/armv6m-ti-none-eabi/c/</path>
         <kind>archive</kind>
         <file>libc.a</file>
         <name>aeabi_ctype.S.obj</name>
      </input_file>
      <input_file id="fl-f1">
         <path>/Applications/ti/ccs2040/ccs/tools/compiler/ti-cgt-armllvm_4.0.4.LTS/lib/armv6m-ti-none-eabi/c/</path>
         <kind>archive</kind>
         <file>libsysbm.a</file>
         <name>hostexit.c.obj</name>
      </input_file>
      <input_file id="fl-f2">
         <path>/Applications/ti/ccs2040/ccs/tools/compiler/ti-cgt-armllvm_4.0.4.LTS/lib/armv6m-ti-none-eabi/c/</path>
         <kind>archive</kind>
         <file>libsysbm.a</file>
         <name>write.c.obj</name>
      </input_file>
      <input_file id="fl-f3">
         <path>/Applications/ti/ccs2040/ccs/tools/compiler/ti-cgt-armllvm_4.0.4.LTS/lib/armv6m-ti-none-eabi/c/</path>
         <kind>archive</kind>
         <file>libsysbm.a</file>
         <name>host_device.c.obj</name>
      </input_file>
      <input_file id="fl-f4">
         <path>/Applications/ti/ccs2040/ccs/tools/compiler/ti-cgt-armllvm_4.0.4.LTS/lib/armv6m-ti-none-eabi/c/</path>
         <kind>archive</kind>
         <file>libsysbm.a</file>
         <name>remove.c.obj</name>
      </input_file>
      <input_file id="fl-f5">
         <path>/Applications/ti/ccs2040/ccs/tools/compiler/ti-cgt-armllvm_4.0.4.LTS/lib/armv6m-ti-none-eabi/c/</path>
         <kind>archive</kind>
         <file>libsysbm.a</file>
         <name>open.c.obj</name>
      </input_file>
      <input_file id="fl-f6">
         <path>/Applications/ti/ccs2040/ccs/tools/compiler/ti-cgt-armllvm_4.0.4.LTS/lib/armv6m-ti-none-eabi/c/</path>
         <kind>archive</kind>
         <file>libsysbm.a</file>
         <name>lseek.c.obj</name>
      </input_file>
      <input_file id="fl-f7">
         <path>/Applications/ti/ccs2040/ccs/tools/compiler/ti-cgt-armllvm_4.0.4.LTS/lib/armv6m-ti-none-eabi/c/</path>
         <kind>archive</kind>
         <file>libsysbm.a</file>
         <name>close.c.obj</name>
      </input_file>
      <input_file id="fl-f8">
         <path>/Applications/ti/ccs2040/ccs/tools/compiler/ti-cgt-armllvm_4.0.4.LTS/lib/armv6m-ti-none-eabi/c/</path>
         <kind>archive</kind>
         <file>libsysbm.a</file>
         <name>add_device.c.obj</name>
      </input_file>
      <input_file id="fl-f9">
         <path>/Applications/ti/ccs2040/ccs/tools/compiler/ti-cgt-armllvm_4.0.4.LTS/lib/armv6m-ti-none-eabi/c/</path>
         <kind>archive</kind>
         <file>libsysbm.a</file>
         <name>unlink.c.obj</name>
      </input_file>
      <input_file id="fl-fa">
         <path>/Applications/ti/ccs2040/ccs/tools/compiler/ti-cgt-armllvm_4.0.4.LTS/lib/armv6m-ti-none-eabi/c/</path>
         <kind>archive</kind>
         <file>libsysbm.a</file>
         <name>hostclose.c.obj</name>
      </input_file>
      <input_file id="fl-fb">
         <path>/Applications/ti/ccs2040/ccs/tools/compiler/ti-cgt-armllvm_4.0.4.LTS/lib/armv6m-ti-none-eabi/c/</path>
         <kind>archive</kind>
         <file>libsysbm.a</file>
         <name>hostlseek.c.obj</name>
      </input_file>
      <input_file id="fl-fc">
         <path>/Applications/ti/ccs2040/ccs/tools/compiler/ti-cgt-armllvm_4.0.4.LTS/lib/armv6m-ti-none-eabi/c/</path>
         <kind>archive</kind>
         <file>libsysbm.a</file>
         <name>hostopen.c.obj</name>
      </input_file>
      <input_file id="fl-fd">
         <path>/Applications/ti/ccs2040/ccs/tools/compiler/ti-cgt-armllvm_4.0.4.LTS/lib/armv6m-ti-none-eabi/c/</path>
         <kind>archive</kind>
         <file>libsysbm.a</file>
         <name>hostread.c.obj</name>
      </input_file>
      <input_file id="fl-fe">
         <path>/Applications/ti/ccs2040/ccs/tools/compiler/ti-cgt-armllvm_4.0.4.LTS/lib/armv6m-ti-none-eabi/c/</path>
         <kind>archive</kind>
         <file>libsysbm.a</file>
         <name>hostrename.c.obj</name>
      </input_file>
      <input_file id="fl-ff">
         <path>/Applications/ti/ccs2040/ccs/tools/compiler/ti-cgt-armllvm_4.0.4.LTS/lib/armv6m-ti-none-eabi/c/</path>
         <kind>archive</kind>
         <file>libsysbm.a</file>
         <name>hostunlink.c.obj</name>
      </input_file>
      <input_file id="fl-100">
         <path>/Applications/ti/ccs2040/ccs/tools/compiler/ti-cgt-armllvm_4.0.4.LTS/lib/armv6m-ti-none-eabi/c/</path>
         <kind>archive</kind>
         <file>libsysbm.a</file>
         <name>hostwrite.c.obj</name>
      </input_file>
      <input_file id="fl-101">
         <path>/Applications/ti/ccs2040/ccs/tools/compiler/ti-cgt-armllvm_4.0.4.LTS/lib/armv6m-ti-none-eabi/c/</path>
         <kind>archive</kind>
         <file>libsysbm.a</file>
         <name>trgmsg.c.obj</name>
      </input_file>
      <input_file id="fl-102">
         <path>/Applications/ti/ccs2040/ccs/tools/compiler/ti-cgt-armllvm_4.0.4.LTS/lib/armv6m-ti-none-eabi/</path>
         <kind>archive</kind>
         <file>libclang_rt.builtins.a</file>
         <name>adddf3.S.obj</name>
      </input_file>
      <input_file id="fl-103">
         <path>/Applications/ti/ccs2040/ccs/tools/compiler/ti-cgt-armllvm_4.0.4.LTS/lib/armv6m-ti-none-eabi/</path>
         <kind>archive</kind>
         <file>libclang_rt.builtins.a</file>
         <name>muldf3.S.obj</name>
      </input_file>
      <input_file id="fl-104">
         <path>/Applications/ti/ccs2040/ccs/tools/compiler/ti-cgt-armllvm_4.0.4.LTS/lib/armv6m-ti-none-eabi/</path>
         <kind>archive</kind>
         <file>libclang_rt.builtins.a</file>
         <name>muldsi3.S.obj</name>
      </input_file>
      <input_file id="fl-105">
         <path>/Applications/ti/ccs2040/ccs/tools/compiler/ti-cgt-armllvm_4.0.4.LTS/lib/armv6m-ti-none-eabi/</path>
         <kind>archive</kind>
         <file>libclang_rt.builtins.a</file>
         <name>divdf3.S.obj</name>
      </input_file>
      <input_file id="fl-106">
         <path>/Applications/ti/ccs2040/ccs/tools/compiler/ti-cgt-armllvm_4.0.4.LTS/lib/armv6m-ti-none-eabi/</path>
         <kind>archive</kind>
         <file>libclang_rt.builtins.a</file>
         <name>fixdfsi.S.obj</name>
      </input_file>
      <input_file id="fl-107">
         <path>/Applications/ti/ccs2040/ccs/tools/compiler/ti-cgt-armllvm_4.0.4.LTS/lib/armv6m-ti-none-eabi/</path>
         <kind>archive</kind>
         <file>libclang_rt.builtins.a</file>
         <name>floatsidf.S.obj</name>
      </input_file>
      <input_file id="fl-108">
         <path>/Applications/ti/ccs2040/ccs/tools/compiler/ti-cgt-armllvm_4.0.4.LTS/lib/armv6m-ti-none-eabi/</path>
         <kind>archive</kind>
         <file>libclang_rt.builtins.a</file>
         <name>floatunsidf.S.obj</name>
      </input_file>
      <input_file id="fl-109">
         <path>/Applications/ti/ccs2040/ccs/tools/compiler/ti-cgt-armllvm_4.0.4.LTS/lib/armv6m-ti-none-eabi/</path>
         <kind>archive</kind>
         <file>libclang_rt.builtins.a</file>
         <name>muldi3.S.obj</name>
      </input_file>
      <input_file id="fl-10a">
         <path>/Applications/ti/ccs2040/ccs/tools/compiler/ti-cgt-armllvm_4.0.4.LTS/lib/armv6m-ti-none-eabi/</path>
         <kind>archive</kind>
         <file>libclang_rt.builtins.a</file>
         <name>truncdfsf2.S.obj</name>
      </input_file>
      <input_file id="fl-10b">
         <path>/Applications/ti/ccs2040/ccs/tools/compiler/ti-cgt-armllvm_4.0.4.LTS/lib/armv6m-ti-none-eabi/</path>
         <kind>archive</kind>
         <file>libclang_rt.builtins.a</file>
         <name>aeabi_dcmp.S.obj</name>
      </input_file>
      <input_file id="fl-10c">
         <path>/Applications/ti/ccs2040/ccs/tools/compiler/ti-cgt-armllvm_4.0.4.LTS/lib/armv6m-ti-none-eabi/</path>
         <kind>archive</kind>
         <file>libclang_rt.builtins.a</file>
         <name>aeabi_idivmod.S.obj</name>
      </input_file>
      <input_file id="fl-10d">
         <path>/Applications/ti/ccs2040/ccs/tools/compiler/ti-cgt-armllvm_4.0.4.LTS/lib/armv6m-ti-none-eabi/</path>
         <kind>archive</kind>
         <file>libclang_rt.builtins.a</file>
         <name>aeabi_memcpy.S.obj</name>
      </input_file>
      <input_file id="fl-10e">
         <path>/Applications/ti/ccs2040/ccs/tools/compiler/ti-cgt-armllvm_4.0.4.LTS/lib/armv6m-ti-none-eabi/</path>
         <kind>archive</kind>
         <file>libclang_rt.builtins.a</file>
         <name>aeabi_memset.S.obj</name>
      </input_file>
      <input_file id="fl-10f">
         <path>/Applications/ti/ccs2040/ccs/tools/compiler/ti-cgt-armllvm_4.0.4.LTS/lib/armv6m-ti-none-eabi/</path>
         <kind>archive</kind>
         <file>libclang_rt.builtins.a</file>
         <name>aeabi_uidivmod.S.obj</name>
      </input_file>
      <input_file id="fl-110">
         <path>/Applications/ti/ccs2040/ccs/tools/compiler/ti-cgt-armllvm_4.0.4.LTS/lib/armv6m-ti-none-eabi/</path>
         <kind>archive</kind>
         <file>libclang_rt.builtins.a</file>
         <name>aeabi_uldivmod.S.obj</name>
      </input_file>
      <input_file id="fl-111">
         <path>/Applications/ti/ccs2040/ccs/tools/compiler/ti-cgt-armllvm_4.0.4.LTS/lib/armv6m-ti-none-eabi/</path>
         <kind>archive</kind>
         <file>libclang_rt.builtins.a</file>
         <name>udivmoddi4.S.obj</name>
      </input_file>
      <input_file id="fl-112">
         <path>/Applications/ti/ccs2040/ccs/tools/compiler/ti-cgt-armllvm_4.0.4.LTS/lib/armv6m-ti-none-eabi/</path>
         <kind>archive</kind>
         <file>libclang_rt.builtins.a</file>
         <name>ashldi3.S.obj</name>
      </input_file>
      <input_file id="fl-113">
         <path>/Applications/ti/ccs2040/ccs/tools/compiler/ti-cgt-armllvm_4.0.4.LTS/lib/armv6m-ti-none-eabi/</path>
         <kind>archive</kind>
         <file>libclang_rt.builtins.a</file>
         <name>comparedf2.c.obj</name>
      </input_file>
      <input_file id="fl-114">
         <path>/Applications/ti/ccs2040/ccs/tools/compiler/ti-cgt-armllvm_4.0.4.LTS/lib/armv6m-ti-none-eabi/</path>
         <kind>archive</kind>
         <file>libclang_rt.builtins.a</file>
         <name>aeabi_div0.c.obj</name>
      </input_file>
      <input_file id="fl-115">
         <path>/Applications/ti/ccs2040/ccs/tools/compiler/ti-cgt-armllvm_4.0.4.LTS/lib/armv6m-ti-none-eabi/c/</path>
         <kind>archive</kind>
         <file>libc.a</file>
         <name>getdevice.c.obj</name>
      </input_file>
      <input_file id="fl-116">
         <path>/Applications/ti/ccs2040/ccs/tools/compiler/ti-cgt-armllvm_4.0.4.LTS/lib/armv6m-ti-none-eabi/c/</path>
         <kind>archive</kind>
         <file>libc.a</file>
         <name>memcpy16.S.obj</name>
      </input_file>
      <input_file id="fl-117">
         <path>/Applications/ti/ccs2040/ccs/tools/compiler/ti-cgt-armllvm_4.0.4.LTS/lib/armv6m-ti-none-eabi/c/</path>
         <kind>archive</kind>
         <file>libc.a</file>
         <name>memset16.S.obj</name>
      </input_file>
      <input_file id="fl-118">
         <path>/Applications/ti/ccs2040/ccs/tools/compiler/ti-cgt-armllvm_4.0.4.LTS/lib/armv6m-ti-none-eabi/c/</path>
         <kind>archive</kind>
         <file>libc.a</file>
         <name>strcmp-armv6m.S.obj</name>
      </input_file>
   </input_file_list>
   <object_component_list>
      <object_component id="oc-18">
         <name>.intvecs</name>
         <load_address>0x0</load_address>
         <readonly>true</readonly>
         <run_address>0x0</run_address>
         <size>0xc0</size>
         <alignment>0x4</alignment>
         <input_file_ref idref="fl-10"/>
      </object_component>
      <object_component id="oc-e5">
         <name>.text._ZN11Application10Draw_GraphERK12Oscilliscope</name>
         <load_address>0xc0</load_address>
         <readonly>true</readonly>
         <executable>true</executable>
         <run_address>0xc0</run_address>
         <size>0x2a0</size>
         <alignment>0x4</alignment>
         <input_file_ref idref="fl-6"/>
      </object_component>
      <object_component id="oc-15a">
         <name>.text._Z17ST7735_DrawBitmapssPKtss</name>
         <load_address>0x360</load_address>
         <readonly>true</readonly>
         <executable>true</executable>
         <run_address>0x360</run_address>
         <size>0x210</size>
         <alignment>0x4</alignment>
         <input_file_ref idref="fl-8"/>
      </object_component>
      <object_component id="oc-10f">
         <name>.text._Z15Clock_Init80MHzi</name>
         <load_address>0x570</load_address>
         <readonly>true</readonly>
         <executable>true</executable>
         <run_address>0x570</run_address>
         <size>0x1b4</size>
         <alignment>0x4</alignment>
         <input_file_ref idref="fl-1"/>
      </object_component>
      <object_component id="oc-1ae">
         <name>.text._Z16ST7735_DrawCharSsscssh</name>
         <load_address>0x724</load_address>
         <readonly>true</readonly>
         <executable>true</executable>
         <run_address>0x724</run_address>
         <size>0x1a0</size>
         <alignment>0x4</alignment>
         <input_file_ref idref="fl-8"/>
      </object_component>
      <object_component id="oc-18e">
         <name>.text._openfile</name>
         <load_address>0x8c4</load_address>
         <readonly>true</readonly>
         <executable>true</executable>
         <run_address>0x8c4</run_address>
         <size>0x154</size>
         <alignment>0x4</alignment>
         <input_file_ref idref="fl-33"/>
      </object_component>
      <object_component id="oc-d0">
         <name>.text._ZN11Application9Draw_GridEv</name>
         <load_address>0xa18</load_address>
         <readonly>true</readonly>
         <executable>true</executable>
         <run_address>0xa18</run_address>
         <size>0x142</size>
         <alignment>0x2</alignment>
         <input_file_ref idref="fl-6"/>
      </object_component>
      <object_component id="oc-1a2">
         <name>.text.__aeabi_idiv0</name>
         <load_address>0xb5a</load_address>
         <readonly>true</readonly>
         <executable>true</executable>
         <run_address>0xb5a</run_address>
         <size>0x2</size>
         <alignment>0x2</alignment>
         <input_file_ref idref="fl-114"/>
      </object_component>
      <object_component id="oc-142">
         <name>.text._Z8ADC_InitP10ADC12_Regsjj</name>
         <load_address>0xb5c</load_address>
         <readonly>true</readonly>
         <executable>true</executable>
         <run_address>0xb5c</run_address>
         <size>0x128</size>
         <alignment>0x4</alignment>
         <input_file_ref idref="fl-d"/>
      </object_component>
      <object_component id="oc-136">
         <name>.text._Z15ST7735_FillRectsssst</name>
         <load_address>0xc84</load_address>
         <readonly>true</readonly>
         <executable>true</executable>
         <run_address>0xc84</run_address>
         <size>0x118</size>
         <alignment>0x4</alignment>
         <input_file_ref idref="fl-8"/>
      </object_component>
      <object_component id="oc-201">
         <name>.text.aligned_alloc</name>
         <load_address>0xd9c</load_address>
         <readonly>true</readonly>
         <executable>true</executable>
         <run_address>0xd9c</run_address>
         <size>0x114</size>
         <alignment>0x4</alignment>
         <input_file_ref idref="fl-3a"/>
      </object_component>
      <object_component id="oc-1bd">
         <name>.text._Z8SPI_Initv</name>
         <load_address>0xeb0</load_address>
         <readonly>true</readonly>
         <executable>true</executable>
         <run_address>0xeb0</run_address>
         <size>0xf8</size>
         <alignment>0x4</alignment>
         <input_file_ref idref="fl-7"/>
      </object_component>
      <object_component id="oc-118">
         <name>.text.add_device</name>
         <load_address>0xfa8</load_address>
         <readonly>true</readonly>
         <executable>true</executable>
         <run_address>0xfa8</run_address>
         <size>0xec</size>
         <alignment>0x4</alignment>
         <input_file_ref idref="fl-f8"/>
      </object_component>
      <object_component id="oc-144">
         <name>.text._Z9UART_Initv</name>
         <load_address>0x1094</load_address>
         <readonly>true</readonly>
         <executable>true</executable>
         <run_address>0x1094</run_address>
         <size>0xe8</size>
         <alignment>0x4</alignment>
         <input_file_ref idref="fl-d"/>
      </object_component>
      <object_component id="oc-197">
         <name>.text.free</name>
         <load_address>0x117c</load_address>
         <readonly>true</readonly>
         <executable>true</executable>
         <run_address>0x117c</run_address>
         <size>0xe8</size>
         <alignment>0x4</alignment>
         <input_file_ref idref="fl-3a"/>
      </object_component>
      <object_component id="oc-123">
         <name>.text.setvbuf</name>
         <load_address>0x1264</load_address>
         <readonly>true</readonly>
         <executable>true</executable>
         <run_address>0x1264</run_address>
         <size>0xe0</size>
         <alignment>0x4</alignment>
         <input_file_ref idref="fl-34"/>
      </object_component>
      <object_component id="oc-155">
         <name>.text._Z14ST7735_OutCharc</name>
         <load_address>0x1344</load_address>
         <readonly>true</readonly>
         <executable>true</executable>
         <run_address>0x1344</run_address>
         <size>0xd0</size>
         <alignment>0x4</alignment>
         <input_file_ref idref="fl-8"/>
      </object_component>
      <object_component id="oc-9f">
         <name>.text.main</name>
         <load_address>0x1414</load_address>
         <readonly>true</readonly>
         <executable>true</executable>
         <run_address>0x1414</run_address>
         <size>0xcc</size>
         <alignment>0x4</alignment>
         <input_file_ref idref="fl-4"/>
      </object_component>
      <object_component id="oc-107">
         <name>.text._ZN11Application8Fix_GridEjj</name>
         <load_address>0x14e0</load_address>
         <readonly>true</readonly>
         <executable>true</executable>
         <run_address>0x14e0</run_address>
         <size>0xc8</size>
         <alignment>0x2</alignment>
         <input_file_ref idref="fl-6"/>
      </object_component>
      <object_component id="oc-47">
         <name>.text.TIMG12_IRQHandler</name>
         <load_address>0x15a8</load_address>
         <readonly>true</readonly>
         <executable>true</executable>
         <run_address>0x15a8</run_address>
         <size>0xb0</size>
         <alignment>0x4</alignment>
         <input_file_ref idref="fl-4"/>
      </object_component>
      <object_component id="oc-13a">
         <name>.text._Z20ST7735_DrawFastHLinessst</name>
         <load_address>0x1658</load_address>
         <readonly>true</readonly>
         <executable>true</executable>
         <run_address>0x1658</run_address>
         <size>0xb0</size>
         <alignment>0x4</alignment>
         <input_file_ref idref="fl-8"/>
      </object_component>
      <object_component id="oc-13b">
         <name>.text._Z20ST7735_DrawFastVLinessst</name>
         <load_address>0x1708</load_address>
         <readonly>true</readonly>
         <executable>true</executable>
         <run_address>0x1708</run_address>
         <size>0xb0</size>
         <alignment>0x4</alignment>
         <input_file_ref idref="fl-8"/>
      </object_component>
      <object_component id="oc-df">
         <name>.text._Z14TimerG6_IntArmtjj</name>
         <load_address>0x17b8</load_address>
         <readonly>true</readonly>
         <executable>true</executable>
         <run_address>0x17b8</run_address>
         <size>0xa8</size>
         <alignment>0x4</alignment>
         <input_file_ref idref="fl-e"/>
      </object_component>
      <object_component id="oc-14a">
         <name>.text._Z14TimerG7_IntArmtjj</name>
         <load_address>0x1860</load_address>
         <readonly>true</readonly>
         <executable>true</executable>
         <run_address>0x1860</run_address>
         <size>0xa8</size>
         <alignment>0x4</alignment>
         <input_file_ref idref="fl-e"/>
      </object_component>
      <object_component id="oc-172">
         <name>.text._ZL11commandListPKh</name>
         <load_address>0x1908</load_address>
         <readonly>true</readonly>
         <executable>true</executable>
         <run_address>0x1908</run_address>
         <size>0xa2</size>
         <alignment>0x2</alignment>
         <input_file_ref idref="fl-8"/>
      </object_component>
      <object_component id="oc-1b4">
         <name>.text._nop</name>
         <load_address>0x19aa</load_address>
         <readonly>true</readonly>
         <executable>true</executable>
         <run_address>0x19aa</run_address>
         <size>0x2</size>
         <alignment>0x2</alignment>
         <input_file_ref idref="fl-37"/>
      </object_component>
      <object_component id="oc-ca">
         <name>.text._Z17ST7735_InitPrintf10initRFlags</name>
         <load_address>0x19ac</load_address>
         <readonly>true</readonly>
         <executable>true</executable>
         <run_address>0x19ac</run_address>
         <size>0xa0</size>
         <alignment>0x4</alignment>
         <input_file_ref idref="fl-8"/>
      </object_component>
      <object_component id="oc-1e9">
         <name>.text.open</name>
         <load_address>0x1a4c</load_address>
         <readonly>true</readonly>
         <executable>true</executable>
         <run_address>0x1a4c</run_address>
         <size>0xa0</size>
         <alignment>0x4</alignment>
         <input_file_ref idref="fl-f5"/>
      </object_component>
      <object_component id="oc-117">
         <name>.text._Z12ST7735_InitR10initRFlags</name>
         <load_address>0x1aec</load_address>
         <readonly>true</readonly>
         <executable>true</executable>
         <run_address>0x1aec</run_address>
         <size>0x98</size>
         <alignment>0x4</alignment>
         <input_file_ref idref="fl-8"/>
      </object_component>
      <object_component id="oc-e4">
         <name>.text._Z15TimerG12_IntArmjj</name>
         <load_address>0x1b84</load_address>
         <readonly>true</readonly>
         <executable>true</executable>
         <run_address>0x1b84</run_address>
         <size>0x94</size>
         <alignment>0x4</alignment>
         <input_file_ref idref="fl-e"/>
      </object_component>
      <object_component id="oc-1a1">
         <name>.text._ZL13setAddrWindowhhhh</name>
         <load_address>0x1c18</load_address>
         <readonly>true</readonly>
         <executable>true</executable>
         <run_address>0x1c18</run_address>
         <size>0x88</size>
         <alignment>0x4</alignment>
         <input_file_ref idref="fl-8"/>
      </object_component>
      <object_component id="oc-1c1">
         <name>.text:strcmp</name>
         <load_address>0x1ca0</load_address>
         <readonly>true</readonly>
         <executable>true</executable>
         <run_address>0x1ca0</run_address>
         <size>0x88</size>
         <alignment>0x10</alignment>
         <input_file_ref idref="fl-118"/>
      </object_component>
      <object_component id="oc-154">
         <name>.text._Z14ST7735_OutUDecj</name>
         <load_address>0x1d28</load_address>
         <readonly>true</readonly>
         <executable>true</executable>
         <run_address>0x1d28</run_address>
         <size>0x84</size>
         <alignment>0x4</alignment>
         <input_file_ref idref="fl-8"/>
      </object_component>
      <object_component id="oc-1ad">
         <name>.text._Z17ST7735_DrawStringttPcs</name>
         <load_address>0x1dac</load_address>
         <readonly>true</readonly>
         <executable>true</executable>
         <run_address>0x1dac</run_address>
         <size>0x84</size>
         <alignment>0x2</alignment>
         <input_file_ref idref="fl-8"/>
      </object_component>
      <object_component id="oc-3d">
         <name>.text.TIMG6_IRQHandler</name>
         <load_address>0x1e30</load_address>
         <readonly>true</readonly>
         <executable>true</executable>
         <run_address>0x1e30</run_address>
         <size>0x7c</size>
         <alignment>0x4</alignment>
         <input_file_ref idref="fl-4"/>
      </object_component>
      <object_component id="oc-c5">
         <name>.text._Z14LaunchPad_Initv</name>
         <load_address>0x1eac</load_address>
         <readonly>true</readonly>
         <executable>true</executable>
         <run_address>0x1eac</run_address>
         <size>0x7c</size>
         <alignment>0x4</alignment>
         <input_file_ref idref="fl-5"/>
      </object_component>
      <object_component id="oc-d6">
         <name>.text._ZN12Oscilliscope4InitEv</name>
         <load_address>0x1f28</load_address>
         <readonly>true</readonly>
         <executable>true</executable>
         <run_address>0x1f28</run_address>
         <size>0x7c</size>
         <alignment>0x4</alignment>
         <input_file_ref idref="fl-6"/>
      </object_component>
      <object_component id="oc-d1">
         <name>.text._ZN8SlidePot4InitEv</name>
         <load_address>0x1fa4</load_address>
         <readonly>true</readonly>
         <executable>true</executable>
         <run_address>0x1fa4</run_address>
         <size>0x7c</size>
         <alignment>0x4</alignment>
         <input_file_ref idref="fl-9"/>
      </object_component>
      <object_component id="oc-191">
         <name>.text.__TI_closefile</name>
         <load_address>0x2020</load_address>
         <readonly>true</readonly>
         <executable>true</executable>
         <run_address>0x2020</run_address>
         <size>0x7c</size>
         <alignment>0x4</alignment>
         <input_file_ref idref="fl-44"/>
      </object_component>
      <object_component id="oc-1c">
         <name>.text:decompress:lzss</name>
         <load_address>0x209c</load_address>
         <readonly>true</readonly>
         <executable>true</executable>
         <run_address>0x209c</run_address>
         <size>0x7c</size>
         <alignment>0x4</alignment>
         <input_file_ref idref="fl-42"/>
      </object_component>
      <object_component id="oc-86">
         <name>.text._Z9Switch_Inv</name>
         <load_address>0x2118</load_address>
         <readonly>true</readonly>
         <executable>true</executable>
         <run_address>0x2118</run_address>
         <size>0x78</size>
         <alignment>0x4</alignment>
         <input_file_ref idref="fl-c"/>
      </object_component>
      <object_component id="oc-8c">
         <name>.text._ZN6Cursor4MoveEiR11Application</name>
         <load_address>0x2190</load_address>
         <readonly>true</readonly>
         <executable>true</executable>
         <run_address>0x2190</run_address>
         <size>0x76</size>
         <alignment>0x2</alignment>
         <input_file_ref idref="fl-6"/>
      </object_component>
      <object_component id="oc-b7">
         <name>.text._ZN6Cursor5EraseER11Application</name>
         <load_address>0x2206</load_address>
         <readonly>true</readonly>
         <executable>true</executable>
         <run_address>0x2206</run_address>
         <size>0x74</size>
         <alignment>0x2</alignment>
         <input_file_ref idref="fl-6"/>
      </object_component>
      <object_component id="oc-151">
         <name>.text._Z16ST7735_DrawPixelsst</name>
         <load_address>0x227c</load_address>
         <readonly>true</readonly>
         <executable>true</executable>
         <run_address>0x227c</run_address>
         <size>0x70</size>
         <alignment>0x4</alignment>
         <input_file_ref idref="fl-8"/>
      </object_component>
      <object_component id="oc-1d7">
         <name>.text.HOSTlseek</name>
         <load_address>0x22ec</load_address>
         <readonly>true</readonly>
         <executable>true</executable>
         <run_address>0x22ec</run_address>
         <size>0x6c</size>
         <alignment>0x4</alignment>
         <input_file_ref idref="fl-fb"/>
      </object_component>
      <object_component id="oc-1df">
         <name>.text.HOSTrename</name>
         <load_address>0x2358</load_address>
         <readonly>true</readonly>
         <executable>true</executable>
         <run_address>0x2358</run_address>
         <size>0x6c</size>
         <alignment>0x4</alignment>
         <input_file_ref idref="fl-fe"/>
      </object_component>
      <object_component id="oc-226">
         <name>.text.getdevice</name>
         <load_address>0x23c4</load_address>
         <readonly>true</readonly>
         <executable>true</executable>
         <run_address>0x23c4</run_address>
         <size>0x6c</size>
         <alignment>0x4</alignment>
         <input_file_ref idref="fl-115"/>
      </object_component>
      <object_component id="oc-23d">
         <name>.text.split</name>
         <load_address>0x2430</load_address>
         <readonly>true</readonly>
         <executable>true</executable>
         <run_address>0x2430</run_address>
         <size>0x64</size>
         <alignment>0x4</alignment>
         <input_file_ref idref="fl-3a"/>
      </object_component>
      <object_component id="oc-1c7">
         <name>.text.HOSTopen</name>
         <load_address>0x2494</load_address>
         <readonly>true</readonly>
         <executable>true</executable>
         <run_address>0x2494</run_address>
         <size>0x60</size>
         <alignment>0x4</alignment>
         <input_file_ref idref="fl-fc"/>
      </object_component>
      <object_component id="oc-141">
         <name>.text._Z9DAC5_Initv</name>
         <load_address>0x24f4</load_address>
         <readonly>true</readonly>
         <executable>true</executable>
         <run_address>0x24f4</run_address>
         <size>0x5c</size>
         <alignment>0x4</alignment>
         <input_file_ref idref="fl-2"/>
      </object_component>
      <object_component id="oc-e6">
         <name>.text._ZN6Cursor4DrawEv</name>
         <load_address>0x2550</load_address>
         <readonly>true</readonly>
         <executable>true</executable>
         <run_address>0x2550</run_address>
         <size>0x5c</size>
         <alignment>0x4</alignment>
         <input_file_ref idref="fl-6"/>
      </object_component>
      <object_component id="oc-1cf">
         <name>.text.HOSTread</name>
         <load_address>0x25ac</load_address>
         <readonly>true</readonly>
         <executable>true</executable>
         <run_address>0x25ac</run_address>
         <size>0x58</size>
         <alignment>0x4</alignment>
         <input_file_ref idref="fl-fd"/>
      </object_component>
      <object_component id="oc-1d3">
         <name>.text.HOSTwrite</name>
         <load_address>0x2604</load_address>
         <readonly>true</readonly>
         <executable>true</executable>
         <run_address>0x2604</run_address>
         <size>0x58</size>
         <alignment>0x4</alignment>
         <input_file_ref idref="fl-100"/>
      </object_component>
      <object_component id="oc-de">
         <name>.text._Z10TExaS_InitP10ADC12_RegsjPFhvE</name>
         <load_address>0x265c</load_address>
         <readonly>true</readonly>
         <executable>true</executable>
         <run_address>0x265c</run_address>
         <size>0x58</size>
         <alignment>0x4</alignment>
         <input_file_ref idref="fl-d"/>
      </object_component>
      <object_component id="oc-14d">
         <name>.text.__aeabi_idivmod</name>
         <load_address>0x26b4</load_address>
         <readonly>true</readonly>
         <executable>true</executable>
         <run_address>0x26b4</run_address>
         <size>0x56</size>
         <alignment>0x4</alignment>
         <input_file_ref idref="fl-10c"/>
      </object_component>
      <object_component id="oc-1ac">
         <name>.text._Z11fillmessagej</name>
         <load_address>0x270c</load_address>
         <readonly>true</readonly>
         <executable>true</executable>
         <run_address>0x270c</run_address>
         <size>0x54</size>
         <alignment>0x4</alignment>
         <input_file_ref idref="fl-8"/>
      </object_component>
      <object_component id="oc-f7">
         <name>.text:__TI_auto_init_nobinit</name>
         <load_address>0x2760</load_address>
         <readonly>true</readonly>
         <executable>true</executable>
         <run_address>0x2760</run_address>
         <size>0x54</size>
         <alignment>0x4</alignment>
         <input_file_ref idref="fl-3d"/>
      </object_component>
      <object_component id="oc-1ed">
         <name>.text.__TI_doflush</name>
         <load_address>0x27b4</load_address>
         <readonly>true</readonly>
         <executable>true</executable>
         <run_address>0x27b4</run_address>
         <size>0x52</size>
         <alignment>0x2</alignment>
         <input_file_ref idref="fl-45"/>
      </object_component>
      <object_component id="oc-dd">
         <name>.text._Z10Sound_Initv</name>
         <load_address>0x2808</load_address>
         <readonly>true</readonly>
         <executable>true</executable>
         <run_address>0x2808</run_address>
         <size>0x50</size>
         <alignment>0x4</alignment>
         <input_file_ref idref="fl-b"/>
      </object_component>
      <object_component id="oc-7e">
         <name>.text._ZN12Oscilliscope10Add_SampleEj</name>
         <load_address>0x2858</load_address>
         <readonly>true</readonly>
         <executable>true</executable>
         <run_address>0x2858</run_address>
         <size>0x50</size>
         <alignment>0x4</alignment>
         <input_file_ref idref="fl-6"/>
      </object_component>
      <object_component id="oc-1f3">
         <name>.text.close</name>
         <load_address>0x28a8</load_address>
         <readonly>true</readonly>
         <executable>true</executable>
         <run_address>0x28a8</run_address>
         <size>0x50</size>
         <alignment>0x4</alignment>
         <input_file_ref idref="fl-f7"/>
      </object_component>
      <object_component id="oc-1cb">
         <name>.text.HOSTclose</name>
         <load_address>0x28f8</load_address>
         <readonly>true</readonly>
         <executable>true</executable>
         <run_address>0x28f8</run_address>
         <size>0x48</size>
         <alignment>0x4</alignment>
         <input_file_ref idref="fl-fa"/>
      </object_component>
      <object_component id="oc-1db">
         <name>.text.HOSTunlink</name>
         <load_address>0x2940</load_address>
         <readonly>true</readonly>
         <executable>true</executable>
         <run_address>0x2940</run_address>
         <size>0x48</size>
         <alignment>0x4</alignment>
         <input_file_ref idref="fl-ff"/>
      </object_component>
      <object_component id="oc-173">
         <name>.text._Z14SPI_OutCommandc</name>
         <load_address>0x2988</load_address>
         <readonly>true</readonly>
         <executable>true</executable>
         <run_address>0x2988</run_address>
         <size>0x48</size>
         <alignment>0x4</alignment>
         <input_file_ref idref="fl-7"/>
      </object_component>
      <object_component id="oc-79">
         <name>.text._ZN12Oscilliscope2InEv</name>
         <load_address>0x29d0</load_address>
         <readonly>true</readonly>
         <executable>true</executable>
         <run_address>0x29d0</run_address>
         <size>0x48</size>
         <alignment>0x4</alignment>
         <input_file_ref idref="fl-6"/>
      </object_component>
      <object_component id="oc-42">
         <name>.text.TIMG7_IRQHandler</name>
         <load_address>0x2a18</load_address>
         <readonly>true</readonly>
         <executable>true</executable>
         <run_address>0x2a18</run_address>
         <size>0x40</size>
         <alignment>0x4</alignment>
         <input_file_ref idref="fl-d"/>
      </object_component>
      <object_component id="oc-206">
         <name>.text._Z9SPI_Resetv</name>
         <load_address>0x2a58</load_address>
         <readonly>true</readonly>
         <executable>true</executable>
         <run_address>0x2a58</run_address>
         <size>0x40</size>
         <alignment>0x4</alignment>
         <input_file_ref idref="fl-7"/>
      </object_component>
      <object_component id="oc-146">
         <name>.text.__aeabi_uidivmod</name>
         <load_address>0x2a98</load_address>
         <readonly>true</readonly>
         <executable>true</executable>
         <run_address>0x2a98</run_address>
         <size>0x40</size>
         <alignment>0x4</alignment>
         <input_file_ref idref="fl-10f"/>
      </object_component>
      <object_component id="oc-18d">
         <name>.text._search_fp</name>
         <load_address>0x2ad8</load_address>
         <readonly>true</readonly>
         <executable>true</executable>
         <run_address>0x2ad8</run_address>
         <size>0x40</size>
         <alignment>0x4</alignment>
         <input_file_ref idref="fl-33"/>
      </object_component>
      <object_component id="oc-38">
         <name>.text.SysTick_Handler</name>
         <load_address>0x2b18</load_address>
         <readonly>true</readonly>
         <executable>true</executable>
         <run_address>0x2b18</run_address>
         <size>0x38</size>
         <alignment>0x4</alignment>
         <input_file_ref idref="fl-b"/>
      </object_component>
      <object_component id="oc-178">
         <name>.text._Z11SPI_OutDatac</name>
         <load_address>0x2b50</load_address>
         <readonly>true</readonly>
         <executable>true</executable>
         <run_address>0x2b50</run_address>
         <size>0x38</size>
         <alignment>0x4</alignment>
         <input_file_ref idref="fl-7"/>
      </object_component>
      <object_component id="oc-114">
         <name>.text._Z15ActivatePortA_Bv</name>
         <load_address>0x2b88</load_address>
         <readonly>true</readonly>
         <executable>true</executable>
         <run_address>0x2b88</run_address>
         <size>0x38</size>
         <alignment>0x4</alignment>
         <input_file_ref idref="fl-5"/>
      </object_component>
      <object_component id="oc-12a">
         <name>.text._Z12ST7735_writeiPKcj</name>
         <load_address>0x2bc0</load_address>
         <readonly>true</readonly>
         <executable>true</executable>
         <run_address>0x2bc0</run_address>
         <size>0x34</size>
         <alignment>0x2</alignment>
         <input_file_ref idref="fl-8"/>
      </object_component>
      <object_component id="oc-1be">
         <name>.text._Z14Clock_Delay1msj</name>
         <load_address>0x2bf4</load_address>
         <readonly>true</readonly>
         <executable>true</executable>
         <run_address>0x2bf4</run_address>
         <size>0x34</size>
         <alignment>0x4</alignment>
         <input_file_ref idref="fl-1"/>
      </object_component>
      <object_component id="oc-152">
         <name>.text._Z16ST7735_SetCursorjj</name>
         <load_address>0x2c28</load_address>
         <readonly>true</readonly>
         <executable>true</executable>
         <run_address>0x2c28</run_address>
         <size>0x34</size>
         <alignment>0x4</alignment>
         <input_file_ref idref="fl-8"/>
      </object_component>
      <object_component id="oc-d8">
         <name>.text._Z8LED_Initv</name>
         <load_address>0x2c5c</load_address>
         <readonly>true</readonly>
         <executable>true</executable>
         <run_address>0x2c5c</run_address>
         <size>0x34</size>
         <alignment>0x4</alignment>
         <input_file_ref idref="fl-3"/>
      </object_component>
      <object_component id="oc-19a">
         <name>.text.__TI_cleanup</name>
         <load_address>0x2c90</load_address>
         <readonly>true</readonly>
         <executable>true</executable>
         <run_address>0x2c90</run_address>
         <size>0x34</size>
         <alignment>0x4</alignment>
         <input_file_ref idref="fl-33"/>
      </object_component>
      <object_component id="oc-20e">
         <name>.text.__TI_readmsg</name>
         <load_address>0x2cc4</load_address>
         <readonly>true</readonly>
         <executable>true</executable>
         <run_address>0x2cc4</run_address>
         <size>0x34</size>
         <alignment>0x4</alignment>
         <input_file_ref idref="fl-101"/>
      </object_component>
      <object_component id="oc-208">
         <name>.text.__TI_writemsg</name>
         <load_address>0x2cf8</load_address>
         <readonly>true</readonly>
         <executable>true</executable>
         <run_address>0x2cf8</run_address>
         <size>0x34</size>
         <alignment>0x4</alignment>
         <input_file_ref idref="fl-101"/>
      </object_component>
      <object_component id="oc-ef">
         <name>.text.exit</name>
         <load_address>0x2d2c</load_address>
         <readonly>true</readonly>
         <executable>true</executable>
         <run_address>0x2d2c</run_address>
         <size>0x34</size>
         <alignment>0x4</alignment>
         <input_file_ref idref="fl-36"/>
      </object_component>
      <object_component id="oc-181">
         <name>.text.finddevice</name>
         <load_address>0x2d60</load_address>
         <readonly>true</readonly>
         <executable>true</executable>
         <run_address>0x2d60</run_address>
         <size>0x34</size>
         <alignment>0x4</alignment>
         <input_file_ref idref="fl-115"/>
      </object_component>
      <object_component id="oc-122">
         <name>.text.freopen</name>
         <load_address>0x2d94</load_address>
         <readonly>true</readonly>
         <executable>true</executable>
         <run_address>0x2d94</run_address>
         <size>0x34</size>
         <alignment>0x4</alignment>
         <input_file_ref idref="fl-33"/>
      </object_component>
      <object_component id="oc-139">
         <name>.text._Z15ST7735_Color565hhh</name>
         <load_address>0x2dc8</load_address>
         <readonly>true</readonly>
         <executable>true</executable>
         <run_address>0x2dc8</run_address>
         <size>0x32</size>
         <alignment>0x2</alignment>
         <input_file_ref idref="fl-8"/>
      </object_component>
      <object_component id="oc-171">
         <name>.text._ZL10commonInitPKh</name>
         <load_address>0x2dfc</load_address>
         <readonly>true</readonly>
         <executable>true</executable>
         <run_address>0x2dfc</run_address>
         <size>0x30</size>
         <alignment>0x4</alignment>
         <input_file_ref idref="fl-8"/>
      </object_component>
      <object_component id="oc-11c">
         <name>.text.fopen</name>
         <load_address>0x2e2c</load_address>
         <readonly>true</readonly>
         <executable>true</executable>
         <run_address>0x2e2c</run_address>
         <size>0x30</size>
         <alignment>0x4</alignment>
         <input_file_ref idref="fl-33"/>
      </object_component>
      <object_component id="oc-cf">
         <name>.text._Z17ST7735_FillScreent</name>
         <load_address>0x2e5c</load_address>
         <readonly>true</readonly>
         <executable>true</executable>
         <run_address>0x2e5c</run_address>
         <size>0x2c</size>
         <alignment>0x4</alignment>
         <input_file_ref idref="fl-8"/>
      </object_component>
      <object_component id="oc-70">
         <name>.text._Z8DAC5_Outj</name>
         <load_address>0x2e88</load_address>
         <readonly>true</readonly>
         <executable>true</executable>
         <run_address>0x2e88</run_address>
         <size>0x2c</size>
         <alignment>0x4</alignment>
         <input_file_ref idref="fl-2"/>
      </object_component>
      <object_component id="oc-104">
         <name>.text._ZN12OscilliscopeC2Ev</name>
         <load_address>0x2eb4</load_address>
         <readonly>true</readonly>
         <executable>true</executable>
         <run_address>0x2eb4</run_address>
         <size>0x2c</size>
         <alignment>0x4</alignment>
         <input_file_ref idref="fl-6"/>
      </object_component>
      <object_component id="oc-235">
         <name>.text.unlink</name>
         <load_address>0x2ee0</load_address>
         <readonly>true</readonly>
         <executable>true</executable>
         <run_address>0x2ee0</run_address>
         <size>0x2c</size>
         <alignment>0x4</alignment>
         <input_file_ref idref="fl-f9"/>
      </object_component>
      <object_component id="oc-d7">
         <name>.text._Z11Switch_Initv</name>
         <load_address>0x2f0c</load_address>
         <readonly>true</readonly>
         <executable>true</executable>
         <run_address>0x2f0c</run_address>
         <size>0x28</size>
         <alignment>0x4</alignment>
         <input_file_ref idref="fl-c"/>
      </object_component>
      <object_component id="oc-143">
         <name>.text._Z9ADC_StartP10ADC12_Regs</name>
         <load_address>0x2f34</load_address>
         <readonly>true</readonly>
         <executable>true</executable>
         <run_address>0x2f34</run_address>
         <size>0x28</size>
         <alignment>0x4</alignment>
         <input_file_ref idref="fl-d"/>
      </object_component>
      <object_component id="oc-200">
         <name>.text.free_list_insert</name>
         <load_address>0x2f5c</load_address>
         <readonly>true</readonly>
         <executable>true</executable>
         <run_address>0x2f5c</run_address>
         <size>0x28</size>
         <alignment>0x4</alignment>
         <input_file_ref idref="fl-3a"/>
      </object_component>
      <object_component id="oc-22c">
         <name>.text.write</name>
         <load_address>0x2f84</load_address>
         <readonly>true</readonly>
         <executable>true</executable>
         <run_address>0x2f84</run_address>
         <size>0x28</size>
         <alignment>0x4</alignment>
         <input_file_ref idref="fl-f2"/>
      </object_component>
      <object_component id="oc-63">
         <name>.text:_c_int00_noargs</name>
         <load_address>0x2fac</load_address>
         <readonly>true</readonly>
         <executable>true</executable>
         <run_address>0x2fac</run_address>
         <size>0x28</size>
         <alignment>0x4</alignment>
         <input_file_ref idref="fl-3b"/>
      </object_component>
      <object_component id="oc-153">
         <name>.text._Z16ST7735_OutStringPc</name>
         <load_address>0x2fd4</load_address>
         <readonly>true</readonly>
         <executable>true</executable>
         <run_address>0x2fd4</run_address>
         <size>0x26</size>
         <alignment>0x2</alignment>
         <input_file_ref idref="fl-8"/>
      </object_component>
      <object_component id="oc-106">
         <name>.text._ZN6CursorC2Eii4Typei</name>
         <load_address>0x2ffa</load_address>
         <readonly>true</readonly>
         <executable>true</executable>
         <run_address>0x2ffa</run_address>
         <size>0x26</size>
         <alignment>0x2</alignment>
         <input_file_ref idref="fl-6"/>
      </object_component>
      <object_component id="oc-8b">
         <name>.text._Z11Sound_Pausev</name>
         <load_address>0x3020</load_address>
         <readonly>true</readonly>
         <executable>true</executable>
         <run_address>0x3020</run_address>
         <size>0x24</size>
         <alignment>0x4</alignment>
         <input_file_ref idref="fl-b"/>
      </object_component>
      <object_component id="oc-b5">
         <name>.text._Z11Sound_StartPKhj</name>
         <load_address>0x3044</load_address>
         <readonly>true</readonly>
         <executable>true</executable>
         <run_address>0x3044</run_address>
         <size>0x24</size>
         <alignment>0x4</alignment>
         <input_file_ref idref="fl-b"/>
      </object_component>
      <object_component id="oc-8d">
         <name>.text._Z16Sound_CursorMovev</name>
         <load_address>0x3068</load_address>
         <readonly>true</readonly>
         <executable>true</executable>
         <run_address>0x3068</run_address>
         <size>0x24</size>
         <alignment>0x4</alignment>
         <input_file_ref idref="fl-b"/>
      </object_component>
      <object_component id="oc-1a9">
         <name>.text._ZL9pushColort</name>
         <load_address>0x308c</load_address>
         <readonly>true</readonly>
         <executable>true</executable>
         <run_address>0x308c</run_address>
         <size>0x1e</size>
         <alignment>0x2</alignment>
         <input_file_ref idref="fl-8"/>
      </object_component>
      <object_component id="oc-36">
         <name>.text.Default_Handler</name>
         <load_address>0x30ac</load_address>
         <readonly>true</readonly>
         <executable>true</executable>
         <run_address>0x30ac</run_address>
         <size>0x1c</size>
         <alignment>0x4</alignment>
         <input_file_ref idref="fl-10"/>
      </object_component>
      <object_component id="oc-37">
         <name>.text.HardFault_Handler</name>
         <load_address>0x30c8</load_address>
         <readonly>true</readonly>
         <executable>true</executable>
         <run_address>0x30c8</run_address>
         <size>0x1c</size>
         <alignment>0x4</alignment>
         <input_file_ref idref="fl-10"/>
      </object_component>
      <object_component id="oc-ad">
         <name>.text.__cxx_global_var_init.3</name>
         <load_address>0x30e4</load_address>
         <readonly>true</readonly>
         <executable>true</executable>
         <run_address>0x30e4</run_address>
         <size>0x1c</size>
         <alignment>0x4</alignment>
         <input_file_ref idref="fl-4"/>
      </object_component>
      <object_component id="oc-ae">
         <name>.text.__cxx_global_var_init.4</name>
         <load_address>0x3100</load_address>
         <readonly>true</readonly>
         <executable>true</executable>
         <run_address>0x3100</run_address>
         <size>0x1c</size>
         <alignment>0x4</alignment>
         <input_file_ref idref="fl-4"/>
      </object_component>
      <object_component id="oc-1fe">
         <name>.text.free_list_remove</name>
         <load_address>0x311c</load_address>
         <readonly>true</readonly>
         <executable>true</executable>
         <run_address>0x311c</run_address>
         <size>0x1c</size>
         <alignment>0x4</alignment>
         <input_file_ref idref="fl-3a"/>
      </object_component>
      <object_component id="oc-6a">
         <name>.text._GLOBAL__sub_I_Lab9HMain.cpp</name>
         <load_address>0x3138</load_address>
         <readonly>true</readonly>
         <executable>true</executable>
         <run_address>0x3138</run_address>
         <size>0x18</size>
         <alignment>0x2</alignment>
         <input_file_ref idref="fl-4"/>
      </object_component>
      <object_component id="oc-aa">
         <name>.text.__cxx_global_var_init</name>
         <load_address>0x3150</load_address>
         <readonly>true</readonly>
         <executable>true</executable>
         <run_address>0x3150</run_address>
         <size>0x18</size>
         <alignment>0x4</alignment>
         <input_file_ref idref="fl-4"/>
      </object_component>
      <object_component id="oc-12d">
         <name>.text._Z11ST7735_openPKcji</name>
         <load_address>0x3168</load_address>
         <readonly>true</readonly>
         <executable>true</executable>
         <run_address>0x3168</run_address>
         <size>0x16</size>
         <alignment>0x2</alignment>
         <input_file_ref idref="fl-8"/>
      </object_component>
      <object_component id="oc-12b">
         <name>.text._Z11ST7735_readiPcj</name>
         <load_address>0x317e</load_address>
         <readonly>true</readonly>
         <executable>true</executable>
         <run_address>0x317e</run_address>
         <size>0x16</size>
         <alignment>0x2</alignment>
         <input_file_ref idref="fl-8"/>
      </object_component>
      <object_component id="oc-103">
         <name>.text._ZN8SlidePotC2Ejj</name>
         <load_address>0x3194</load_address>
         <readonly>true</readonly>
         <executable>true</executable>
         <run_address>0x3194</run_address>
         <size>0x16</size>
         <alignment>0x2</alignment>
         <input_file_ref idref="fl-9"/>
      </object_component>
      <object_component id="oc-5a">
         <name>.text:decompress:ZI:__TI_zero_init_nomemset</name>
         <load_address>0x31aa</load_address>
         <readonly>true</readonly>
         <executable>true</executable>
         <run_address>0x31aa</run_address>
         <size>0x16</size>
         <alignment>0x2</alignment>
         <input_file_ref idref="fl-40"/>
      </object_component>
      <object_component id="oc-105">
         <name>.text._ZN11ApplicationC2Ev</name>
         <load_address>0x31c0</load_address>
         <readonly>true</readonly>
         <executable>true</executable>
         <run_address>0x31c0</run_address>
         <size>0x12</size>
         <alignment>0x2</alignment>
         <input_file_ref idref="fl-6"/>
      </object_component>
      <object_component id="oc-ba">
         <name>.text:TI_memcpy_small</name>
         <load_address>0x31d2</load_address>
         <readonly>true</readonly>
         <executable>true</executable>
         <run_address>0x31d2</run_address>
         <size>0x12</size>
         <alignment>0x1</alignment>
         <input_file_ref idref="fl-116"/>
      </object_component>
      <object_component id="oc-20">
         <name>.text:decompress:none</name>
         <load_address>0x31e4</load_address>
         <readonly>true</readonly>
         <executable>true</executable>
         <run_address>0x31e4</run_address>
         <size>0x12</size>
         <alignment>0x2</alignment>
         <input_file_ref idref="fl-41"/>
      </object_component>
      <object_component id="oc-13c">
         <name>.text._Z11Clock_Delayj</name>
         <load_address>0x31f6</load_address>
         <readonly>true</readonly>
         <executable>true</executable>
         <run_address>0x31f6</run_address>
         <size>0x10</size>
         <alignment>0x2</alignment>
         <input_file_ref idref="fl-1"/>
      </object_component>
      <object_component id="oc-e8">
         <name>.text._Z28TExaS_LaunchPadLogicPB27PB26v</name>
         <load_address>0x3208</load_address>
         <readonly>true</readonly>
         <executable>true</executable>
         <run_address>0x3208</run_address>
         <size>0x10</size>
         <alignment>0x4</alignment>
         <input_file_ref idref="fl-4"/>
      </object_component>
      <object_component id="oc-ab">
         <name>.text.__cxx_global_var_init.1</name>
         <load_address>0x3218</load_address>
         <readonly>true</readonly>
         <executable>true</executable>
         <run_address>0x3218</run_address>
         <size>0x10</size>
         <alignment>0x4</alignment>
         <input_file_ref idref="fl-4"/>
      </object_component>
      <object_component id="oc-ac">
         <name>.text.__cxx_global_var_init.2</name>
         <load_address>0x3228</load_address>
         <readonly>true</readonly>
         <executable>true</executable>
         <run_address>0x3228</run_address>
         <size>0x10</size>
         <alignment>0x4</alignment>
         <input_file_ref idref="fl-4"/>
      </object_component>
      <object_component id="oc-1ff">
         <name>.text.OUTLINED_FUNCTION_0</name>
         <load_address>0x3238</load_address>
         <readonly>true</readonly>
         <executable>true</executable>
         <run_address>0x3238</run_address>
         <size>0xe</size>
         <alignment>0x2</alignment>
         <input_file_ref idref="fl-3a"/>
      </object_component>
      <object_component id="oc-129">
         <name>.text._Z12ST7735_lseekili</name>
         <load_address>0x3246</load_address>
         <readonly>true</readonly>
         <executable>true</executable>
         <run_address>0x3246</run_address>
         <size>0xe</size>
         <alignment>0x2</alignment>
         <input_file_ref idref="fl-8"/>
      </object_component>
      <object_component id="oc-222">
         <name>.text.strcpy</name>
         <load_address>0x3254</load_address>
         <readonly>true</readonly>
         <executable>true</executable>
         <run_address>0x3254</run_address>
         <size>0xe</size>
         <alignment>0x2</alignment>
         <input_file_ref idref="fl-fe"/>
      </object_component>
      <object_component id="oc-223">
         <name>.text.strlen</name>
         <load_address>0x3262</load_address>
         <readonly>true</readonly>
         <executable>true</executable>
         <run_address>0x3262</run_address>
         <size>0xe</size>
         <alignment>0x2</alignment>
         <input_file_ref idref="fl-fe"/>
      </object_component>
      <object_component id="oc-109">
         <name>.text:TI_memset_small</name>
         <load_address>0x3270</load_address>
         <readonly>true</readonly>
         <executable>true</executable>
         <run_address>0x3270</run_address>
         <size>0xe</size>
         <alignment>0x1</alignment>
         <input_file_ref idref="fl-117"/>
      </object_component>
      <object_component id="oc-145">
         <name>.text._Z10Clock_Freqv</name>
         <load_address>0x3280</load_address>
         <readonly>true</readonly>
         <executable>true</executable>
         <run_address>0x3280</run_address>
         <size>0xc</size>
         <alignment>0x4</alignment>
         <input_file_ref idref="fl-1"/>
      </object_component>
      <object_component id="oc-127">
         <name>.text._Z13ST7735_renamePKcS0_</name>
         <load_address>0x328c</load_address>
         <readonly>true</readonly>
         <executable>true</executable>
         <run_address>0x328c</run_address>
         <size>0xc</size>
         <alignment>0x2</alignment>
         <input_file_ref idref="fl-8"/>
      </object_component>
      <object_component id="oc-96">
         <name>.text.__aeabi_memclr</name>
         <load_address>0x3298</load_address>
         <readonly>true</readonly>
         <executable>true</executable>
         <run_address>0x3298</run_address>
         <size>0xc</size>
         <alignment>0x4</alignment>
         <input_file_ref idref="fl-10e"/>
      </object_component>
      <object_component id="oc-199">
         <name>.text.malloc</name>
         <load_address>0x32a4</load_address>
         <readonly>true</readonly>
         <executable>true</executable>
         <run_address>0x32a4</run_address>
         <size>0xc</size>
         <alignment>0x2</alignment>
         <input_file_ref idref="fl-3a"/>
      </object_component>
      <object_component id="oc-12e">
         <name>.text._Z12ST7735_closei</name>
         <load_address>0x32b0</load_address>
         <readonly>true</readonly>
         <executable>true</executable>
         <run_address>0x32b0</run_address>
         <size>0xa</size>
         <alignment>0x2</alignment>
         <input_file_ref idref="fl-8"/>
      </object_component>
      <object_component id="oc-128">
         <name>.text._Z13ST7735_unlinkPKc</name>
         <load_address>0x32ba</load_address>
         <readonly>true</readonly>
         <executable>true</executable>
         <run_address>0x32ba</run_address>
         <size>0xa</size>
         <alignment>0x2</alignment>
         <input_file_ref idref="fl-8"/>
      </object_component>
      <object_component id="oc-c4">
         <name>.text._Z8PLL_Initv</name>
         <load_address>0x32c4</load_address>
         <readonly>true</readonly>
         <executable>true</executable>
         <run_address>0x32c4</run_address>
         <size>0xa</size>
         <alignment>0x2</alignment>
         <input_file_ref idref="fl-4"/>
      </object_component>
      <object_component id="oc-53">
         <name>.text.__aeabi_memcpy</name>
         <load_address>0x32d0</load_address>
         <readonly>true</readonly>
         <executable>true</executable>
         <run_address>0x32d0</run_address>
         <size>0x8</size>
         <alignment>0x4</alignment>
         <input_file_ref idref="fl-10d"/>
      </object_component>
      <object_component id="oc-1f7">
         <name>.text.remove</name>
         <load_address>0x32d8</load_address>
         <readonly>true</readonly>
         <executable>true</executable>
         <run_address>0x32d8</run_address>
         <size>0x8</size>
         <alignment>0x2</alignment>
         <input_file_ref idref="fl-f4"/>
      </object_component>
      <object_component id="oc-ea">
         <name>.text:abort</name>
         <load_address>0x32e0</load_address>
         <readonly>true</readonly>
         <executable>true</executable>
         <run_address>0x32e0</run_address>
         <size>0x6</size>
         <alignment>0x2</alignment>
         <input_file_ref idref="fl-36"/>
      </object_component>
      <object_component id="oc-15d">
         <name>.text.HOSTexit</name>
         <load_address>0x32e6</load_address>
         <readonly>true</readonly>
         <executable>true</executable>
         <run_address>0x32e6</run_address>
         <size>0x4</size>
         <alignment>0x2</alignment>
         <input_file_ref idref="fl-f1"/>
      </object_component>
      <object_component id="oc-32">
         <name>.text.Reset_Handler</name>
         <load_address>0x32ea</load_address>
         <readonly>true</readonly>
         <executable>true</executable>
         <run_address>0x32ea</run_address>
         <size>0x4</size>
         <alignment>0x2</alignment>
         <input_file_ref idref="fl-10"/>
      </object_component>
      <object_component id="oc-9b">
         <name>.text._system_pre_init</name>
         <load_address>0x32ee</load_address>
         <readonly>true</readonly>
         <executable>true</executable>
         <run_address>0x32ee</run_address>
         <size>0x4</size>
         <alignment>0x2</alignment>
         <input_file_ref idref="fl-3e"/>
      </object_component>
      <object_component id="oc-289">
         <name>.cinit..data.load</name>
         <load_address>0x5340</load_address>
         <readonly>true</readonly>
         <run_address>0x5340</run_address>
         <size>0x72</size>
         <alignment>0x1</alignment>
      </object_component>
      <object_component id="oc-287">
         <name>__TI_handler_table</name>
         <load_address>0x53b4</load_address>
         <readonly>true</readonly>
         <run_address>0x53b4</run_address>
         <size>0xc</size>
         <alignment>0x4</alignment>
      </object_component>
      <object_component id="oc-28a">
         <name>.cinit..bss.load</name>
         <load_address>0x53c0</load_address>
         <readonly>true</readonly>
         <run_address>0x53c0</run_address>
         <size>0x8</size>
         <alignment>0x4</alignment>
      </object_component>
      <object_component id="oc-288">
         <name>__TI_cinit_table</name>
         <load_address>0x53c8</load_address>
         <readonly>true</readonly>
         <run_address>0x53c8</run_address>
         <size>0x10</size>
         <alignment>0x4</alignment>
      </object_component>
      <object_component id="oc-b6">
         <name>.rodata._ZL11pause_sound</name>
         <load_address>0x3300</load_address>
         <readonly>true</readonly>
         <run_address>0x3300</run_address>
         <size>0xc38</size>
         <alignment>0x1</alignment>
         <input_file_ref idref="fl-b"/>
      </object_component>
      <object_component id="oc-b8">
         <name>.rodata._ZL17move_cursor_sound</name>
         <load_address>0x3f38</load_address>
         <readonly>true</readonly>
         <run_address>0x3f38</run_address>
         <size>0x9cf</size>
         <alignment>0x1</alignment>
         <input_file_ref idref="fl-b"/>
      </object_component>
      <object_component id="oc-205">
         <name>.rodata._ZL4Font</name>
         <load_address>0x4907</load_address>
         <readonly>true</readonly>
         <run_address>0x4907</run_address>
         <size>0x4fb</size>
         <alignment>0x1</alignment>
         <input_file_ref idref="fl-8"/>
      </object_component>
      <object_component id="oc-15b">
         <name>.rodata._ZL22vertical_orange_cursor</name>
         <load_address>0x4e02</load_address>
         <readonly>true</readonly>
         <run_address>0x4e02</run_address>
         <size>0x348</size>
         <alignment>0x2</alignment>
         <input_file_ref idref="fl-6"/>
      </object_component>
      <object_component id="oc-15c">
         <name>.rodata._ZL11PlayerShip0</name>
         <load_address>0x514a</load_address>
         <readonly>true</readonly>
         <run_address>0x514a</run_address>
         <size>0x120</size>
         <alignment>0x2</alignment>
         <input_file_ref idref="fl-6"/>
      </object_component>
      <object_component id="oc-179">
         <name>.rodata._ZL5Rcmd1</name>
         <load_address>0x526a</load_address>
         <readonly>true</readonly>
         <run_address>0x526a</run_address>
         <size>0x3b</size>
         <alignment>0x1</alignment>
         <input_file_ref idref="fl-8"/>
      </object_component>
      <object_component id="oc-17e">
         <name>.rodata._ZL5Rcmd3</name>
         <load_address>0x52a5</load_address>
         <readonly>true</readonly>
         <run_address>0x52a5</run_address>
         <size>0x2b</size>
         <alignment>0x1</alignment>
         <input_file_ref idref="fl-8"/>
      </object_component>
      <object_component id="oc-1b1">
         <name>.rodata.str1.14736978382213673245.1</name>
         <load_address>0x52d0</load_address>
         <readonly>true</readonly>
         <run_address>0x52d0</run_address>
[...]
         <object_component_ref idref="oc-ca"/>
      </symbol>
      <symbol id="sm-18b">
         <name>_ZN8SlidePot4InitEv</name>
         <value>0x1fa5</value>
         <object_component_ref idref="oc-d1"/>
      </symbol>
      <symbol id="sm-18c">
         <name>_ZN8SlidePotC2Ejj</name>
         <value>0x3195</value>
         <object_component_ref idref="oc-103"/>
      </symbol>
      <symbol id="sm-18d">
         <name>_ZN8SlidePotC1Ejj</name>
         <value>0x3195</value>
         <object_component_ref idref="oc-103"/>
      </symbol>
      <symbol id="sm-1a8">
         <name>_Z10Sound_Initv</name>
         <value>0x2809</value>
         <object_component_ref idref="oc-dd"/>
      </symbol>
      <symbol id="sm-1a9">
         <name>SysTick_Handler</name>
         <value>0x2b19</value>
         <object_component_ref idref="oc-38"/>
      </symbol>
      <symbol id="sm-1aa">
         <name>SoundCount</name>
         <value>0x2020060c</value>
         <object_component_ref idref="oc-75"/>
      </symbol>
      <symbol id="sm-1ab">
         <name>SoundPtr</name>
         <value>0x20200a18</value>
         <object_component_ref idref="oc-76"/>
      </symbol>
      <symbol id="sm-1ac">
         <name>_Z11Sound_StartPKhj</name>
         <value>0x3045</value>
         <object_component_ref idref="oc-b5"/>
      </symbol>
      <symbol id="sm-1ad">
         <name>_Z11Sound_Pausev</name>
         <value>0x3021</value>
         <object_component_ref idref="oc-8b"/>
      </symbol>
      <symbol id="sm-1ae">
         <name>_Z16Sound_CursorMovev</name>
         <value>0x3069</value>
         <object_component_ref idref="oc-8d"/>
      </symbol>
      <symbol id="sm-1bb">
         <name>_Z11Switch_Initv</name>
         <value>0x2f0d</value>
         <object_component_ref idref="oc-d7"/>
      </symbol>
      <symbol id="sm-1bc">
         <name>_Z9Switch_Inv</name>
         <value>0x2119</value>
         <object_component_ref idref="oc-86"/>
      </symbol>
      <symbol id="sm-1d2">
         <name>_Z8ADC_InitP10ADC12_Regsjj</name>
         <value>0xb5d</value>
         <object_component_ref idref="oc-142"/>
      </symbol>
      <symbol id="sm-1d3">
         <name>_Z9ADC_StartP10ADC12_Regs</name>
         <value>0x2f35</value>
         <object_component_ref idref="oc-143"/>
      </symbol>
      <symbol id="sm-1d4">
         <name>_Z9UART_Initv</name>
         <value>0x1095</value>
         <object_component_ref idref="oc-144"/>
      </symbol>
      <symbol id="sm-1d5">
         <name>TIMG7_IRQHandler</name>
         <value>0x2a19</value>
         <object_component_ref idref="oc-42"/>
      </symbol>
      <symbol id="sm-1d6">
         <name>TExaSadc</name>
         <value>0x20200a20</value>
         <object_component_ref idref="oc-82"/>
      </symbol>
      <symbol id="sm-1d7">
         <name>TExaSLogic</name>
         <value>0x20200a1c</value>
         <object_component_ref idref="oc-83"/>
      </symbol>
      <symbol id="sm-1d8">
         <name>_Z10TExaS_InitP10ADC12_RegsjPFhvE</name>
         <value>0x265d</value>
         <object_component_ref idref="oc-de"/>
      </symbol>
      <symbol id="sm-1e8">
         <name>_Z14TimerG7_IntArmtjj</name>
         <value>0x1861</value>
         <object_component_ref idref="oc-14a"/>
      </symbol>
      <symbol id="sm-1e9">
         <name>_Z14TimerG6_IntArmtjj</name>
         <value>0x17b9</value>
         <object_component_ref idref="oc-df"/>
      </symbol>
      <symbol id="sm-1ea">
         <name>_Z15TimerG12_IntArmjj</name>
         <value>0x1b85</value>
         <object_component_ref idref="oc-e4"/>
      </symbol>
      <symbol id="sm-1fc">
         <name>Default_Handler</name>
         <value>0x30ad</value>
         <object_component_ref idref="oc-36"/>
      </symbol>
      <symbol id="sm-1fd">
         <name>Reset_Handler</name>
         <value>0x32eb</value>
         <object_component_ref idref="oc-32"/>
      </symbol>
      <symbol id="sm-1fe">
         <name>HardFault_Handler</name>
         <value>0x30c9</value>
         <object_component_ref idref="oc-37"/>
      </symbol>
      <symbol id="sm-1ff">
         <name>interruptVectors</name>
         <value>0x0</value>
         <object_component_ref idref="oc-18"/>
      </symbol>
      <symbol id="sm-200">
         <name>NMI_Handler</name>
         <value>0x30ad</value>
         <object_component_ref idref="oc-36"/>
      </symbol>
      <symbol id="sm-201">
         <name>SVC_Handler</name>
         <value>0x30ad</value>
         <object_component_ref idref="oc-36"/>
      </symbol>
      <symbol id="sm-202">
         <name>PendSV_Handler</name>
         <value>0x30ad</value>
         <object_component_ref idref="oc-36"/>
      </symbol>
      <symbol id="sm-203">
         <name>GROUP0_IRQHandler</name>
         <value>0x30ad</value>
         <object_component_ref idref="oc-36"/>
      </symbol>
      <symbol id="sm-204">
         <name>GROUP1_IRQHandler</name>
         <value>0x30ad</value>
         <object_component_ref idref="oc-36"/>
      </symbol>
      <symbol id="sm-205">
         <name>TIMG8_IRQHandler</name>
         <value>0x30ad</value>
         <object_component_ref idref="oc-36"/>
      </symbol>
      <symbol id="sm-206">
         <name>UART3_IRQHandler</name>
         <value>0x30ad</value>
         <object_component_ref idref="oc-36"/>
      </symbol>
      <symbol id="sm-207">
         <name>ADC0_IRQHandler</name>
         <value>0x30ad</value>
         <object_component_ref idref="oc-36"/>
      </symbol>
      <symbol id="sm-208">
         <name>ADC1_IRQHandler</name>
         <value>0x30ad</value>
         <object_component_ref idref="oc-36"/>
      </symbol>
      <symbol id="sm-209">
         <name>CANFD0_IRQHandler</name>
         <value>0x30ad</value>
         <object_component_ref idref="oc-36"/>
      </symbol>
      <symbol id="sm-20a">
         <name>DAC0_IRQHandler</name>
         <value>0x30ad</value>
         <object_component_ref idref="oc-36"/>
      </symbol>
      <symbol id="sm-20b">
         <name>SPI0_IRQHandler</name>
         <value>0x30ad</value>
         <object_component_ref idref="oc-36"/>
      </symbol>
      <symbol id="sm-20c">
         <name>SPI1_IRQHandler</name>
         <value>0x30ad</value>
         <object_component_ref idref="oc-36"/>
      </symbol>
      <symbol id="sm-20d">
         <name>UART1_IRQHandler</name>
         <value>0x30ad</value>
         <object_component_ref idref="oc-36"/>
      </symbol>
      <symbol id="sm-20e">
         <name>UART2_IRQHandler</name>
         <value>0x30ad</value>
         <object_component_ref idref="oc-36"/>
      </symbol>
      <symbol id="sm-20f">
         <name>UART0_IRQHandler</name>
         <value>0x30ad</value>
         <object_component_ref idref="oc-36"/>
      </symbol>
      <symbol id="sm-210">
         <name>TIMG0_IRQHandler</name>
         <value>0x30ad</value>
         <object_component_ref idref="oc-36"/>
      </symbol>
      <symbol id="sm-211">
         <name>TIMA0_IRQHandler</name>
         <value>0x30ad</value>
         <object_component_ref idref="oc-36"/>
      </symbol>
      <symbol id="sm-212">
         <name>TIMA1_IRQHandler</name>
         <value>0x30ad</value>
         <object_component_ref idref="oc-36"/>
      </symbol>
      <symbol id="sm-213">
         <name>I2C0_IRQHandler</name>
         <value>0x30ad</value>
         <object_component_ref idref="oc-36"/>
      </symbol>
      <symbol id="sm-214">
         <name>I2C1_IRQHandler</name>
         <value>0x30ad</value>
         <object_component_ref idref="oc-36"/>
      </symbol>
      <symbol id="sm-215">
         <name>AES_IRQHandler</name>
         <value>0x30ad</value>
         <object_component_ref idref="oc-36"/>
      </symbol>
      <symbol id="sm-216">
         <name>RTC_IRQHandler</name>
         <value>0x30ad</value>
         <object_component_ref idref="oc-36"/>
      </symbol>
      <symbol id="sm-217">
         <name>DMA_IRQHandler</name>
         <value>0x30ad</value>
         <object_component_ref idref="oc-36"/>
      </symbol>
      <symbol id="sm-218">
         <name>__TI_ATRegion0_src_addr</name>
         <value>0x0</value>
      </symbol>
      <symbol id="sm-219">
         <name>__TI_ATRegion0_trg_addr</name>
         <value>0x0</value>
      </symbol>
      <symbol id="sm-21a">
         <name>__TI_ATRegion0_region_sz</name>
         <value>0x0</value>
      </symbol>
      <symbol id="sm-21b">
         <name>__TI_ATRegion1_src_addr</name>
         <value>0x0</value>
      </symbol>
      <symbol id="sm-21c">
         <name>__TI_ATRegion1_trg_addr</name>
         <value>0x0</value>
      </symbol>
      <symbol id="sm-21d">
         <name>__TI_ATRegion1_region_sz</name>
         <value>0x0</value>
      </symbol>
      <symbol id="sm-21e">
         <name>__TI_ATRegion2_src_addr</name>
         <value>0x0</value>
      </symbol>
      <symbol id="sm-21f">
         <name>__TI_ATRegion2_trg_addr</name>
         <value>0x0</value>
      </symbol>
      <symbol id="sm-220">
         <name>__TI_ATRegion2_region_sz</name>
         <value>0x0</value>
      </symbol>
      <symbol id="sm-239">
         <name>fopen</name>
         <value>0x2e2d</value>
         <object_component_ref idref="oc-11c"/>
      </symbol>
      <symbol id="sm-23a">
         <name>__TI_cleanup</name>
         <value>0x2c91</value>
         <object_component_ref idref="oc-19a"/>
      </symbol>
      <symbol id="sm-23b">
         <name>freopen</name>
         <value>0x2d95</value>
         <object_component_ref idref="oc-122"/>
      </symbol>
      <symbol id="sm-245">
         <name>setvbuf</name>
         <value>0x1265</value>
         <object_component_ref idref="oc-123"/>
      </symbol>
      <symbol id="sm-254">
         <name>abort</name>
         <value>0x32e1</value>
         <object_component_ref idref="oc-ea"/>
      </symbol>
      <symbol id="sm-255">
         <name>__TI_cleanup_ptr</name>
         <value>0x202005f8</value>
         <object_component_ref idref="oc-165"/>
      </symbol>
      <symbol id="sm-256">
         <name>__TI_dtors_ptr</name>
         <value>0x202005fc</value>
         <object_component_ref idref="oc-165"/>
      </symbol>
      <symbol id="sm-257">
         <name>exit</name>
         <value>0x2d2d</value>
         <object_component_ref idref="oc-ef"/>
      </symbol>
      <symbol id="sm-260">
         <name>_nop</name>
         <value>0x19ab</value>
         <object_component_ref idref="oc-1b4"/>
      </symbol>
      <symbol id="sm-261">
         <name>_lock</name>
         <value>0x2020061c</value>
         <object_component_ref idref="oc-163"/>
      </symbol>
      <symbol id="sm-262">
         <name>_unlock</name>
         <value>0x20200620</value>
         <object_component_ref idref="oc-166"/>
      </symbol>
      <symbol id="sm-268">
         <name>_ftable</name>
         <value>0x2020040c</value>
         <object_component_ref idref="oc-131"/>
      </symbol>
      <symbol id="sm-269">
         <name>__TI_ft_end</name>
         <value>0x20200618</value>
         <object_component_ref idref="oc-1e8"/>
      </symbol>
      <symbol id="sm-26a">
         <name>__TI_tmpnams</name>
         <value>0x20200960</value>
         <object_component_ref idref="oc-1fb"/>
      </symbol>
      <symbol id="sm-28d">
         <name>malloc</name>
         <value>0x32a5</value>
         <object_component_ref idref="oc-199"/>
      </symbol>
      <symbol id="sm-28e">
         <name>aligned_alloc</name>
         <value>0xd9d</value>
         <object_component_ref idref="oc-201"/>
      </symbol>
      <symbol id="sm-28f">
         <name>free</name>
         <value>0x117d</value>
         <object_component_ref idref="oc-197"/>
      </symbol>
      <symbol id="sm-290">
         <name>_sys_memory</name>
         <value>0x20200640</value>
         <object_component_ref idref="oc-30"/>
      </symbol>
      <symbol id="sm-291">
         <name>memalign</name>
         <value>0xd9d</value>
         <object_component_ref idref="oc-201"/>
      </symbol>
      <symbol id="sm-29c">
         <name>_c_int00_noargs</name>
         <value>0x2fad</value>
         <object_component_ref idref="oc-63"/>
      </symbol>
      <symbol id="sm-29d">
         <name>__stack</name>
         <value>0x20207e00</value>
         <object_component_ref idref="oc-1a"/>
      </symbol>
      <symbol id="sm-2a9">
         <name>__TI_auto_init_nobinit</name>
         <value>0x2761</value>
         <object_component_ref idref="oc-f7"/>
      </symbol>
      <symbol id="sm-2b1">
         <name>_system_pre_init</name>
         <value>0x32ef</value>
         <object_component_ref idref="oc-9b"/>
      </symbol>
      <symbol id="sm-2bc">
         <name>__TI_zero_init_nomemset</name>
         <value>0x31ab</value>
         <object_component_ref idref="oc-5a"/>
      </symbol>
      <symbol id="sm-2c5">
         <name>__TI_decompress_none</name>
         <value>0x31e5</value>
         <object_component_ref idref="oc-20"/>
      </symbol>
      <symbol id="sm-2d0">
         <name>__TI_decompress_lzss</name>
         <value>0x209d</value>
         <object_component_ref idref="oc-1c"/>
      </symbol>
      <symbol id="sm-2dc">
         <name>__TI_closefile</name>
         <value>0x2021</value>
         <object_component_ref idref="oc-191"/>
      </symbol>
      <symbol id="sm-2e6">
         <name>__TI_doflush</name>
         <value>0x27b5</value>
         <object_component_ref idref="oc-1ed"/>
      </symbol>
      <symbol id="sm-2f9">
         <name>HOSTexit</name>
         <value>0x32e7</value>
         <object_component_ref idref="oc-15d"/>
      </symbol>
      <symbol id="sm-2fa">
         <name>C$$EXIT</name>
         <value>0x32e6</value>
         <object_component_ref idref="oc-15d"/>
      </symbol>
      <symbol id="sm-304">
         <name>write</name>
         <value>0x2f85</value>
         <object_component_ref idref="oc-22c"/>
      </symbol>
      <symbol id="sm-309">
         <name>_device</name>
         <value>0x202004fc</value>
         <object_component_ref idref="oc-188"/>
      </symbol>
      <symbol id="sm-30a">
         <name>_stream</name>
         <value>0x20200574</value>
         <object_component_ref idref="oc-228"/>
      </symbol>
      <symbol id="sm-313">
         <name>remove</name>
         <value>0x32d9</value>
         <object_component_ref idref="oc-1f7"/>
      </symbol>
      <symbol id="sm-31f">
         <name>open</name>
         <value>0x1a4d</value>
         <object_component_ref idref="oc-1e9"/>
      </symbol>
      <symbol id="sm-32a">
         <name>close</name>
         <value>0x28a9</value>
         <object_component_ref idref="oc-1f3"/>
      </symbol>
      <symbol id="sm-336">
         <name>add_device</name>
         <value>0xfa9</value>
         <object_component_ref idref="oc-118"/>
      </symbol>
      <symbol id="sm-340">
         <name>unlink</name>
         <value>0x2ee1</value>
         <object_component_ref idref="oc-235"/>
      </symbol>
      <symbol id="sm-34a">
         <name>HOSTclose</name>
         <value>0x28f9</value>
         <object_component_ref idref="oc-1cb"/>
      </symbol>
      <symbol id="sm-354">
         <name>HOSTlseek</name>
         <value>0x22ed</value>
         <object_component_ref idref="oc-1d7"/>
      </symbol>
      <symbol id="sm-35e">
         <name>HOSTopen</name>
         <value>0x2495</value>
         <object_component_ref idref="oc-1c7"/>
      </symbol>
      <symbol id="sm-35f">
         <name>parmbuf</name>
         <value>0x20200a0c</value>
         <object_component_ref idref="oc-20f"/>
      </symbol>
      <symbol id="sm-369">
         <name>HOSTread</name>
         <value>0x25ad</value>
         <object_component_ref idref="oc-1cf"/>
      </symbol>
      <symbol id="sm-37a">
         <name>HOSTrename</name>
         <value>0x2359</value>
         <object_component_ref idref="oc-1df"/>
      </symbol>
      <symbol id="sm-384">
         <name>HOSTunlink</name>
         <value>0x2941</value>
         <object_component_ref idref="oc-1db"/>
      </symbol>
      <symbol id="sm-38e">
         <name>HOSTwrite</name>
         <value>0x2605</value>
         <object_component_ref idref="oc-1d3"/>
      </symbol>
      <symbol id="sm-39c">
         <name>C$$IO$$</name>
         <value>0x2d25</value>
         <object_component_ref idref="oc-208"/>
      </symbol>
      <symbol id="sm-39d">
         <name>__TI_writemsg</name>
         <value>0x2cf9</value>
         <object_component_ref idref="oc-208"/>
      </symbol>
      <symbol id="sm-39e">
         <name>__CIOBUF_</name>
         <value>0x20200840</value>
         <object_component_ref idref="oc-23f"/>
      </symbol>
      <symbol id="sm-39f">
         <name>__TI_readmsg</name>
         <value>0x2cc5</value>
         <object_component_ref idref="oc-20e"/>
      </symbol>
      <symbol id="sm-3a0">
         <name>_CIOBUF_</name>
         <value>0x20200840</value>
         <object_component_ref idref="oc-23f"/>
      </symbol>
      <symbol id="sm-3a6">
         <name>__aeabi_idiv</name>
         <value>0x26b5</value>
         <object_component_ref idref="oc-14d"/>
      </symbol>
      <symbol id="sm-3a7">
         <name>__aeabi_idivmod</name>
         <value>0x26b5</value>
         <object_component_ref idref="oc-14d"/>
      </symbol>
      <symbol id="sm-3ad">
         <name>__aeabi_memcpy</name>
         <value>0x32d1</value>
         <object_component_ref idref="oc-53"/>
      </symbol>
      <symbol id="sm-3ae">
         <name>__aeabi_memcpy4</name>
         <value>0x32d1</value>
         <object_component_ref idref="oc-53"/>
      </symbol>
      <symbol id="sm-3af">
         <name>__aeabi_memcpy8</name>
         <value>0x32d1</value>
         <object_component_ref idref="oc-53"/>
      </symbol>
      <symbol id="sm-3b6">
         <name>__aeabi_memclr</name>
         <value>0x3299</value>
         <object_component_ref idref="oc-96"/>
      </symbol>
      <symbol id="sm-3b7">
         <name>__aeabi_memclr4</name>
         <value>0x3299</value>
         <object_component_ref idref="oc-96"/>
      </symbol>
      <symbol id="sm-3b8">
         <name>__aeabi_memclr8</name>
         <value>0x3299</value>
         <object_component_ref idref="oc-96"/>
      </symbol>
      <symbol id="sm-3be">
         <name>__aeabi_uidiv</name>
         <value>0x2a99</value>
         <object_component_ref idref="oc-146"/>
      </symbol>
      <symbol id="sm-3bf">
         <name>__aeabi_uidivmod</name>
         <value>0x2a99</value>
         <object_component_ref idref="oc-146"/>
      </symbol>
      <symbol id="sm-3ca">
         <name>__aeabi_idiv0</name>
         <value>0xb5b</value>
         <object_component_ref idref="oc-1a2"/>
      </symbol>
      <symbol id="sm-3d8">
         <name>finddevice</name>
         <value>0x2d61</value>
         <object_component_ref idref="oc-181"/>
      </symbol>
      <symbol id="sm-3d9">
         <name>getdevice</name>
         <value>0x23c5</value>
         <object_component_ref idref="oc-226"/>
      </symbol>
      <symbol id="sm-3e2">
         <name>TI_memcpy_small</name>
         <value>0x31d3</value>
         <object_component_ref idref="oc-ba"/>
      </symbol>
      <symbol id="sm-3eb">
         <name>TI_memset_small</name>
         <value>0x3271</value>
         <object_component_ref idref="oc-109"/>
      </symbol>
      <symbol id="sm-3f3">
         <name>strcmp</name>
         <value>0x1ca1</value>
         <object_component_ref idref="oc-1c1"/>
      </symbol>
      <symbol id="sm-3f4">
         <name>__TI_static_base__</name>
         <value>0x0</value>
      </symbol>
      <symbol id="sm-3f7">
         <name>__mpu_init</name>
         <value>0x0</value>
      </symbol>
      <symbol id="sm-3f8">
         <name>_system_post_cinit</name>
         <value>0x0</value>
      </symbol>
   </symbol_table>
   <title>Link successful</title>
</link_info>
