******************************************************************************
            TI ARM Clang Linker PC v4.0.4                      
******************************************************************************
>> Linked Mon Apr 20 21:38:20 2026

OUTPUT FILE NAME:   <ECE319K_Lab9H.out>
ENTRY POINT SYMBOL: "_c_int00_noargs"  address: 00002e2d


MEMORY CONFIGURATION

         name            origin    length      used     unused   attr    fill
----------------------  --------  ---------  --------  --------  ----  --------
  FLASH                 00000000   00020000  00005f98  0001a068  R  X
  SRAM                  20200000   00008000  00000c50  000073b0  RW X
  BCR_CONFIG            41c00000   00000080  00000000  00000080  R   
  BSL_CONFIG            41c00100   00000080  00000000  00000080  R   


SEGMENT ALLOCATION MAP

run origin  load origin   length   init length attrs members
----------  ----------- ---------- ----------- ----- -------
00000000    00000000    00005f98   00005f98    r-x
  00000000    00000000    000000c0   000000c0    r-- .intvecs
  000000c0    000000c0    000030f0   000030f0    r-x .text
  000031b0    000031b0    00002d38   00002d38    r-- .rodata
  00005ee8    00005ee8    00000008   00000008    r-- .init_array
  00005ef0    00005ef0    000000a8   000000a8    r-- .cinit
20200000    20200000    00000a57   00000000    rw-
  20200000    20200000    00000671   00000000    rw- .data
  20200678    20200678    00000200   00000000    rw- .sysmem
  20200878    20200878    000001df   00000000    rw- .bss
20207e00    20207e00    00000200   00000000    rw-
  20207e00    20207e00    00000200   00000000    rw- .stack


SECTION ALLOCATION MAP

 output                                  attributes/
section   page    origin      length       input sections
--------  ----  ----------  ----------   ----------------
.intvecs   0    00000000    000000c0     
                  00000000    000000c0     startup_mspm0g3507_ticlang.o (.intvecs)

.binit     0    00000000    00000000     

.text      0    000000c0    000030f0     
                  000000c0    00000210     ST7735.o (.text._Z17ST7735_DrawBitmapssPKtss)
                  000002d0    000001b4     Clock.o (.text._Z15Clock_Init80MHzi)
                  00000484    000001a0     ST7735.o (.text._Z16ST7735_DrawCharSsscssh)
                  00000624    00000154     libc.a : fopen.c.obj (.text._openfile)
                  00000778    0000014c     Oscilloscope.o (.text._ZN11Application10Draw_GraphERK12Oscilliscope)
                  000008c4    00000142     Oscilloscope.o (.text._ZN11Application9Draw_GridEv)
                  00000a06    00000002     libclang_rt.builtins.a : aeabi_div0.c.obj (.text.__aeabi_idiv0)
                  00000a08    00000128     TExaS.o (.text._Z8ADC_InitP10ADC12_Regsjj)
                  00000b30    00000124     Lab9HMain.o (.text.TIMG12_IRQHandler)
                  00000c54    00000118     ST7735.o (.text._Z15ST7735_FillRectsssst)
                  00000d6c    00000114     libc.a : memory.c.obj (.text.aligned_alloc)
                  00000e80    000000f8     SPI.o (.text._Z8SPI_Initv)
                  00000f78    000000ec     libsysbm.a : add_device.c.obj (.text.add_device)
                  00001064    000000e8     TExaS.o (.text._Z9UART_Initv)
                  0000114c    000000e8     libc.a : memory.c.obj (.text.free)
                  00001234    000000e0     Lab9HMain.o (.text.main)
                  00001314    000000e0     libc.a : setvbuf.c.obj (.text.setvbuf)
                  000013f4    000000d0     ST7735.o (.text._Z14ST7735_OutCharc)
                  000014c4    000000c8     Oscilloscope.o (.text._ZN11Application8Fix_GridEjj)
                  0000158c    000000b0     ST7735.o (.text._Z20ST7735_DrawFastHLinessst)
                  0000163c    000000b0     ST7735.o (.text._Z20ST7735_DrawFastVLinessst)
                  000016ec    000000a8     Timer.o (.text._Z14TimerG6_IntArmtjj)
                  00001794    000000a8     Timer.o (.text._Z14TimerG7_IntArmtjj)
                  0000183c    000000a2     ST7735.o (.text._ZL11commandListPKh)
                  000018de    00000002     libc.a : _lock.c.obj (.text._nop)
                  000018e0    000000a0     ST7735.o (.text._Z17ST7735_InitPrintf10initRFlags)
                  00001980    000000a0     libsysbm.a : open.c.obj (.text.open)
                  00001a20    00000098     ST7735.o (.text._Z12ST7735_InitR10initRFlags)
                  00001ab8    00000094     Timer.o (.text._Z15TimerG12_IntArmjj)
                  00001b4c    0000008e     Oscilloscope.o (.text._ZN6Cursor4MoveEiR11Application)
                  00001bda    00000002     --HOLE-- [fill = 0]
                  00001bdc    00000088     ST7735.o (.text._ZL13setAddrWindowhhhh)
                  00001c64    0000000c     Clock.o (.text._Z10Clock_Freqv)
                  00001c70    00000088     libc.a : strcmp-armv6m.S.obj (.text:strcmp)
                  00001cf8    00000084     ST7735.o (.text._Z17ST7735_DrawStringttPcs)
                  00001d7c    0000007c     Lab9HMain.o (.text.TIMG6_IRQHandler)
                  00001df8    0000007c     LaunchPad.o (.text._Z14LaunchPad_Initv)
                  00001e74    0000007c     Oscilloscope.o (.text._ZN12Oscilliscope4InitEv)
                  00001ef0    0000007c     SlidePot.o (.text._ZN8SlidePot4InitEv)
                  00001f6c    0000007c     libc.a : fclose.c.obj (.text.__TI_closefile)
                  00001fe8    0000007c            : copy_decompress_lzss.c.obj (.text:decompress:lzss)
                  00002064    00000078     Switch.o (.text._Z9Switch_Inv)
                  000020dc    00000074     Oscilloscope.o (.text._ZN6Cursor5EraseER11Application)
                  00002150    00000070     ST7735.o (.text._Z16ST7735_DrawPixelsst)
                  000021c0    0000006c     libsysbm.a : hostlseek.c.obj (.text.HOSTlseek)
                  0000222c    0000006c                : hostrename.c.obj (.text.HOSTrename)
                  00002298    0000006c     libc.a : getdevice.c.obj (.text.getdevice)
                  00002304    00000064            : memory.c.obj (.text.split)
                  00002368    00000060     libsysbm.a : hostopen.c.obj (.text.HOSTopen)
                  000023c8    0000005c     DAC5.o (.text._Z9DAC5_Initv)
                  00002424    0000005c     Oscilloscope.o (.text._ZN6Cursor4DrawEv)
                  00002480    00000058     libsysbm.a : hostread.c.obj (.text.HOSTread)
                  000024d8    00000058                : hostwrite.c.obj (.text.HOSTwrite)
                  00002530    00000058     TExaS.o (.text._Z10TExaS_InitP10ADC12_RegsjPFhvE)
                  00002588    00000056     libclang_rt.builtins.a : aeabi_idivmod.S.obj (.text.__aeabi_idivmod)
                  000025de    00000002     --HOLE-- [fill = 0]
                  000025e0    00000054     libc.a : autoinit.c.obj (.text:__TI_auto_init_nobinit)
                  00002634    00000052            : fflush.c.obj (.text.__TI_doflush)
                  00002686    00000002     --HOLE-- [fill = 0]
                  00002688    00000050     Sound.o (.text._Z10Sound_Initv)
                  000026d8    00000050     Oscilloscope.o (.text._ZN12Oscilliscope10Add_SampleEj)
                  00002728    00000050     libsysbm.a : close.c.obj (.text.close)
                  00002778    00000048                : hostclose.c.obj (.text.HOSTclose)
                  000027c0    00000048                : hostunlink.c.obj (.text.HOSTunlink)
                  00002808    00000048     SPI.o (.text._Z14SPI_OutCommandc)
                  00002850    00000048     Oscilloscope.o (.text._ZN12Oscilliscope2InEv)
                  00002898    00000040     TExaS.o (.text.TIMG7_IRQHandler)
                  000028d8    00000040     SPI.o (.text._Z9SPI_Resetv)
                  00002918    00000040     libclang_rt.builtins.a : aeabi_uidivmod.S.obj (.text.__aeabi_uidivmod)
                  00002958    00000040     libc.a : fopen.c.obj (.text._search_fp)
                  00002998    00000038     Sound.o (.text.SysTick_Handler)
                  000029d0    00000038     SPI.o (.text._Z11SPI_OutDatac)
                  00002a08    00000038     LaunchPad.o (.text._Z15ActivatePortA_Bv)
                  00002a40    00000034     ST7735.o (.text._Z12ST7735_writeiPKcj)
                  00002a74    00000034     Clock.o (.text._Z14Clock_Delay1msj)
                  00002aa8    00000034     ST7735.o (.text._Z16ST7735_SetCursorjj)
                  00002adc    00000034     LED.o (.text._Z8LED_Initv)
                  00002b10    00000034     libc.a : fopen.c.obj (.text.__TI_cleanup)
                  00002b44    00000034     libsysbm.a : trgmsg.c.obj (.text.__TI_readmsg)
                  00002b78    00000034                : trgmsg.c.obj (.text.__TI_writemsg)
                  00002bac    00000034     libc.a : exit.c.obj (.text.exit)
                  00002be0    00000034            : getdevice.c.obj (.text.finddevice)
                  00002c14    00000034            : fopen.c.obj (.text.freopen)
                  00002c48    00000032     ST7735.o (.text._Z15ST7735_Color565hhh)
                  00002c7a    00000002     --HOLE-- [fill = 0]
                  00002c7c    00000030     ST7735.o (.text._ZL10commonInitPKh)
                  00002cac    00000030     libc.a : fopen.c.obj (.text.fopen)
                  00002cdc    0000002c     ST7735.o (.text._Z17ST7735_FillScreent)
                  00002d08    0000002c     DAC5.o (.text._Z8DAC5_Outj)
                  00002d34    0000002c     Oscilloscope.o (.text._ZN12OscilliscopeC2Ev)
                  00002d60    0000002c     libsysbm.a : unlink.c.obj (.text.unlink)
                  00002d8c    00000028     Switch.o (.text._Z11Switch_Initv)
                  00002db4    00000028     TExaS.o (.text._Z9ADC_StartP10ADC12_Regs)
                  00002ddc    00000028     libc.a : memory.c.obj (.text.free_list_insert)
                  00002e04    00000028     libsysbm.a : write.c.obj (.text.write)
                  00002e2c    00000028     libc.a : boot_cortex_m.c.obj (.text:_c_int00_noargs)
                  00002e54    00000026     Oscilloscope.o (.text._ZN6CursorC2Eii4Typei)
                  00002e7a    00000002     --HOLE-- [fill = 0]
                  00002e7c    00000024     Sound.o (.text._Z11Sound_Pausev)
                  00002ea0    00000024     Sound.o (.text._Z11Sound_StartPKhj)
                  00002ec4    00000024     Sound.o (.text._Z16Sound_CursorMovev)
                  00002ee8    00000024     Sound.o (.text._Z18Sound_CursorTogglev)
                  00002f0c    00000020     Lab9HMain.o (.text._GLOBAL__sub_I_Lab9HMain.cpp)
                  00002f2c    0000001e     ST7735.o (.text._ZL9pushColort)
                  00002f4a    00000002     --HOLE-- [fill = 0]
                  00002f4c    0000001c     startup_mspm0g3507_ticlang.o (.text.Default_Handler)
                  00002f68    0000001c     startup_mspm0g3507_ticlang.o (.text.HardFault_Handler)
                  00002f84    0000001c     Lab9HMain.o (.text.__cxx_global_var_init.3)
                  00002fa0    0000001c     Lab9HMain.o (.text.__cxx_global_var_init.4)
                  00002fbc    0000001c     Lab9HMain.o (.text.__cxx_global_var_init.5)
                  00002fd8    0000001c     Lab9HMain.o (.text.__cxx_global_var_init.6)
                  00002ff4    0000001c     libc.a : memory.c.obj (.text.free_list_remove)
                  00003010    00000018     Lab9HMain.o (.text.__cxx_global_var_init)
                  00003028    00000016     ST7735.o (.text._Z11ST7735_openPKcji)
                  0000303e    00000016     ST7735.o (.text._Z11ST7735_readiPcj)
                  00003054    00000016     SlidePot.o (.text._ZN8SlidePotC2Ejj)
                  0000306a    00000016     libc.a : copy_zero_init.c.obj (.text:decompress:ZI:__TI_zero_init_nomemset)
                  00003080    00000012     Oscilloscope.o (.text._ZN11ApplicationC2Ev)
                  00003092    00000012     libc.a : memcpy16.S.obj (.text:TI_memcpy_small)
                  000030a4    00000012            : copy_decompress_none.c.obj (.text:decompress:none)
                  000030b6    00000010     Clock.o (.text._Z11Clock_Delayj)
                  000030c6    00000002     --HOLE-- [fill = 0]
                  000030c8    00000010     Lab9HMain.o (.text._Z28TExaS_LaunchPadLogicPB27PB26v)
                  000030d8    00000010     Lab9HMain.o (.text.__cxx_global_var_init.1)
                  000030e8    00000010     Lab9HMain.o (.text.__cxx_global_var_init.2)
                  000030f8    0000000e     libc.a : memory.c.obj (.text.OUTLINED_FUNCTION_0)
                  00003106    0000000e     ST7735.o (.text._Z12ST7735_lseekili)
                  00003114    0000000e     libsysbm.a : hostrename.c.obj (.text.strcpy)
                  00003122    0000000e                : hostrename.c.obj (.text.strlen)
                  00003130    0000000e     libc.a : memset16.S.obj (.text:TI_memset_small)
                  0000313e    0000000c     ST7735.o (.text._Z13ST7735_renamePKcS0_)
                  0000314a    00000002     --HOLE-- [fill = 0]
                  0000314c    0000000c     libclang_rt.builtins.a : aeabi_memset.S.obj (.text.__aeabi_memclr)
                  00003158    0000000c     libc.a : memory.c.obj (.text.malloc)
                  00003164    0000000a     ST7735.o (.text._Z12ST7735_closei)
                  0000316e    0000000a     ST7735.o (.text._Z13ST7735_unlinkPKc)
                  00003178    0000000a     Lab9HMain.o (.text._Z8PLL_Initv)
                  00003182    00000002     --HOLE-- [fill = 0]
                  00003184    00000008     libclang_rt.builtins.a : aeabi_memcpy.S.obj (.text.__aeabi_memcpy)
                  0000318c    00000008     libsysbm.a : remove.c.obj (.text.remove)
                  00003194    00000006     libc.a : exit.c.obj (.text:abort)
                  0000319a    00000004     libsysbm.a : hostexit.c.obj (.text.HOSTexit)
                  0000319e    00000004     startup_mspm0g3507_ticlang.o (.text.Reset_Handler)
                  000031a2    00000004     libc.a : pre_init.c.obj (.text._system_pre_init)
                  000031a6    0000000a     --HOLE-- [fill = 0]

.cinit     0    00005ef0    000000a8     
                  00005ef0    0000007f     (.cinit..data.load) [load image, compression = lzss]
                  00005f6f    00000001     --HOLE-- [fill = 0]
                  00005f70    0000000c     (__TI_handler_table)
                  00005f7c    00000008     (.cinit..bss.load) [load image, compression = zero_init]
                  00005f84    00000010     (__TI_cinit_table)
                  00005f94    00000004     --HOLE-- [fill = 0]

.rodata    0    000031b0    00002d38     
                  000031b0    00000fa2     Sound.o (.rodata._ZL19toggle_cursor_sound)
                  00004152    00000c38     Sound.o (.rodata._ZL11pause_sound)
                  00004d8a    000009cf     Sound.o (.rodata._ZL17move_cursor_sound)
                  00005759    000004fb     ST7735.o (.rodata._ZL4Font)
                  00005c54    00000120     Oscilloscope.o (.rodata._ZL11PlayerShip0)
                  00005d74    000000c4     Oscilloscope.o (.rodata._ZL19PlayerShip0_Updated)
                  00005e38    0000003b     ST7735.o (.rodata._ZL5Rcmd1)
                  00005e73    0000002b     ST7735.o (.rodata._ZL5Rcmd3)
                  00005e9e    00000016     ST7735.o (.rodata.str1.14736978382213673245.1)
                  00005eb4    0000000d     ST7735.o (.rodata._ZL10Rcmd2green)
                  00005ec1    0000000d     ST7735.o (.rodata._ZL8Rcmd2red)
                  00005ece    00000008     ST7735.o (.rodata.str1.7209918599617305731.1)
                  00005ed6    00000007     ST7735.o (.rodata.str1.10208736415454880443.1)
                  00005edd    00000007     ST7735.o (.rodata.str1.8723687351022562626.1)
                  00005ee4    00000002     ST7735.o (.rodata.str1.18358205720993799461.1)
                  00005ee6    00000002     --HOLE-- [fill = 0]

.init_array 
*          0    00005ee8    00000008     
                  00005ee8    00000004     Lab9HMain.o (.init_array)
                  00005eec    00000004     --HOLE-- [fill = 0]

.data      0    20200000    00000671     UNINITIALIZED
                  20200000    0000040c     Lab9HMain.o (.data.scope)
                  2020040c    000000f0     libc.a : defs.c.obj (.data._ftable)
                  202004fc    00000078     libsysbm.a : host_device.c.obj (.data._device)
                  20200574    00000050                : host_device.c.obj (.data._stream)
                  202005c4    00000014     Lab9HMain.o (.data.Sensor)
                  202005d8    00000010     Lab9HMain.o (.data.cursors)
                  202005e8    00000010     Lab9HMain.o (.data.hCursor2)
                  202005f8    00000010     Lab9HMain.o (.data.hCursor)
                  20200608    00000010     Lab9HMain.o (.data.vCursor2)
                  20200618    00000010     Lab9HMain.o (.data.vCursor)
                  20200628    00000008     libc.a : exit.c.obj (.data..L_MergedGlobals)
                  20200630    00000008     Lab9HMain.o (.data.app)
                  20200638    00000004     Clock.o (.data.BusFreq)
                  2020063c    00000004     Sound.o (.data.SoundCount)
                  20200640    00000004     ST7735.o (.data.StX)
                  20200644    00000004     ST7735.o (.data.StY)
                  20200648    00000004     libc.a : defs.c.obj (.data.__TI_ft_end)
                  2020064c    00000004            : _lock.c.obj (.data._lock)
                  20200650    00000004            : _lock.c.obj (.data._unlock)
                  20200654    00000004     Lab9HMain.o (.data.index)
                  20200658    00000004     Lab9HMain.o (.data.last)
                  2020065c    00000004     Lab9HMain.o (.data.selected)
                  20200660    00000002     ST7735.o (.data.StTextColor)
                  20200662    00000002     ST7735.o (.data._ZL6_width)
                  20200664    00000002     ST7735.o (.data._ZL7_height)
                  20200666    00000002     --HOLE--
                  20200668    00000001     libsysbm.a : add_device.c.obj (.data.add_device.device_init)
                  20200669    00000003     --HOLE--
                  2020066c    00000001     libc.a : memory.c.obj (.data.memory_is_initialized)
                  2020066d    00000003     --HOLE--
                  20200670    00000001     libsysbm.a : open.c.obj (.data.open.stream_init)

.sysmem    0    20200678    00000200     UNINITIALIZED
                  20200678    00000010     libc.a : memory.c.obj (.sysmem)
                  20200688    000001f0     --HOLE--

.bss       0    20200878    000001df     UNINITIALIZED
                  20200878    00000120     libsysbm.a : trgmsg.c.obj (.bss:_CIOBUF_)
                  20200998    000000a0     libc.a : defs.c.obj (.bss.__TI_tmpnams)
                  20200a38    00000008     libsysbm.a : hostopen.c.obj (.bss.parmbuf)
                  20200a40    00000004     Sound.o (.bss.SoundPtr)
                  20200a44    00000004     TExaS.o (.bss.TExaSLogic)
                  20200a48    00000004     TExaS.o (.bss.TExaSadc)
                  20200a4c    00000004     Lab9HMain.o (.bss.now)
                  20200a50    00000004     libc.a : memory.c.obj (.bss.sys_free)
                  20200a54    00000001     ST7735.o (.bss._ZL8ColStart)
                  20200a55    00000001     ST7735.o (.bss._ZL8RowStart)
                  20200a56    00000001     ST7735.o (.bss._ZL8TabColor)

.stack     0    20207e00    00000200     UNINITIALIZED
                  20207e00    00000004     libc.a : boot_cortex_m.c.obj (.stack)
                  20207e04    000001fc     --HOLE--

__llvm_prf_cnts 
*          0    20200000    00000000     UNINITIALIZED

__llvm_prf_bits 
*          0    20200000    00000000     UNINITIALIZED

MODULE SUMMARY

       Module                         code    ro data   rw data
       ------                         ----    -------   -------
    .\
       Sound.o                        280     9641      8      
       ST7735.o                       3004    1449      17     
       Oscilloscope.o                 1580    484       0      
       Lab9HMain.o                    866     4         1160   
       TExaS.o                        720     0         8      
       Clock.o                        516     0         4      
       Timer.o                        484     0         0      
       SPI.o                          440     0         0      
       LaunchPad.o                    180     0         0      
       Switch.o                       160     0         0      
       SlidePot.o                     146     0         0      
       DAC5.o                         136     0         0      
       LED.o                          52      0         0      
    +--+------------------------------+-------+---------+---------+
       Total:                         8564    11578     1197   
                                                               
    .\ticlang\
       startup_mspm0g3507_ticlang.o   60      192       0      
    +--+------------------------------+-------+---------+---------+
       Total:                         60      192       0      
                                                               
    C:\ti\ccs2040\ccs\tools\compiler\ti-cgt-armllvm_4.0.4.LTS\lib\armv6m-ti-none-eabi/c/libc.a
       memory.c.obj                   702     0         5      
       fopen.c.obj                    556     0         0      
       defs.c.obj                     0       0         404    
       setvbuf.c.obj                  224     0         0      
       getdevice.c.obj                160     0         0      
       strcmp-armv6m.S.obj            136     0         0      
       copy_decompress_lzss.c.obj     124     0         0      
       fclose.c.obj                   124     0         0      
       autoinit.c.obj                 84      0         0      
       fflush.c.obj                   82      0         0      
       exit.c.obj                     58      0         8      
       boot_cortex_m.c.obj            40      0         0      
       copy_zero_init.c.obj           22      0         0      
       copy_decompress_none.c.obj     18      0         0      
       memcpy16.S.obj                 18      0         0      
       memset16.S.obj                 14      0         0      
       _lock.c.obj                    2       0         8      
       pre_init.c.obj                 4       0         0      
    +--+------------------------------+-------+---------+---------+
       Total:                         2368    0         425    
                                                               
    C:\ti\ccs2040\ccs\tools\compiler\ti-cgt-armllvm_4.0.4.LTS\lib\armv6m-ti-none-eabi/c/libsysbm.a
       trgmsg.c.obj                   104     0         288    
       add_device.c.obj               236     0         1      
       host_device.c.obj              0       0         200    
       open.c.obj                     160     0         1      
       hostrename.c.obj               136     0         0      
       hostlseek.c.obj                108     0         0      
       hostopen.c.obj                 96      0         8      
       hostread.c.obj                 88      0         0      
       hostwrite.c.obj                88      0         0      
       close.c.obj                    80      0         0      
       hostclose.c.obj                72      0         0      
       hostunlink.c.obj               72      0         0      
       unlink.c.obj                   44      0         0      
       write.c.obj                    40      0         0      
       remove.c.obj                   8       0         0      
       hostexit.c.obj                 4       0         0      
    +--+------------------------------+-------+---------+---------+
       Total:                         1336    0         498    
                                                               
    C:\ti\ccs2040\ccs\tools\compiler\ti-cgt-armllvm_4.0.4.LTS\lib\armv6m-ti-none-eabi/libclang_rt.builtins.a
       aeabi_idivmod.S.obj            86      0         0      
       aeabi_uidivmod.S.obj           64      0         0      
       aeabi_memset.S.obj             12      0         0      
       aeabi_memcpy.S.obj             8       0         0      
       aeabi_div0.c.obj               2       0         0      
    +--+------------------------------+-------+---------+---------+
       Total:                         172     0         0      
                                                               
       Heap:                          0       0         512    
       Stack:                         0       0         512    
       Linker Generated:              0       163       0      
    +--+------------------------------+-------+---------+---------+
       Grand Total:                   12500   11933     3144   


LINKER GENERATED COPY TABLES

__TI_cinit_table @ 00005f84 records: 2, size/record: 8, table size: 16
	.data: load addr=00005ef0, load size=0000007f bytes, run addr=20200000, run size=00000671 bytes, compression=lzss
	.bss: load addr=00005f7c, load size=00000008 bytes, run addr=20200878, run size=000001df bytes, compression=zero_init


LINKER GENERATED HANDLER TABLE

__TI_handler_table @ 00005f70 records: 3, size/record: 4, table size: 12
	index: 0, handler: __TI_decompress_lzss
	index: 1, handler: __TI_decompress_none
	index: 2, handler: __TI_zero_init


GLOBAL SYMBOLS: SORTED ALPHABETICALLY BY Name 

address   name                                         
-------   ----                                         
00002f4d  ADC0_IRQHandler                              
00002f4d  ADC1_IRQHandler                              
00002f4d  AES_IRQHandler                               
20200638  BusFreq                                      
0000319a  C$$EXIT                                      
00002ba5  C$$IO$$                                      
00002f4d  CANFD0_IRQHandler                            
00002f4d  DAC0_IRQHandler                              
00002f4d  DMA_IRQHandler                               
00002f4d  Default_Handler                              
00002f4d  GROUP0_IRQHandler                            
00002f4d  GROUP1_IRQHandler                            
00002779  HOSTclose                                    
0000319b  HOSTexit                                     
000021c1  HOSTlseek                                    
00002369  HOSTopen                                     
00002481  HOSTread                                     
0000222d  HOSTrename                                   
000027c1  HOSTunlink                                   
000024d9  HOSTwrite                                    
00002f69  HardFault_Handler                            
00002f4d  I2C0_IRQHandler                              
00002f4d  I2C1_IRQHandler                              
00002f4d  NMI_Handler                                  
00002f4d  PendSV_Handler                               
00002f4d  RTC_IRQHandler                               
0000319f  Reset_Handler                                
00005ee8  SHT$$INIT_ARRAY$$Base                        
00005eec  SHT$$INIT_ARRAY$$Limit                       
00002f4d  SPI0_IRQHandler                              
00002f4d  SPI1_IRQHandler                              
00002f4d  SVC_Handler                                  
202005c4  Sensor                                       
2020063c  SoundCount                                   
20200a40  SoundPtr                                     
20200660  StTextColor                                  
20200640  StX                                          
20200644  StY                                          
00002999  SysTick_Handler                              
20200a44  TExaSLogic                                   
20200a48  TExaSadc                                     
00002f4d  TIMA0_IRQHandler                             
00002f4d  TIMA1_IRQHandler                             
00002f4d  TIMG0_IRQHandler                             
00000b31  TIMG12_IRQHandler                            
00001d7d  TIMG6_IRQHandler                             
00002899  TIMG7_IRQHandler                             
00002f4d  TIMG8_IRQHandler                             
00003093  TI_memcpy_small                              
00003131  TI_memset_small                              
00002f4d  UART0_IRQHandler                             
00002f4d  UART1_IRQHandler                             
00002f4d  UART2_IRQHandler                             
00002f4d  UART3_IRQHandler                             
20200878  _CIOBUF_                                     
00001c65  _Z10Clock_Freqv                              
00002689  _Z10Sound_Initv                              
00002531  _Z10TExaS_InitP10ADC12_RegsjPFhvE            
000030b7  _Z11Clock_Delayj                             
000029d1  _Z11SPI_OutDatac                             
00003029  _Z11ST7735_openPKcji                         
0000303f  _Z11ST7735_readiPcj                          
00002e7d  _Z11Sound_Pausev                             
00002ea1  _Z11Sound_StartPKhj                          
00002d8d  _Z11Switch_Initv                             
00001a21  _Z12ST7735_InitR10initRFlags                 
00003165  _Z12ST7735_closei                            
00003107  _Z12ST7735_lseekili                          
00002a41  _Z12ST7735_writeiPKcj                        
0000313f  _Z13ST7735_renamePKcS0_                      
0000316f  _Z13ST7735_unlinkPKc                         
00002a75  _Z14Clock_Delay1msj                          
00001df9  _Z14LaunchPad_Initv                          
00002809  _Z14SPI_OutCommandc                          
000013f5  _Z14ST7735_OutCharc                          
000016ed  _Z14TimerG6_IntArmtjj                        
00001795  _Z14TimerG7_IntArmtjj                        
00002a09  _Z15ActivatePortA_Bv                         
000002d1  _Z15Clock_Init80MHzi                         
00002c49  _Z15ST7735_Color565hhh                       
00000c55  _Z15ST7735_FillRectsssst                     
00001ab9  _Z15TimerG12_IntArmjj                        
00000485  _Z16ST7735_DrawCharSsscssh                   
00002151  _Z16ST7735_DrawPixelsst                      
00002aa9  _Z16ST7735_SetCursorjj                       
00002ec5  _Z16Sound_CursorMovev                        
000000c1  _Z17ST7735_DrawBitmapssPKtss                 
00001cf9  _Z17ST7735_DrawStringttPcs                   
00002cdd  _Z17ST7735_FillScreent                       
000018e1  _Z17ST7735_InitPrintf10initRFlags            
00002ee9  _Z18Sound_CursorTogglev                      
0000158d  _Z20ST7735_DrawFastHLinessst                 
0000163d  _Z20ST7735_DrawFastVLinessst                 
000030c9  _Z28TExaS_LaunchPadLogicPB27PB26v            
00000a09  _Z8ADC_InitP10ADC12_Regsjj                   
00002d09  _Z8DAC5_Outj                                 
00002add  _Z8LED_Initv                                 
00003179  _Z8PLL_Initv                                 
00000e81  _Z8SPI_Initv                                 
00002db5  _Z9ADC_StartP10ADC12_Regs                    
000023c9  _Z9DAC5_Initv                                
000028d9  _Z9SPI_Resetv                                
00002065  _Z9Switch_Inv                                
00001065  _Z9UART_Initv                                
00000779  _ZN11Application10Draw_GraphERK12Oscilliscope
000014c5  _ZN11Application8Fix_GridEjj                 
000008c5  _ZN11Application9Draw_GridEv                 
00003081  _ZN11ApplicationC1Ev                         
00003081  _ZN11ApplicationC2Ev                         
000026d9  _ZN12Oscilliscope10Add_SampleEj              
00002851  _ZN12Oscilliscope2InEv                       
00001e75  _ZN12Oscilliscope4InitEv                     
00002d35  _ZN12OscilliscopeC1Ev                        
00002d35  _ZN12OscilliscopeC2Ev                        
00002425  _ZN6Cursor4DrawEv                            
00001b4d  _ZN6Cursor4MoveEiR11Application              
000020dd  _ZN6Cursor5EraseER11Application              
00002e55  _ZN6CursorC1Eii4Typei                        
00002e55  _ZN6CursorC2Eii4Typei                        
00001ef1  _ZN8SlidePot4InitEv                          
00003055  _ZN8SlidePotC1Ejj                            
00003055  _ZN8SlidePotC2Ejj                            
20200878  __CIOBUF_                                    
20208000  __STACK_END                                  
00000200  __STACK_SIZE                                 
00000200  __SYSMEM_SIZE                                
00000000  __TI_ATRegion0_region_sz                     
00000000  __TI_ATRegion0_src_addr                      
00000000  __TI_ATRegion0_trg_addr                      
00000000  __TI_ATRegion1_region_sz                     
00000000  __TI_ATRegion1_src_addr                      
00000000  __TI_ATRegion1_trg_addr                      
00000000  __TI_ATRegion2_region_sz                     
00000000  __TI_ATRegion2_src_addr                      
00000000  __TI_ATRegion2_trg_addr                      
00005f84  __TI_CINIT_Base                              
00005f94  __TI_CINIT_Limit                             
00005f94  __TI_CINIT_Warm                              
00005f70  __TI_Handler_Table_Base                      
00005f7c  __TI_Handler_Table_Limit                     
000025e1  __TI_auto_init_nobinit                       
00002b11  __TI_cleanup                                 
20200628  __TI_cleanup_ptr                             
00001f6d  __TI_closefile                               
00001fe9  __TI_decompress_lzss                         
000030a5  __TI_decompress_none                         
00002635  __TI_doflush                                 
2020062c  __TI_dtors_ptr                               
20200648  __TI_ft_end                                  
ffffffff  __TI_pprof_out_hndl                          
ffffffff  __TI_prof_data_size                          
ffffffff  __TI_prof_data_start                         
00002b45  __TI_readmsg                                 
00000000  __TI_static_base__                           
20200998  __TI_tmpnams                                 
00002b79  __TI_writemsg                                
0000306b  __TI_zero_init_nomemset                      
00002589  __aeabi_idiv                                 
00000a07  __aeabi_idiv0                                
00002589  __aeabi_idivmod                              
0000314d  __aeabi_memclr                               
0000314d  __aeabi_memclr4                              
0000314d  __aeabi_memclr8                              
00003185  __aeabi_memcpy                               
00003185  __aeabi_memcpy4                              
00003185  __aeabi_memcpy8                              
00002919  __aeabi_uidiv                                
00002919  __aeabi_uidivmod                             
ffffffff  __binit__                                    
UNDEFED   __mpu_init                                   
20207e00  __stack                                      
20200000  __start___llvm_prf_bits                      
20200000  __start___llvm_prf_cnts                      
20200000  __stop___llvm_prf_bits                       
20200000  __stop___llvm_prf_cnts                       
00002e2d  _c_int00_noargs                              
202004fc  _device                                      
2020040c  _ftable                                      
2020064c  _lock                                        
000018df  _nop                                         
20200574  _stream                                      
20200678  _sys_memory                                  
UNDEFED   _system_post_cinit                           
000031a3  _system_pre_init                             
20200650  _unlock                                      
00003195  abort                                        
00000f79  add_device                                   
00000d6d  aligned_alloc                                
20200630  app                                          
ffffffff  binit                                        
00002729  close                                        
202005d8  cursors                                      
00002bad  exit                                         
00002be1  finddevice                                   
00002cad  fopen                                        
0000114d  free                                         
00002c15  freopen                                      
00002299  getdevice                                    
202005f8  hCursor                                      
202005e8  hCursor2                                     
20200654  index                                        
00000000  interruptVectors                             
20200658  last                                         
00001235  main                                         
00003159  malloc                                       
00000d6d  memalign                                     
20200a4c  now                                          
00001981  open                                         
20200a38  parmbuf                                      
0000318d  remove                                       
20200000  scope                                        
2020065c  selected                                     
00001315  setvbuf                                      
00001c71  strcmp                                       
00002d61  unlink                                       
20200618  vCursor                                      
20200608  vCursor2                                     
00002e05  write                                        


GLOBAL SYMBOLS: SORTED BY Symbol Address 

address   name                                         
-------   ----                                         
00000000  __TI_ATRegion0_region_sz                     
00000000  __TI_ATRegion0_src_addr                      
00000000  __TI_ATRegion0_trg_addr                      
00000000  __TI_ATRegion1_region_sz                     
00000000  __TI_ATRegion1_src_addr                      
00000000  __TI_ATRegion1_trg_addr                      
00000000  __TI_ATRegion2_region_sz                     
00000000  __TI_ATRegion2_src_addr                      
00000000  __TI_ATRegion2_trg_addr                      
00000000  __TI_static_base__                           
00000000  interruptVectors                             
000000c1  _Z17ST7735_DrawBitmapssPKtss                 
00000200  __STACK_SIZE                                 
00000200  __SYSMEM_SIZE                                
000002d1  _Z15Clock_Init80MHzi                         
00000485  _Z16ST7735_DrawCharSsscssh                   
00000779  _ZN11Application10Draw_GraphERK12Oscilliscope
000008c5  _ZN11Application9Draw_GridEv                 
00000a07  __aeabi_idiv0                                
00000a09  _Z8ADC_InitP10ADC12_Regsjj                   
00000b31  TIMG12_IRQHandler                            
00000c55  _Z15ST7735_FillRectsssst                     
00000d6d  aligned_alloc                                
00000d6d  memalign                                     
00000e81  _Z8SPI_Initv                                 
00000f79  add_device                                   
00001065  _Z9UART_Initv                                
0000114d  free                                         
00001235  main                                         
00001315  setvbuf                                      
000013f5  _Z14ST7735_OutCharc                          
000014c5  _ZN11Application8Fix_GridEjj                 
0000158d  _Z20ST7735_DrawFastHLinessst                 
0000163d  _Z20ST7735_DrawFastVLinessst                 
000016ed  _Z14TimerG6_IntArmtjj                        
00001795  _Z14TimerG7_IntArmtjj                        
000018df  _nop                                         
000018e1  _Z17ST7735_InitPrintf10initRFlags            
00001981  open                                         
00001a21  _Z12ST7735_InitR10initRFlags                 
00001ab9  _Z15TimerG12_IntArmjj                        
00001b4d  _ZN6Cursor4MoveEiR11Application              
00001c65  _Z10Clock_Freqv                              
00001c71  strcmp                                       
00001cf9  _Z17ST7735_DrawStringttPcs                   
00001d7d  TIMG6_IRQHandler                             
00001df9  _Z14LaunchPad_Initv                          
00001e75  _ZN12Oscilliscope4InitEv                     
00001ef1  _ZN8SlidePot4InitEv                          
00001f6d  __TI_closefile                               
00001fe9  __TI_decompress_lzss                         
00002065  _Z9Switch_Inv                                
000020dd  _ZN6Cursor5EraseER11Application              
00002151  _Z16ST7735_DrawPixelsst                      
000021c1  HOSTlseek                                    
0000222d  HOSTrename                                   
00002299  getdevice                                    
00002369  HOSTopen                                     
000023c9  _Z9DAC5_Initv                                
00002425  _ZN6Cursor4DrawEv                            
00002481  HOSTread                                     
000024d9  HOSTwrite                                    
00002531  _Z10TExaS_InitP10ADC12_RegsjPFhvE            
00002589  __aeabi_idiv                                 
00002589  __aeabi_idivmod                              
000025e1  __TI_auto_init_nobinit                       
00002635  __TI_doflush                                 
00002689  _Z10Sound_Initv                              
000026d9  _ZN12Oscilliscope10Add_SampleEj              
00002729  close                                        
00002779  HOSTclose                                    
000027c1  HOSTunlink                                   
00002809  _Z14SPI_OutCommandc                          
00002851  _ZN12Oscilliscope2InEv                       
00002899  TIMG7_IRQHandler                             
000028d9  _Z9SPI_Resetv                                
00002919  __aeabi_uidiv                                
00002919  __aeabi_uidivmod                             
00002999  SysTick_Handler                              
000029d1  _Z11SPI_OutDatac                             
00002a09  _Z15ActivatePortA_Bv                         
00002a41  _Z12ST7735_writeiPKcj                        
00002a75  _Z14Clock_Delay1msj                          
00002aa9  _Z16ST7735_SetCursorjj                       
00002add  _Z8LED_Initv                                 
00002b11  __TI_cleanup                                 
00002b45  __TI_readmsg                                 
00002b79  __TI_writemsg                                
00002ba5  C$$IO$$                                      
00002bad  exit                                         
00002be1  finddevice                                   
00002c15  freopen                                      
00002c49  _Z15ST7735_Color565hhh                       
00002cad  fopen                                        
00002cdd  _Z17ST7735_FillScreent                       
00002d09  _Z8DAC5_Outj                                 
00002d35  _ZN12OscilliscopeC1Ev                        
00002d35  _ZN12OscilliscopeC2Ev                        
00002d61  unlink                                       
00002d8d  _Z11Switch_Initv                             
00002db5  _Z9ADC_StartP10ADC12_Regs                    
00002e05  write                                        
00002e2d  _c_int00_noargs                              
00002e55  _ZN6CursorC1Eii4Typei                        
00002e55  _ZN6CursorC2Eii4Typei                        
00002e7d  _Z11Sound_Pausev                             
00002ea1  _Z11Sound_StartPKhj                          
00002ec5  _Z16Sound_CursorMovev                        
00002ee9  _Z18Sound_CursorTogglev                      
00002f4d  ADC0_IRQHandler                              
00002f4d  ADC1_IRQHandler                              
00002f4d  AES_IRQHandler                               
00002f4d  CANFD0_IRQHandler                            
00002f4d  DAC0_IRQHandler                              
00002f4d  DMA_IRQHandler                               
00002f4d  Default_Handler                              
00002f4d  GROUP0_IRQHandler                            
00002f4d  GROUP1_IRQHandler                            
00002f4d  I2C0_IRQHandler                              
00002f4d  I2C1_IRQHandler                              
00002f4d  NMI_Handler                                  
00002f4d  PendSV_Handler                               
00002f4d  RTC_IRQHandler                               
00002f4d  SPI0_IRQHandler                              
00002f4d  SPI1_IRQHandler                              
00002f4d  SVC_Handler                                  
00002f4d  TIMA0_IRQHandler                             
00002f4d  TIMA1_IRQHandler                             
00002f4d  TIMG0_IRQHandler                             
00002f4d  TIMG8_IRQHandler                             
00002f4d  UART0_IRQHandler                             
00002f4d  UART1_IRQHandler                             
00002f4d  UART2_IRQHandler                             
00002f4d  UART3_IRQHandler                             
00002f69  HardFault_Handler                            
00003029  _Z11ST7735_openPKcji                         
0000303f  _Z11ST7735_readiPcj                          
00003055  _ZN8SlidePotC1Ejj                            
00003055  _ZN8SlidePotC2Ejj                            
0000306b  __TI_zero_init_nomemset                      
00003081  _ZN11ApplicationC1Ev                         
00003081  _ZN11ApplicationC2Ev                         
00003093  TI_memcpy_small                              
000030a5  __TI_decompress_none                         
000030b7  _Z11Clock_Delayj                             
000030c9  _Z28TExaS_LaunchPadLogicPB27PB26v            
00003107  _Z12ST7735_lseekili                          
00003131  TI_memset_small                              
0000313f  _Z13ST7735_renamePKcS0_                      
0000314d  __aeabi_memclr                               
0000314d  __aeabi_memclr4                              
0000314d  __aeabi_memclr8                              
00003159  malloc                                       
00003165  _Z12ST7735_closei                            
0000316f  _Z13ST7735_unlinkPKc                         
00003179  _Z8PLL_Initv                                 
00003185  __aeabi_memcpy                               
00003185  __aeabi_memcpy4                              
00003185  __aeabi_memcpy8                              
0000318d  remove                                       
00003195  abort                                        
0000319a  C$$EXIT                                      
0000319b  HOSTexit                                     
0000319f  Reset_Handler                                
000031a3  _system_pre_init                             
00005ee8  SHT$$INIT_ARRAY$$Base                        
00005eec  SHT$$INIT_ARRAY$$Limit                       
00005f70  __TI_Handler_Table_Base                      
00005f7c  __TI_Handler_Table_Limit                     
00005f84  __TI_CINIT_Base                              
00005f94  __TI_CINIT_Limit                             
00005f94  __TI_CINIT_Warm                              
20200000  __start___llvm_prf_bits                      
20200000  __start___llvm_prf_cnts                      
20200000  __stop___llvm_prf_bits                       
20200000  __stop___llvm_prf_cnts                       
20200000  scope                                        
2020040c  _ftable                                      
202004fc  _device                                      
20200574  _stream                                      
202005c4  Sensor                                       
202005d8  cursors                                      
202005e8  hCursor2                                     
202005f8  hCursor                                      
20200608  vCursor2                                     
20200618  vCursor                                      
20200628  __TI_cleanup_ptr                             
2020062c  __TI_dtors_ptr                               
20200630  app                                          
20200638  BusFreq                                      
2020063c  SoundCount                                   
20200640  StX                                          
20200644  StY                                          
20200648  __TI_ft_end                                  
2020064c  _lock                                        
20200650  _unlock                                      
20200654  index                                        
20200658  last                                         
2020065c  selected                                     
20200660  StTextColor                                  
20200678  _sys_memory                                  
20200878  _CIOBUF_                                     
20200878  __CIOBUF_                                    
20200998  __TI_tmpnams                                 
20200a38  parmbuf                                      
20200a40  SoundPtr                                     
20200a44  TExaSLogic                                   
20200a48  TExaSadc                                     
20200a4c  now                                          
20207e00  __stack                                      
20208000  __STACK_END                                  
ffffffff  __TI_pprof_out_hndl                          
ffffffff  __TI_prof_data_size                          
ffffffff  __TI_prof_data_start                         
ffffffff  __binit__                                    
ffffffff  binit                                        
UNDEFED   __mpu_init                                   
UNDEFED   _system_post_cinit                           

[218 symbols]
