******************************************************************************
            TI ARM Clang Linker Unix v4.0.4                    
******************************************************************************
>> Linked Wed Apr 22 23:19:39 2026

OUTPUT FILE NAME:   <ECE319K_Lab9H.out>
ENTRY POINT SYMBOL: "_c_int00_noargs"  address: 00003639


MEMORY CONFIGURATION

         name            origin    length      used     unused   attr    fill
----------------------  --------  ---------  --------  --------  ----  --------
  FLASH                 00000000   00020000  000068a8  00019758  R  X
  SRAM                  20200000   00008000  00000e6c  00007194  RW X
  BCR_CONFIG            41c00000   00000080  00000000  00000080  R   
  BSL_CONFIG            41c00100   00000080  00000000  00000080  R   


SEGMENT ALLOCATION MAP

run origin  load origin   length   init length attrs members
----------  ----------- ---------- ----------- ----- -------
00000000    00000000    000068a8   000068a8    r-x
  00000000    00000000    000000c0   000000c0    r-- .intvecs
  000000c0    000000c0    00003980   00003980    r-x .text
  00003a40    00003a40    00002db8   00002db8    r-- .rodata
  000067f8    000067f8    00000008   00000008    r-- .init_array
  00006800    00006800    000000a8   000000a8    r-- .cinit
20200000    20200000    00000c6f   00000000    rw-
  20200000    20200000    0000087d   00000000    rw- .data
  20200880    20200880    00000200   00000000    rw- .sysmem
  20200a80    20200a80    000001ef   00000000    rw- .bss
20207e00    20207e00    00000200   00000000    rw-
  20207e00    20207e00    00000200   00000000    rw- .stack


SECTION ALLOCATION MAP

 output                                  attributes/
section   page    origin      length       input sections
--------  ----  ----------  ----------   ----------------
.intvecs   0    00000000    000000c0     
                  00000000    000000c0     startup_mspm0g3507_ticlang.o (.intvecs)

.binit     0    00000000    00000000     

.text      0    000000c0    00003980     
                  000000c0    000004f4     Oscilloscope.o (.text._ZN11Application10Draw_GraphERK12Oscilliscopeii)
                  000005b4    00000264     Lab9HMain.o (.text.TIMG12_IRQHandler)
                  00000818    00000210     ST7735.o (.text._Z17ST7735_DrawBitmapssPKtss)
                  00000a28    000001b4     Clock.o (.text._Z15Clock_Init80MHzi)
                  00000bdc    000001a0     ST7735.o (.text._Z16ST7735_DrawCharSsscssh)
                  00000d7c    00000154     libc.a : fopen.c.obj (.text._openfile)
                  00000ed0    00000142     Oscilloscope.o (.text._ZN11Application9Draw_GridEv)
                  00001012    00000142     Oscilloscope.o (.text._ZN6Cursor4MoveEiR11ApplicationPS_)
                  00001154    00000130     Lab9HMain.o (.text.main)
                  00001284    00000128     TExaS.o (.text._Z8ADC_InitP10ADC12_Regsjj)
                  000013ac    00000118     ST7735.o (.text._Z15ST7735_FillRectsssst)
                  000014c4    00000114     libc.a : memory.c.obj (.text.aligned_alloc)
                  000015d8    000000f8     SPI.o (.text._Z8SPI_Initv)
                  000016d0    000000ec     libsysbm.a : add_device.c.obj (.text.add_device)
                  000017bc    000000e8     TExaS.o (.text._Z9UART_Initv)
                  000018a4    000000e8     libc.a : memory.c.obj (.text.free)
                  0000198c    000000e0            : setvbuf.c.obj (.text.setvbuf)
                  00001a6c    000000d0     ST7735.o (.text._Z14ST7735_OutCharc)
                  00001b3c    000000c8     Oscilloscope.o (.text._ZN11Application8Fix_GridEjj)
                  00001c04    000000b0     ST7735.o (.text._Z20ST7735_DrawFastHLinessst)
                  00001cb4    000000b0     ST7735.o (.text._Z20ST7735_DrawFastVLinessst)
                  00001d64    000000a8     Timer.o (.text._Z14TimerG6_IntArmtjj)
                  00001e0c    000000a8     Timer.o (.text._Z14TimerG7_IntArmtjj)
                  00001eb4    000000a2     ST7735.o (.text._ZL11commandListPKh)
                  00001f56    00000002     libclang_rt.builtins.a : aeabi_div0.c.obj (.text.__aeabi_idiv0)
                  00001f58    000000a2                            : udivmoddi4.S.obj (.text)
                  00001ffa    00000002                            : aeabi_div0.c.obj (.text.__aeabi_ldiv0)
                  00001ffc    000000a0     ST7735.o (.text._Z17ST7735_InitPrintf10initRFlags)
                  0000209c    000000a0     libsysbm.a : open.c.obj (.text.open)
                  0000213c    00000098     ST7735.o (.text._Z12ST7735_InitR10initRFlags)
                  000021d4    00000094     Timer.o (.text._Z15TimerG12_IntArmjj)
                  00002268    0000008c     Oscilloscope.o (.text._ZN6Cursor5EraseER11Application)
                  000022f4    00000088     ST7735.o (.text._ZL13setAddrWindowhhhh)
                  0000237c    00000004     libsysbm.a : hostexit.c.obj (.text.HOSTexit)
                  00002380    00000088     libc.a : strcmp-armv6m.S.obj (.text:strcmp)
                  00002408    00000084     ST7735.o (.text._Z14ST7735_OutUDecj)
                  0000248c    00000084     ST7735.o (.text._Z17ST7735_DrawStringttPcs)
                  00002510    0000007c     Lab9HMain.o (.text.TIMG6_IRQHandler)
                  0000258c    0000007c     LaunchPad.o (.text._Z14LaunchPad_Initv)
                  00002608    0000007c     Oscilloscope.o (.text._ZN12Oscilliscope4InitEv)
                  00002684    0000007c     SlidePot.o (.text._ZN8SlidePot4InitEv)
                  00002700    0000007c     libc.a : fclose.c.obj (.text.__TI_closefile)
                  0000277c    0000007c            : copy_decompress_lzss.c.obj (.text:decompress:lzss)
                  000027f8    00000078     Switch.o (.text._Z9Switch_Inv)
                  00002870    00000070     ST7735.o (.text._Z16ST7735_DrawPixelsst)
                  000028e0    0000006c     libsysbm.a : hostlseek.c.obj (.text.HOSTlseek)
                  0000294c    0000006c                : hostrename.c.obj (.text.HOSTrename)
                  000029b8    0000006c     libc.a : getdevice.c.obj (.text.getdevice)
                  00002a24    00000064     Oscilloscope.o (.text._ZN12Oscilliscope10Add_SampleEj)
                  00002a88    00000064     libc.a : memory.c.obj (.text.split)
                  00002aec    00000060     libsysbm.a : hostopen.c.obj (.text.HOSTopen)
                  00002b4c    0000005c     DAC5.o (.text._Z9DAC5_Initv)
                  00002ba8    0000005c     Oscilloscope.o (.text._ZN6Cursor4DrawEv)
                  00002c04    00000058     libsysbm.a : hostread.c.obj (.text.HOSTread)
                  00002c5c    00000058                : hostwrite.c.obj (.text.HOSTwrite)
                  00002cb4    00000058     TExaS.o (.text._Z10TExaS_InitP10ADC12_RegsjPFhvE)
                  00002d0c    00000056     libclang_rt.builtins.a : aeabi_idivmod.S.obj (.text.__aeabi_idivmod)
                  00002d62    00000002     libc.a : _lock.c.obj (.text._nop)
                  00002d64    00000054     ST7735.o (.text._Z11fillmessagej)
                  00002db8    00000054     libc.a : autoinit.c.obj (.text:__TI_auto_init_nobinit)
                  00002e0c    00000052            : fflush.c.obj (.text.__TI_doflush)
                  00002e5e    00000002     --HOLE-- [fill = 0]
                  00002e60    00000050     Sound.o (.text._Z10Sound_Initv)
                  00002eb0    00000050     libsysbm.a : close.c.obj (.text.close)
                  00002f00    00000048                : hostclose.c.obj (.text.HOSTclose)
                  00002f48    00000048                : hostunlink.c.obj (.text.HOSTunlink)
                  00002f90    00000048     SPI.o (.text._Z14SPI_OutCommandc)
                  00002fd8    00000048     Oscilloscope.o (.text._ZN12Oscilliscope2InEv)
                  00003020    00000048     SlidePot.o (.text._ZN8SlidePot2InEv)
                  00003068    00000040     TExaS.o (.text.TIMG7_IRQHandler)
                  000030a8    00000040     SPI.o (.text._Z9SPI_Resetv)
                  000030e8    00000040     libclang_rt.builtins.a : aeabi_uidivmod.S.obj (.text.__aeabi_uidivmod)
                  00003128    00000040     libc.a : fopen.c.obj (.text._search_fp)
                  00003168    0000003a     libclang_rt.builtins.a : muldsi3.S.obj (.text.__muldsi3)
                  000031a2    00000002     --HOLE-- [fill = 0]
                  000031a4    00000038     Sound.o (.text.SysTick_Handler)
                  000031dc    00000038     SPI.o (.text._Z11SPI_OutDatac)
                  00003214    00000038     LaunchPad.o (.text._Z15ActivatePortA_Bv)
                  0000324c    00000034     ST7735.o (.text._Z12ST7735_writeiPKcj)
                  00003280    00000034     Clock.o (.text._Z14Clock_Delay1msj)
                  000032b4    00000034     ST7735.o (.text._Z16ST7735_SetCursorjj)
                  000032e8    00000034     LED.o (.text._Z8LED_Initv)
                  0000331c    00000034     libc.a : fopen.c.obj (.text.__TI_cleanup)
                  00003350    00000034     libsysbm.a : trgmsg.c.obj (.text.__TI_readmsg)
                  00003384    00000034                : trgmsg.c.obj (.text.__TI_writemsg)
                  000033b8    00000034     libc.a : exit.c.obj (.text.exit)
                  000033ec    00000034            : getdevice.c.obj (.text.finddevice)
                  00003420    00000034            : fopen.c.obj (.text.freopen)
                  00003454    00000032     ST7735.o (.text._Z15ST7735_Color565hhh)
                  00003486    00000002     --HOLE-- [fill = 0]
                  00003488    00000030     ST7735.o (.text._ZL10commonInitPKh)
                  000034b8    00000030     libc.a : fopen.c.obj (.text.fopen)
                  000034e8    0000002c     ST7735.o (.text._Z17ST7735_FillScreent)
                  00003514    0000002c     DAC5.o (.text._Z8DAC5_Outj)
                  00003540    0000002c     Oscilloscope.o (.text._ZN12OscilliscopeC2Ev)
                  0000356c    0000002c     libsysbm.a : unlink.c.obj (.text.unlink)
                  00003598    00000028     Switch.o (.text._Z11Switch_Initv)
                  000035c0    00000028     TExaS.o (.text._Z9ADC_StartP10ADC12_Regs)
                  000035e8    00000028     libc.a : memory.c.obj (.text.free_list_insert)
                  00003610    00000028     libsysbm.a : write.c.obj (.text.write)
                  00003638    00000028     libc.a : boot_cortex_m.c.obj (.text:_c_int00_noargs)
                  00003660    00000026     ST7735.o (.text._Z16ST7735_OutStringPc)
                  00003686    00000026     Oscilloscope.o (.text._ZN6CursorC2Eii4Typei)
                  000036ac    00000024     Sound.o (.text._Z11Sound_Pausev)
                  000036d0    00000024     Sound.o (.text._Z11Sound_StartPKhj)
                  000036f4    00000024     Sound.o (.text._Z16Sound_CursorMovev)
                  00003718    00000024     Sound.o (.text._Z18Sound_CursorTogglev)
                  0000373c    00000024     libclang_rt.builtins.a : muldi3.S.obj (.text.__muldi3)
                  00003760    00000020     Lab9HMain.o (.text._GLOBAL__sub_I_Lab9HMain.cpp)
                  00003780    0000001e     ST7735.o (.text._ZL9pushColort)
                  0000379e    00000002     --HOLE-- [fill = 0]
                  000037a0    0000001e     libclang_rt.builtins.a : ashldi3.S.obj (.text.__ashldi3)
                  000037be    00000002     --HOLE-- [fill = 0]
                  000037c0    0000001c     startup_mspm0g3507_ticlang.o (.text.Default_Handler)
                  000037dc    0000001c     startup_mspm0g3507_ticlang.o (.text.HardFault_Handler)
                  000037f8    0000001c     Lab9HMain.o (.text.__cxx_global_var_init.3)
                  00003814    0000001c     Lab9HMain.o (.text.__cxx_global_var_init.4)
                  00003830    0000001c     Lab9HMain.o (.text.__cxx_global_var_init.5)
                  0000384c    0000001c     Lab9HMain.o (.text.__cxx_global_var_init.6)
                  00003868    0000001c     libc.a : memory.c.obj (.text.free_list_remove)
                  00003884    00000018     Oscilloscope.o (.text._ZN11ApplicationC2Ev)
                  0000389c    00000018     Lab9HMain.o (.text.__cxx_global_var_init)
                  000038b4    00000016     ST7735.o (.text._Z11ST7735_openPKcji)
                  000038ca    00000016     ST7735.o (.text._Z11ST7735_readiPcj)
                  000038e0    00000016     SlidePot.o (.text._ZN8SlidePotC2Ejj)
                  000038f6    00000016     libc.a : copy_zero_init.c.obj (.text:decompress:ZI:__TI_zero_init_nomemset)
                  0000390c    00000014     libclang_rt.builtins.a : aeabi_uldivmod.S.obj (.text.__aeabi_uldivmod)
                  00003920    00000012     libc.a : memcpy16.S.obj (.text:TI_memcpy_small)
                  00003932    00000012            : copy_decompress_none.c.obj (.text:decompress:none)
                  00003944    00000010     Clock.o (.text._Z11Clock_Delayj)
                  00003954    00000010     Lab9HMain.o (.text._Z28TExaS_LaunchPadLogicPB27PB26v)
                  00003964    00000010     Lab9HMain.o (.text.__cxx_global_var_init.1)
                  00003974    00000010     Lab9HMain.o (.text.__cxx_global_var_init.2)
                  00003984    0000000e     libc.a : memory.c.obj (.text.OUTLINED_FUNCTION_0)
                  00003992    0000000e     ST7735.o (.text._Z12ST7735_lseekili)
                  000039a0    0000000e     libsysbm.a : hostrename.c.obj (.text.strcpy)
                  000039ae    0000000e                : hostrename.c.obj (.text.strlen)
                  000039bc    0000000e     libc.a : memset16.S.obj (.text:TI_memset_small)
                  000039ca    00000002     --HOLE-- [fill = 0]
                  000039cc    0000000c     Clock.o (.text._Z10Clock_Freqv)
                  000039d8    0000000c     ST7735.o (.text._Z13ST7735_renamePKcS0_)
                  000039e4    0000000c     libclang_rt.builtins.a : aeabi_memset.S.obj (.text.__aeabi_memclr)
                  000039f0    0000000c     libc.a : memory.c.obj (.text.malloc)
                  000039fc    0000000a     ST7735.o (.text._Z12ST7735_closei)
                  00003a06    0000000a     ST7735.o (.text._Z13ST7735_unlinkPKc)
                  00003a10    0000000a     Lab9HMain.o (.text._Z8PLL_Initv)
                  00003a1a    00000002     --HOLE-- [fill = 0]
                  00003a1c    00000008     libclang_rt.builtins.a : aeabi_memcpy.S.obj (.text.__aeabi_memcpy)
                  00003a24    00000008     libsysbm.a : remove.c.obj (.text.remove)
                  00003a2c    00000006     libc.a : exit.c.obj (.text:abort)
                  00003a32    00000004     startup_mspm0g3507_ticlang.o (.text.Reset_Handler)
                  00003a36    00000004     libc.a : pre_init.c.obj (.text._system_pre_init)
                  00003a3a    00000006     --HOLE-- [fill = 0]

.cinit     0    00006800    000000a8     
                  00006800    0000007f     (.cinit..data.load) [load image, compression = lzss]
                  0000687f    00000001     --HOLE-- [fill = 0]
                  00006880    0000000c     (__TI_handler_table)
                  0000688c    00000008     (.cinit..bss.load) [load image, compression = zero_init]
                  00006894    00000010     (__TI_cinit_table)
                  000068a4    00000004     --HOLE-- [fill = 0]

.rodata    0    00003a40    00002db8     
                  00003a40    00000fa2     Sound.o (.rodata._ZL19toggle_cursor_sound)
                  000049e2    00000c38     Sound.o (.rodata._ZL11pause_sound)
                  0000561a    000009cf     Sound.o (.rodata._ZL17move_cursor_sound)
                  00005fe9    000004fb     ST7735.o (.rodata._ZL4Font)
                  000064e4    00000120     Oscilloscope.o (.rodata._ZL11PlayerShip0)
                  00006604    000000c4     Oscilloscope.o (.rodata._ZL19PlayerShip0_Updated)
                  000066c8    0000003b     ST7735.o (.rodata._ZL5Rcmd1)
                  00006703    0000002b     ST7735.o (.rodata._ZL5Rcmd3)
                  0000672e    00000016     ST7735.o (.rodata.str1.14736978382213673245.1)
                  00006744    0000000f     Oscilloscope.o (.rodata.str1.2631381879655847192.1)
                  00006753    0000000f     Oscilloscope.o (.rodata.str1.4510135411989404132.1)
                  00006762    0000000e     Oscilloscope.o (.rodata.str1.13678764714607804529.1)
                  00006770    0000000d     ST7735.o (.rodata._ZL10Rcmd2green)
                  0000677d    0000000d     ST7735.o (.rodata._ZL8Rcmd2red)
                  0000678a    0000000d     Oscilloscope.o (.rodata.str1.10394966218369101743.1)
                  00006797    0000000d     Oscilloscope.o (.rodata.str1.14822460067721422906.1)
                  000067a4    0000000c     Oscilloscope.o (.rodata.str1.15209315948486718851.1)
                  000067b0    0000000c     Oscilloscope.o (.rodata.str1.6688406594532223931.1)
                  000067bc    0000000b     Oscilloscope.o (.rodata.str1.6113990565935760779.1)
                  000067c7    00000008     ST7735.o (.rodata.str1.7209918599617305731.1)
                  000067cf    00000007     ST7735.o (.rodata.str1.10208736415454880443.1)
                  000067d6    00000007     Oscilloscope.o (.rodata.str1.17630018683000138334.1)
                  000067dd    00000007     ST7735.o (.rodata.str1.8723687351022562626.1)
                  000067e4    00000004     Oscilloscope.o (.rodata.str1.5226459774274764209.1)
                  000067e8    00000004     Oscilloscope.o (.rodata.str1.9071703653849539923.1)
                  000067ec    00000003     Oscilloscope.o (.rodata.str1.5423798190010233277.1)
                  000067ef    00000002     ST7735.o (.rodata.str1.18358205720993799461.1)
                  000067f1    00000007     --HOLE-- [fill = 0]

.init_array 
*          0    000067f8    00000008     
                  000067f8    00000004     Lab9HMain.o (.init_array)
                  000067fc    00000004     --HOLE-- [fill = 0]

.data      0    20200000    0000087d     UNINITIALIZED
                  20200000    0000060c     Lab9HMain.o (.data.scope)
                  2020060c    000000f0     libc.a : defs.c.obj (.data._ftable)
                  202006fc    00000078     libsysbm.a : host_device.c.obj (.data._device)
                  20200774    00000050                : host_device.c.obj (.data._stream)
                  202007c4    00000014     Lab9HMain.o (.data.Sensor)
                  202007d8    00000014     Lab9HMain.o (.data.app)
                  202007ec    00000010     Lab9HMain.o (.data.cursors)
                  202007fc    00000010     Lab9HMain.o (.data.hCursor2)
                  2020080c    00000010     Lab9HMain.o (.data.hCursor)
                  2020081c    00000010     Lab9HMain.o (.data.vCursor2)
                  2020082c    00000010     Lab9HMain.o (.data.vCursor)
                  2020083c    00000008     libc.a : exit.c.obj (.data..L_MergedGlobals)
                  20200844    00000004     Clock.o (.data.BusFreq)
                  20200848    00000004     Sound.o (.data.SoundCount)
                  2020084c    00000004     ST7735.o (.data.StX)
                  20200850    00000004     ST7735.o (.data.StY)
                  20200854    00000004     libc.a : defs.c.obj (.data.__TI_ft_end)
                  20200858    00000004            : _lock.c.obj (.data._lock)
                  2020085c    00000004            : _lock.c.obj (.data._unlock)
                  20200860    00000004     Lab9HMain.o (.data.index)
                  20200864    00000004     Lab9HMain.o (.data.last)
                  20200868    00000004     Lab9HMain.o (.data.selected)
                  2020086c    00000002     ST7735.o (.data.StTextColor)
                  2020086e    00000002     ST7735.o (.data._ZL6_width)
                  20200870    00000002     ST7735.o (.data._ZL7_height)
                  20200872    00000001     Lab9HMain.o (.data.clear)
                  20200873    00000001     --HOLE--
                  20200874    00000001     libsysbm.a : add_device.c.obj (.data.add_device.device_init)
                  20200875    00000003     --HOLE--
                  20200878    00000001     libc.a : memory.c.obj (.data.memory_is_initialized)
                  20200879    00000003     --HOLE--
                  2020087c    00000001     libsysbm.a : open.c.obj (.data.open.stream_init)

.sysmem    0    20200880    00000200     UNINITIALIZED
                  20200880    00000010     libc.a : memory.c.obj (.sysmem)
                  20200890    000001f0     --HOLE--

.bss       0    20200a80    000001ef     UNINITIALIZED
                  20200a80    00000120     libsysbm.a : trgmsg.c.obj (.bss:_CIOBUF_)
                  20200ba0    000000a0     libc.a : defs.c.obj (.bss.__TI_tmpnams)
                  20200c40    0000000c     ST7735.o (.bss.Message)
                  20200c4c    00000008     libsysbm.a : hostopen.c.obj (.bss.parmbuf)
                  20200c54    00000004     ST7735.o (.bss.Messageindex)
                  20200c58    00000004     Sound.o (.bss.SoundPtr)
                  20200c5c    00000004     TExaS.o (.bss.TExaSLogic)
                  20200c60    00000004     TExaS.o (.bss.TExaSadc)
                  20200c64    00000004     Lab9HMain.o (.bss.now)
                  20200c68    00000004     libc.a : memory.c.obj (.bss.sys_free)
                  20200c6c    00000001     ST7735.o (.bss._ZL8ColStart)
                  20200c6d    00000001     ST7735.o (.bss._ZL8RowStart)
                  20200c6e    00000001     ST7735.o (.bss._ZL8TabColor)

.stack     0    20207e00    00000200     UNINITIALIZED
                  20207e00    00000004     libc.a : boot_cortex_m.c.obj (.stack)
                  20207e04    000001fc     --HOLE--

__llvm_prf_cnts 
*          0    20200000    00000000     UNINITIALIZED

__llvm_prf_bits 
*          0    20200000    00000000     UNINITIALIZED

MODULE SUMMARY

       Module                         code    ro data   rw data
       ------                         ----    -------   -------
    ./
       Sound.o                        280     9641      8      
       ST7735.o                       3258    1449      33     
       Oscilloscope.o                 2746    607       0      
       Lab9HMain.o                    1266    4         1685   
       TExaS.o                        720     0         8      
       Clock.o                        516     0         4      
       Timer.o                        484     0         0      
       SPI.o                          440     0         0      
       SlidePot.o                     218     0         0      
       LaunchPad.o                    180     0         0      
       Switch.o                       160     0         0      
       DAC5.o                         136     0         0      
       LED.o                          52      0         0      
    +--+------------------------------+-------+---------+---------+
       Total:                         10456   11701     1738   
                                                               
    ./ticlang/
       startup_mspm0g3507_ticlang.o   60      192       0      
    +--+------------------------------+-------+---------+---------+
       Total:                         60      192       0      
                                                               
    /Applications/ti/ccs2040/ccs/tools/compiler/ti-cgt-armllvm_4.0.4.LTS/lib/armv6m-ti-none-eabi/c/libc.a
       memory.c.obj                   702     0         5      
       fopen.c.obj                    556     0         0      
       defs.c.obj                     0       0         404    
       setvbuf.c.obj                  224     0         0      
       getdevice.c.obj                160     0         0      
       strcmp-armv6m.S.obj            136     0         0      
       copy_decompress_lzss.c.obj     124     0         0      
       fclose.c.obj                   124     0         0      
       autoinit.c.obj                 84      0         0      
       fflush.c.obj                   82      0         0      
       exit.c.obj                     58      0         8      
       boot_cortex_m.c.obj            40      0         0      
       copy_zero_init.c.obj           22      0         0      
       copy_decompress_none.c.obj     18      0         0      
       memcpy16.S.obj                 18      0         0      
       memset16.S.obj                 14      0         0      
       _lock.c.obj                    2       0         8      
       pre_init.c.obj                 4       0         0      
    +--+------------------------------+-------+---------+---------+
       Total:                         2368    0         425    
                                                               
    /Applications/ti/ccs2040/ccs/tools/compiler/ti-cgt-armllvm_4.0.4.LTS/lib/armv6m-ti-none-eabi/c/libsysbm.a
       trgmsg.c.obj                   104     0         288    
       add_device.c.obj               236     0         1      
       host_device.c.obj              0       0         200    
       open.c.obj                     160     0         1      
       hostrename.c.obj               136     0         0      
       hostlseek.c.obj                108     0         0      
       hostopen.c.obj                 96      0         8      
       hostread.c.obj                 88      0         0      
       hostwrite.c.obj                88      0         0      
       close.c.obj                    80      0         0      
       hostclose.c.obj                72      0         0      
       hostunlink.c.obj               72      0         0      
       unlink.c.obj                   44      0         0      
       write.c.obj                    40      0         0      
       remove.c.obj                   8       0         0      
       hostexit.c.obj                 4       0         0      
    +--+------------------------------+-------+---------+---------+
       Total:                         1336    0         498    
                                                               
    /Applications/ti/ccs2040/ccs/tools/compiler/ti-cgt-armllvm_4.0.4.LTS/lib/armv6m-ti-none-eabi/libclang_rt.builtins.a
       udivmoddi4.S.obj               162     0         0      
       aeabi_idivmod.S.obj            86      0         0      
       aeabi_uidivmod.S.obj           64      0         0      
       muldsi3.S.obj                  58      0         0      
       muldi3.S.obj                   36      0         0      
       ashldi3.S.obj                  30      0         0      
       aeabi_uldivmod.S.obj           20      0         0      
       aeabi_memset.S.obj             12      0         0      
       aeabi_memcpy.S.obj             8       0         0      
       aeabi_div0.c.obj               4       0         0      
    +--+------------------------------+-------+---------+---------+
       Total:                         480     0         0      
                                                               
       Heap:                          0       0         512    
       Stack:                         0       0         512    
       Linker Generated:              0       163       0      
    +--+------------------------------+-------+---------+---------+
       Grand Total:                   14700   12056     3685   


LINKER GENERATED COPY TABLES

__TI_cinit_table @ 00006894 records: 2, size/record: 8, table size: 16
	.data: load addr=00006800, load size=0000007f bytes, run addr=20200000, run size=0000087d bytes, compression=lzss
	.bss: load addr=0000688c, load size=00000008 bytes, run addr=20200a80, run size=000001ef bytes, compression=zero_init


LINKER GENERATED HANDLER TABLE

__TI_handler_table @ 00006880 records: 3, size/record: 4, table size: 12
	index: 0, handler: __TI_decompress_lzss
	index: 1, handler: __TI_decompress_none
	index: 2, handler: __TI_zero_init


GLOBAL SYMBOLS: SORTED ALPHABETICALLY BY Name 

address   name                                           
-------   ----                                           
000037c1  ADC0_IRQHandler                                
000037c1  ADC1_IRQHandler                                
000037c1  AES_IRQHandler                                 
20200844  BusFreq                                        
0000237c  C$$EXIT                                        
000033b1  C$$IO$$                                        
000037c1  CANFD0_IRQHandler                              
000037c1  DAC0_IRQHandler                                
000037c1  DMA_IRQHandler                                 
000037c1  Default_Handler                                
000037c1  GROUP0_IRQHandler                              
000037c1  GROUP1_IRQHandler                              
00002f01  HOSTclose                                      
0000237d  HOSTexit                                       
000028e1  HOSTlseek                                      
00002aed  HOSTopen                                       
00002c05  HOSTread                                       
0000294d  HOSTrename                                     
00002f49  HOSTunlink                                     
00002c5d  HOSTwrite                                      
000037dd  HardFault_Handler                              
000037c1  I2C0_IRQHandler                                
000037c1  I2C1_IRQHandler                                
20200c40  Message                                        
20200c54  Messageindex                                   
000037c1  NMI_Handler                                    
000037c1  PendSV_Handler                                 
000037c1  RTC_IRQHandler                                 
00003a33  Reset_Handler                                  
000067f8  SHT$$INIT_ARRAY$$Base                          
000067fc  SHT$$INIT_ARRAY$$Limit                         
000037c1  SPI0_IRQHandler                                
000037c1  SPI1_IRQHandler                                
000037c1  SVC_Handler                                    
202007c4  Sensor                                         
20200848  SoundCount                                     
20200c58  SoundPtr                                       
2020086c  StTextColor                                    
2020084c  StX                                            
20200850  StY                                            
000031a5  SysTick_Handler                                
20200c5c  TExaSLogic                                     
20200c60  TExaSadc                                       
000037c1  TIMA0_IRQHandler                               
000037c1  TIMA1_IRQHandler                               
000037c1  TIMG0_IRQHandler                               
000005b5  TIMG12_IRQHandler                              
00002511  TIMG6_IRQHandler                               
00003069  TIMG7_IRQHandler                               
000037c1  TIMG8_IRQHandler                               
00003921  TI_memcpy_small                                
000039bd  TI_memset_small                                
000037c1  UART0_IRQHandler                               
000037c1  UART1_IRQHandler                               
000037c1  UART2_IRQHandler                               
000037c1  UART3_IRQHandler                               
20200a80  _CIOBUF_                                       
000039cd  _Z10Clock_Freqv                                
00002e61  _Z10Sound_Initv                                
00002cb5  _Z10TExaS_InitP10ADC12_RegsjPFhvE              
00003945  _Z11Clock_Delayj                               
000031dd  _Z11SPI_OutDatac                               
000038b5  _Z11ST7735_openPKcji                           
000038cb  _Z11ST7735_readiPcj                            
000036ad  _Z11Sound_Pausev                               
000036d1  _Z11Sound_StartPKhj                            
00003599  _Z11Switch_Initv                               
00002d65  _Z11fillmessagej                               
0000213d  _Z12ST7735_InitR10initRFlags                   
000039fd  _Z12ST7735_closei                              
00003993  _Z12ST7735_lseekili                            
0000324d  _Z12ST7735_writeiPKcj                          
000039d9  _Z13ST7735_renamePKcS0_                        
00003a07  _Z13ST7735_unlinkPKc                           
00003281  _Z14Clock_Delay1msj                            
0000258d  _Z14LaunchPad_Initv                            
00002f91  _Z14SPI_OutCommandc                            
00001a6d  _Z14ST7735_OutCharc                            
00002409  _Z14ST7735_OutUDecj                            
00001d65  _Z14TimerG6_IntArmtjj                          
00001e0d  _Z14TimerG7_IntArmtjj                          
00003215  _Z15ActivatePortA_Bv                           
00000a29  _Z15Clock_Init80MHzi                           
00003455  _Z15ST7735_Color565hhh                         
000013ad  _Z15ST7735_FillRectsssst                       
000021d5  _Z15TimerG12_IntArmjj                          
00000bdd  _Z16ST7735_DrawCharSsscssh                     
00002871  _Z16ST7735_DrawPixelsst                        
00003661  _Z16ST7735_OutStringPc                         
000032b5  _Z16ST7735_SetCursorjj                         
000036f5  _Z16Sound_CursorMovev                          
00000819  _Z17ST7735_DrawBitmapssPKtss                   
0000248d  _Z17ST7735_DrawStringttPcs                     
000034e9  _Z17ST7735_FillScreent                         
00001ffd  _Z17ST7735_InitPrintf10initRFlags              
00003719  _Z18Sound_CursorTogglev                        
00001c05  _Z20ST7735_DrawFastHLinessst                   
00001cb5  _Z20ST7735_DrawFastVLinessst                   
00003955  _Z28TExaS_LaunchPadLogicPB27PB26v              
00001285  _Z8ADC_InitP10ADC12_Regsjj                     
00003515  _Z8DAC5_Outj                                   
000032e9  _Z8LED_Initv                                   
00003a11  _Z8PLL_Initv                                   
000015d9  _Z8SPI_Initv                                   
000035c1  _Z9ADC_StartP10ADC12_Regs                      
00002b4d  _Z9DAC5_Initv                                  
000030a9  _Z9SPI_Resetv                                  
000027f9  _Z9Switch_Inv                                  
000017bd  _Z9UART_Initv                                  
000000c1  _ZN11Application10Draw_GraphERK12Oscilliscopeii
00001b3d  _ZN11Application8Fix_GridEjj                   
00000ed1  _ZN11Application9Draw_GridEv                   
00003885  _ZN11ApplicationC1Ev                           
00003885  _ZN11ApplicationC2Ev                           
00002a25  _ZN12Oscilliscope10Add_SampleEj                
00002fd9  _ZN12Oscilliscope2InEv                         
00002609  _ZN12Oscilliscope4InitEv                       
00003541  _ZN12OscilliscopeC1Ev                          
00003541  _ZN12OscilliscopeC2Ev                          
00002ba9  _ZN6Cursor4DrawEv                              
00001013  _ZN6Cursor4MoveEiR11ApplicationPS_             
00002269  _ZN6Cursor5EraseER11Application                
00003687  _ZN6CursorC1Eii4Typei                          
00003687  _ZN6CursorC2Eii4Typei                          
00003021  _ZN8SlidePot2InEv                              
00002685  _ZN8SlidePot4InitEv                            
000038e1  _ZN8SlidePotC1Ejj                              
000038e1  _ZN8SlidePotC2Ejj                              
20200a80  __CIOBUF_                                      
20208000  __STACK_END                                    
00000200  __STACK_SIZE                                   
00000200  __SYSMEM_SIZE                                  
00000000  __TI_ATRegion0_region_sz                       
00000000  __TI_ATRegion0_src_addr                        
00000000  __TI_ATRegion0_trg_addr                        
00000000  __TI_ATRegion1_region_sz                       
00000000  __TI_ATRegion1_src_addr                        
00000000  __TI_ATRegion1_trg_addr                        
00000000  __TI_ATRegion2_region_sz                       
00000000  __TI_ATRegion2_src_addr                        
00000000  __TI_ATRegion2_trg_addr                        
00006894  __TI_CINIT_Base                                
000068a4  __TI_CINIT_Limit                               
000068a4  __TI_CINIT_Warm                                
00006880  __TI_Handler_Table_Base                        
0000688c  __TI_Handler_Table_Limit                       
00002db9  __TI_auto_init_nobinit                         
0000331d  __TI_cleanup                                   
2020083c  __TI_cleanup_ptr                               
00002701  __TI_closefile                                 
0000277d  __TI_decompress_lzss                           
00003933  __TI_decompress_none                           
00002e0d  __TI_doflush                                   
20200840  __TI_dtors_ptr                                 
20200854  __TI_ft_end                                    
ffffffff  __TI_pprof_out_hndl                            
ffffffff  __TI_prof_data_size                            
ffffffff  __TI_prof_data_start                           
00003351  __TI_readmsg                                   
00000000  __TI_static_base__                             
20200ba0  __TI_tmpnams                                   
00003385  __TI_writemsg                                  
000038f7  __TI_zero_init_nomemset                        
00002d0d  __aeabi_idiv                                   
00001f57  __aeabi_idiv0                                  
00002d0d  __aeabi_idivmod                                
00001ffb  __aeabi_ldiv0                                  
000037a1  __aeabi_llsl                                   
0000373d  __aeabi_lmul                                   
000039e5  __aeabi_memclr                                 
000039e5  __aeabi_memclr4                                
000039e5  __aeabi_memclr8                                
00003a1d  __aeabi_memcpy                                 
00003a1d  __aeabi_memcpy4                                
00003a1d  __aeabi_memcpy8                                
000030e9  __aeabi_uidiv                                  
000030e9  __aeabi_uidivmod                               
0000390d  __aeabi_uldivmod                               
000037a1  __ashldi3                                      
ffffffff  __binit__                                      
UNDEFED   __mpu_init                                     
0000373d  __muldi3                                       
00003169  __muldsi3                                      
20207e00  __stack                                        
20200000  __start___llvm_prf_bits                        
20200000  __start___llvm_prf_cnts                        
20200000  __stop___llvm_prf_bits                         
20200000  __stop___llvm_prf_cnts                         
00001f59  __udivmoddi4                                   
00003639  _c_int00_noargs                                
202006fc  _device                                        
2020060c  _ftable                                        
20200858  _lock                                          
00002d63  _nop                                           
20200774  _stream                                        
20200880  _sys_memory                                    
UNDEFED   _system_post_cinit                             
00003a37  _system_pre_init                               
2020085c  _unlock                                        
00003a2d  abort                                          
000016d1  add_device                                     
000014c5  aligned_alloc                                  
202007d8  app                                            
ffffffff  binit                                          
20200872  clear                                          
00002eb1  close                                          
202007ec  cursors                                        
000033b9  exit                                           
000033ed  finddevice                                     
000034b9  fopen                                          
000018a5  free                                           
00003421  freopen                                        
000029b9  getdevice                                      
2020080c  hCursor                                        
202007fc  hCursor2                                       
20200860  index                                          
00000000  interruptVectors                               
20200864  last                                           
00001155  main                                           
000039f1  malloc                                         
000014c5  memalign                                       
20200c64  now                                            
0000209d  open                                           
20200c4c  parmbuf                                        
00003a25  remove                                         
20200000  scope                                          
20200868  selected                                       
0000198d  setvbuf                                        
00002381  strcmp                                         
0000356d  unlink                                         
2020082c  vCursor                                        
2020081c  vCursor2                                       
00003611  write                                          


GLOBAL SYMBOLS: SORTED BY Symbol Address 

address   name                                           
-------   ----                                           
00000000  __TI_ATRegion0_region_sz                       
00000000  __TI_ATRegion0_src_addr                        
00000000  __TI_ATRegion0_trg_addr                        
00000000  __TI_ATRegion1_region_sz                       
00000000  __TI_ATRegion1_src_addr                        
00000000  __TI_ATRegion1_trg_addr                        
00000000  __TI_ATRegion2_region_sz                       
00000000  __TI_ATRegion2_src_addr                        
00000000  __TI_ATRegion2_trg_addr                        
00000000  __TI_static_base__                             
00000000  interruptVectors                               
000000c1  _ZN11Application10Draw_GraphERK12Oscilliscopeii
00000200  __STACK_SIZE                                   
00000200  __SYSMEM_SIZE                                  
000005b5  TIMG12_IRQHandler                              
00000819  _Z17ST7735_DrawBitmapssPKtss                   
00000a29  _Z15Clock_Init80MHzi                           
00000bdd  _Z16ST7735_DrawCharSsscssh                     
00000ed1  _ZN11Application9Draw_GridEv                   
00001013  _ZN6Cursor4MoveEiR11ApplicationPS_             
00001155  main                                           
00001285  _Z8ADC_InitP10ADC12_Regsjj                     
000013ad  _Z15ST7735_FillRectsssst                       
000014c5  aligned_alloc                                  
000014c5  memalign                                       
000015d9  _Z8SPI_Initv                                   
000016d1  add_device                                     
000017bd  _Z9UART_Initv                                  
000018a5  free                                           
0000198d  setvbuf                                        
00001a6d  _Z14ST7735_OutCharc                            
00001b3d  _ZN11Application8Fix_GridEjj                   
00001c05  _Z20ST7735_DrawFastHLinessst                   
00001cb5  _Z20ST7735_DrawFastVLinessst                   
00001d65  _Z14TimerG6_IntArmtjj                          
00001e0d  _Z14TimerG7_IntArmtjj                          
00001f57  __aeabi_idiv0                                  
00001f59  __udivmoddi4                                   
00001ffb  __aeabi_ldiv0                                  
00001ffd  _Z17ST7735_InitPrintf10initRFlags              
0000209d  open                                           
0000213d  _Z12ST7735_InitR10initRFlags                   
000021d5  _Z15TimerG12_IntArmjj                          
00002269  _ZN6Cursor5EraseER11Application                
0000237c  C$$EXIT                                        
0000237d  HOSTexit                                       
00002381  strcmp                                         
00002409  _Z14ST7735_OutUDecj                            
0000248d  _Z17ST7735_DrawStringttPcs                     
00002511  TIMG6_IRQHandler                               
0000258d  _Z14LaunchPad_Initv                            
00002609  _ZN12Oscilliscope4InitEv                       
00002685  _ZN8SlidePot4InitEv                            
00002701  __TI_closefile                                 
0000277d  __TI_decompress_lzss                           
000027f9  _Z9Switch_Inv                                  
00002871  _Z16ST7735_DrawPixelsst                        
000028e1  HOSTlseek                                      
0000294d  HOSTrename                                     
000029b9  getdevice                                      
00002a25  _ZN12Oscilliscope10Add_SampleEj                
00002aed  HOSTopen                                       
00002b4d  _Z9DAC5_Initv                                  
00002ba9  _ZN6Cursor4DrawEv                              
00002c05  HOSTread                                       
00002c5d  HOSTwrite                                      
00002cb5  _Z10TExaS_InitP10ADC12_RegsjPFhvE              
00002d0d  __aeabi_idiv                                   
00002d0d  __aeabi_idivmod                                
00002d63  _nop                                           
00002d65  _Z11fillmessagej                               
00002db9  __TI_auto_init_nobinit                         
00002e0d  __TI_doflush                                   
00002e61  _Z10Sound_Initv                                
00002eb1  close                                          
00002f01  HOSTclose                                      
00002f49  HOSTunlink                                     
00002f91  _Z14SPI_OutCommandc                            
00002fd9  _ZN12Oscilliscope2InEv                         
00003021  _ZN8SlidePot2InEv                              
00003069  TIMG7_IRQHandler                               
000030a9  _Z9SPI_Resetv                                  
000030e9  __aeabi_uidiv                                  
000030e9  __aeabi_uidivmod                               
00003169  __muldsi3                                      
000031a5  SysTick_Handler                                
000031dd  _Z11SPI_OutDatac                               
00003215  _Z15ActivatePortA_Bv                           
0000324d  _Z12ST7735_writeiPKcj                          
00003281  _Z14Clock_Delay1msj                            
000032b5  _Z16ST7735_SetCursorjj                         
000032e9  _Z8LED_Initv                                   
0000331d  __TI_cleanup                                   
00003351  __TI_readmsg                                   
00003385  __TI_writemsg                                  
000033b1  C$$IO$$                                        
000033b9  exit                                           
000033ed  finddevice                                     
00003421  freopen                                        
00003455  _Z15ST7735_Color565hhh                         
000034b9  fopen                                          
000034e9  _Z17ST7735_FillScreent                         
00003515  _Z8DAC5_Outj                                   
00003541  _ZN12OscilliscopeC1Ev                          
00003541  _ZN12OscilliscopeC2Ev                          
0000356d  unlink                                         
00003599  _Z11Switch_Initv                               
000035c1  _Z9ADC_StartP10ADC12_Regs                      
00003611  write                                          
00003639  _c_int00_noargs                                
00003661  _Z16ST7735_OutStringPc                         
00003687  _ZN6CursorC1Eii4Typei                          
00003687  _ZN6CursorC2Eii4Typei                          
000036ad  _Z11Sound_Pausev                               
000036d1  _Z11Sound_StartPKhj                            
000036f5  _Z16Sound_CursorMovev                          
00003719  _Z18Sound_CursorTogglev                        
0000373d  __aeabi_lmul                                   
0000373d  __muldi3                                       
000037a1  __aeabi_llsl                                   
000037a1  __ashldi3                                      
000037c1  ADC0_IRQHandler                                
000037c1  ADC1_IRQHandler                                
000037c1  AES_IRQHandler                                 
000037c1  CANFD0_IRQHandler                              
000037c1  DAC0_IRQHandler                                
000037c1  DMA_IRQHandler                                 
000037c1  Default_Handler                                
000037c1  GROUP0_IRQHandler                              
000037c1  GROUP1_IRQHandler                              
000037c1  I2C0_IRQHandler                                
000037c1  I2C1_IRQHandler                                
000037c1  NMI_Handler                                    
000037c1  PendSV_Handler                                 
000037c1  RTC_IRQHandler                                 
000037c1  SPI0_IRQHandler                                
000037c1  SPI1_IRQHandler                                
000037c1  SVC_Handler                                    
000037c1  TIMA0_IRQHandler                               
000037c1  TIMA1_IRQHandler                               
000037c1  TIMG0_IRQHandler                               
000037c1  TIMG8_IRQHandler                               
000037c1  UART0_IRQHandler                               
000037c1  UART1_IRQHandler                               
000037c1  UART2_IRQHandler                               
000037c1  UART3_IRQHandler                               
000037dd  HardFault_Handler                              
00003885  _ZN11ApplicationC1Ev                           
00003885  _ZN11ApplicationC2Ev                           
000038b5  _Z11ST7735_openPKcji                           
000038cb  _Z11ST7735_readiPcj                            
000038e1  _ZN8SlidePotC1Ejj                              
000038e1  _ZN8SlidePotC2Ejj                              
000038f7  __TI_zero_init_nomemset                        
0000390d  __aeabi_uldivmod                               
00003921  TI_memcpy_small                                
00003933  __TI_decompress_none                           
00003945  _Z11Clock_Delayj                               
00003955  _Z28TExaS_LaunchPadLogicPB27PB26v              
00003993  _Z12ST7735_lseekili                            
000039bd  TI_memset_small                                
000039cd  _Z10Clock_Freqv                                
000039d9  _Z13ST7735_renamePKcS0_                        
000039e5  __aeabi_memclr                                 
000039e5  __aeabi_memclr4                                
000039e5  __aeabi_memclr8                                
000039f1  malloc                                         
000039fd  _Z12ST7735_closei                              
00003a07  _Z13ST7735_unlinkPKc                           
00003a11  _Z8PLL_Initv                                   
00003a1d  __aeabi_memcpy                                 
00003a1d  __aeabi_memcpy4                                
00003a1d  __aeabi_memcpy8                                
00003a25  remove                                         
00003a2d  abort                                          
00003a33  Reset_Handler                                  
00003a37  _system_pre_init                               
000067f8  SHT$$INIT_ARRAY$$Base                          
000067fc  SHT$$INIT_ARRAY$$Limit                         
00006880  __TI_Handler_Table_Base                        
0000688c  __TI_Handler_Table_Limit                       
00006894  __TI_CINIT_Base                                
000068a4  __TI_CINIT_Limit                               
000068a4  __TI_CINIT_Warm                                
20200000  __start___llvm_prf_bits                        
20200000  __start___llvm_prf_cnts                        
20200000  __stop___llvm_prf_bits                         
20200000  __stop___llvm_prf_cnts                         
20200000  scope                                          
2020060c  _ftable                                        
202006fc  _device                                        
20200774  _stream                                        
202007c4  Sensor                                         
202007d8  app                                            
202007ec  cursors                                        
202007fc  hCursor2                                       
2020080c  hCursor                                        
2020081c  vCursor2                                       
2020082c  vCursor                                        
2020083c  __TI_cleanup_ptr                               
20200840  __TI_dtors_ptr                                 
20200844  BusFreq                                        
20200848  SoundCount                                     
2020084c  StX                                            
20200850  StY                                            
20200854  __TI_ft_end                                    
20200858  _lock                                          
2020085c  _unlock                                        
20200860  index                                          
20200864  last                                           
20200868  selected                                       
2020086c  StTextColor                                    
20200872  clear                                          
20200880  _sys_memory                                    
20200a80  _CIOBUF_                                       
20200a80  __CIOBUF_                                      
20200ba0  __TI_tmpnams                                   
20200c40  Message                                        
20200c4c  parmbuf                                        
20200c54  Messageindex                                   
20200c58  SoundPtr                                       
20200c5c  TExaSLogic                                     
20200c60  TExaSadc                                       
20200c64  now                                            
20207e00  __stack                                        
20208000  __STACK_END                                    
ffffffff  __TI_pprof_out_hndl                            
ffffffff  __TI_prof_data_size                            
ffffffff  __TI_prof_data_start                           
ffffffff  __binit__                                      
ffffffff  binit                                          
UNDEFED   __mpu_init                                     
UNDEFED   _system_post_cinit                             

[233 symbols]
