<?xml version="1.0" encoding="ISO-8859-1" ?>
<link_info>
   <banner>TI ARM Clang Linker Unix v4.0.4.LTS</banner>
   <copyright>Copyright (c) 1996-2018 Texas Instruments Incorporated</copyright>
   <command_line>/Applications/ti/ccs2040/ccs/tools/compiler/ti-cgt-armllvm_4.0.4.LTS/bin/tiarmlnk -I/Applications/ti/ccs2040/ccs/tools/compiler/ti-cgt-armllvm_4.0.4.LTS/lib -o ECE319K_Lab9H.out -mECE319K_Lab9H.map --heap_size=512 --stack_size=512 -i/Users/rachitkakkar/Documents/root/Documents/College Work/ECE 319H/MSPM0_ValvanoWare/ECE319K_Lab9H/Debug/syscfg -i/Applications/ti/ccs2040/ccs/tools/compiler/ti-cgt-armllvm_4.0.4.LTS/lib --diag_wrap=off --display_error_number --warn_sections --xml_link_info=ECE319K_Lab9H_linkInfo.xml --rom_model ./Clock.o ./DAC5.o ./LED.o ./Lab9HMain.o ./LaunchPad.o ./Oscilloscope.o ./SPI.o ./ST7735.o ./SlidePot.o ./SmallFont.o ./Sound.o ./Switch.o ./TExaS.o ./Timer.o ./images/pipedreams/PipeSound.o ./ticlang/startup_mspm0g3507_ticlang.o ../mspm0g3507.cmd -l/Applications/ti/mspm0_sdk_2_09_00_01/source/ti/driverlib/lib/ticlang/m0p/mspm0g1x0x_g3x0x/driverlib.a -llibc.a --start-group -llibc++.a -llibc++abi.a -llibc.a -llibsys.a -llibsysbm.a -llibclang_rt.builtins.a -llibclang_rt.profile.a --end-group --cg_opt_level=0</command_line>
   <link_time>0x69e6d6e0</link_time>
   <link_errors>0x0</link_errors>
   <output_file>/Users/rachitkakkar/Documents/root/Documents/College Work/ECE 319H/MSPM0_ValvanoWare/ECE319K_Lab9H/Debug/ECE319K_Lab9H.out</output_file>
   <entry_point>
      <name>_c_int00_noargs</name>
      <address>0x2d85</address>
   </entry_point>
   <input_file_list>
      <input_file id="fl-1">
         <path>/Users/rachitkakkar/Documents/root/Documents/College Work/ECE 319H/MSPM0_ValvanoWare/ECE319K_Lab9H/Debug/./</path>
         <kind>object</kind>
         <file>Clock.o</file>
         <name>Clock.o</name>
      </input_file>
      <input_file id="fl-2">
         <path>/Users/rachitkakkar/Documents/root/Documents/College Work/ECE 319H/MSPM0_ValvanoWare/ECE319K_Lab9H/Debug/./</path>
         <kind>object</kind>
         <file>DAC5.o</file>
         <name>DAC5.o</name>
      </input_file>
      <input_file id="fl-3">
         <path>/Users/rachitkakkar/Documents/root/Documents/College Work/ECE 319H/MSPM0_ValvanoWare/ECE319K_Lab9H/Debug/./</path>
         <kind>object</kind>
         <file>LED.o</file>
         <name>LED.o</name>
      </input_file>
      <input_file id="fl-4">
         <path>/Users/rachitkakkar/Documents/root/Documents/College Work/ECE 319H/MSPM0_ValvanoWare/ECE319K_Lab9H/Debug/./</path>
         <kind>object</kind>
         <file>Lab9HMain.o</file>
         <name>Lab9HMain.o</name>
      </input_file>
      <input_file id="fl-5">
         <path>/Users/rachitkakkar/Documents/root/Documents/College Work/ECE 319H/MSPM0_ValvanoWare/ECE319K_Lab9H/Debug/./</path>
         <kind>object</kind>
         <file>LaunchPad.o</file>
         <name>LaunchPad.o</name>
      </input_file>
      <input_file id="fl-6">
         <path>/Users/rachitkakkar/Documents/root/Documents/College Work/ECE 319H/MSPM0_ValvanoWare/ECE319K_Lab9H/Debug/./</path>
         <kind>object</kind>
         <file>Oscilloscope.o</file>
         <name>Oscilloscope.o</name>
      </input_file>
      <input_file id="fl-7">
         <path>/Users/rachitkakkar/Documents/root/Documents/College Work/ECE 319H/MSPM0_ValvanoWare/ECE319K_Lab9H/Debug/./</path>
         <kind>object</kind>
         <file>SPI.o</file>
         <name>SPI.o</name>
      </input_file>
      <input_file id="fl-8">
         <path>/Users/rachitkakkar/Documents/root/Documents/College Work/ECE 319H/MSPM0_ValvanoWare/ECE319K_Lab9H/Debug/./</path>
         <kind>object</kind>
         <file>ST7735.o</file>
         <name>ST7735.o</name>
      </input_file>
      <input_file id="fl-9">
         <path>/Users/rachitkakkar/Documents/root/Documents/College Work/ECE 319H/MSPM0_ValvanoWare/ECE319K_Lab9H/Debug/./</path>
         <kind>object</kind>
         <file>SlidePot.o</file>
         <name>SlidePot.o</name>
      </input_file>
      <input_file id="fl-a">
         <path>/Users/rachitkakkar/Documents/root/Documents/College Work/ECE 319H/MSPM0_ValvanoWare/ECE319K_Lab9H/Debug/./</path>
         <kind>object</kind>
         <file>SmallFont.o</file>
         <name>SmallFont.o</name>
      </input_file>
      <input_file id="fl-b">
         <path>/Users/rachitkakkar/Documents/root/Documents/College Work/ECE 319H/MSPM0_ValvanoWare/ECE319K_Lab9H/Debug/./</path>
         <kind>object</kind>
         <file>Sound.o</file>
         <name>Sound.o</name>
      </input_file>
      <input_file id="fl-c">
         <path>/Users/rachitkakkar/Documents/root/Documents/College Work/ECE 319H/MSPM0_ValvanoWare/ECE319K_Lab9H/Debug/./</path>
         <kind>object</kind>
         <file>Switch.o</file>
         <name>Switch.o</name>
      </input_file>
      <input_file id="fl-d">
         <path>/Users/rachitkakkar/Documents/root/Documents/College Work/ECE 319H/MSPM0_ValvanoWare/ECE319K_Lab9H/Debug/./</path>
         <kind>object</kind>
         <file>TExaS.o</file>
         <name>TExaS.o</name>
      </input_file>
      <input_file id="fl-e">
         <path>/Users/rachitkakkar/Documents/root/Documents/College Work/ECE 319H/MSPM0_ValvanoWare/ECE319K_Lab9H/Debug/./</path>
         <kind>object</kind>
         <file>Timer.o</file>
         <name>Timer.o</name>
      </input_file>
      <input_file id="fl-f">
         <path>/Users/rachitkakkar/Documents/root/Documents/College Work/ECE 319H/MSPM0_ValvanoWare/ECE319K_Lab9H/Debug/./images/pipedreams/</path>
         <kind>object</kind>
         <file>PipeSound.o</file>
         <name>PipeSound.o</name>
      </input_file>
      <input_file id="fl-10">
         <path>/Users/rachitkakkar/Documents/root/Documents/College Work/ECE 319H/MSPM0_ValvanoWare/ECE319K_Lab9H/Debug/./ticlang/</path>
         <kind>object</kind>
         <file>startup_mspm0g3507_ticlang.o</file>
         <name>startup_mspm0g3507_ticlang.o</name>
      </input_file>
      <input_file id="fl-1c">
         <path>/Users/rachitkakkar/Documents/root/Documents/College Work/ECE 319H/MSPM0_ValvanoWare/ECE319K_Lab9H/Debug/</path>
         <kind>object</kind>
         <file>&lt;internal&gt;</file>
         <name>&lt;internal&gt;</name>
      </input_file>
      <input_file id="fl-33">
         <path>/Applications/ti/ccs2040/ccs/tools/compiler/ti-cgt-armllvm_4.0.4.LTS/lib/armv6m-ti-none-eabi/c/</path>
         <kind>archive</kind>
         <file>libc.a</file>
         <name>fopen.c.obj</name>
      </input_file>
      <input_file id="fl-34">
         <path>/Applications/ti/ccs2040/ccs/tools/compiler/ti-cgt-armllvm_4.0.4.LTS/lib/armv6m-ti-none-eabi/c/</path>
         <kind>archive</kind>
         <file>libc.a</file>
         <name>setvbuf.c.obj</name>
      </input_file>
      <input_file id="fl-35">
         <path>/Applications/ti/ccs2040/ccs/tools/compiler/ti-cgt-armllvm_4.0.4.LTS/lib/armv6m-ti-none-eabi/c/</path>
         <kind>archive</kind>
         <file>libc.a</file>
         <name>aeabi_portable.c.obj</name>
      </input_file>
      <input_file id="fl-36">
         <path>/Applications/ti/ccs2040/ccs/tools/compiler/ti-cgt-armllvm_4.0.4.LTS/lib/armv6m-ti-none-eabi/c/</path>
         <kind>archive</kind>
         <file>libc.a</file>
         <name>exit.c.obj</name>
      </input_file>
      <input_file id="fl-37">
         <path>/Applications/ti/ccs2040/ccs/tools/compiler/ti-cgt-armllvm_4.0.4.LTS/lib/armv6m-ti-none-eabi/c/</path>
         <kind>archive</kind>
         <file>libc.a</file>
         <name>_lock.c.obj</name>
      </input_file>
      <input_file id="fl-38">
         <path>/Applications/ti/ccs2040/ccs/tools/compiler/ti-cgt-armllvm_4.0.4.LTS/lib/armv6m-ti-none-eabi/c/</path>
         <kind>archive</kind>
         <file>libc.a</file>
         <name>assert.c.obj</name>
      </input_file>
      <input_file id="fl-39">
         <path>/Applications/ti/ccs2040/ccs/tools/compiler/ti-cgt-armllvm_4.0.4.LTS/lib/armv6m-ti-none-eabi/c/</path>
         <kind>archive</kind>
         <file>libc.a</file>
         <name>defs.c.obj</name>
      </input_file>
      <input_file id="fl-3a">
         <path>/Applications/ti/ccs2040/ccs/tools/compiler/ti-cgt-armllvm_4.0.4.LTS/lib/armv6m-ti-none-eabi/c/</path>
         <kind>archive</kind>
         <file>libc.a</file>
         <name>memory.c.obj</name>
      </input_file>
      <input_file id="fl-3b">
         <path>/Applications/ti/ccs2040/ccs/tools/compiler/ti-cgt-armllvm_4.0.4.LTS/lib/armv6m-ti-none-eabi/c/</path>
         <kind>archive</kind>
         <file>libc.a</file>
         <name>boot_cortex_m.c.obj</name>
      </input_file>
      <input_file id="fl-3c">
         <path>/Applications/ti/ccs2040/ccs/tools/compiler/ti-cgt-armllvm_4.0.4.LTS/lib/armv6m-ti-none-eabi/c/</path>
         <kind>archive</kind>
         <file>libc.a</file>
         <name>mathacl_init.c.obj</name>
      </input_file>
      <input_file id="fl-3d">
         <path>/Applications/ti/ccs2040/ccs/tools/compiler/ti-cgt-armllvm_4.0.4.LTS/lib/armv6m-ti-none-eabi/c/</path>
         <kind>archive</kind>
         <file>libc.a</file>
         <name>autoinit.c.obj</name>
      </input_file>
      <input_file id="fl-3e">
         <path>/Applications/ti/ccs2040/ccs/tools/compiler/ti-cgt-armllvm_4.0.4.LTS/lib/armv6m-ti-none-eabi/c/</path>
         <kind>archive</kind>
         <file>libc.a</file>
         <name>pre_init.c.obj</name>
      </input_file>
      <input_file id="fl-3f">
         <path>/Applications/ti/ccs2040/ccs/tools/compiler/ti-cgt-armllvm_4.0.4.LTS/lib/armv6m-ti-none-eabi/c/</path>
         <kind>archive</kind>
         <file>libc.a</file>
         <name>cpy_tbl.c.obj</name>
      </input_file>
      <input_file id="fl-40">
         <path>/Applications/ti/ccs2040/ccs/tools/compiler/ti-cgt-armllvm_4.0.4.LTS/lib/armv6m-ti-none-eabi/c/</path>
         <kind>archive</kind>
         <file>libc.a</file>
         <name>copy_zero_init.c.obj</name>
      </input_file>
      <input_file id="fl-41">
         <path>/Applications/ti/ccs2040/ccs/tools/compiler/ti-cgt-armllvm_4.0.4.LTS/lib/armv6m-ti-none-eabi/c/</path>
         <kind>archive</kind>
         <file>libc.a</file>
         <name>copy_decompress_none.c.obj</name>
      </input_file>
      <input_file id="fl-42">
         <path>/Applications/ti/ccs2040/ccs/tools/compiler/ti-cgt-armllvm_4.0.4.LTS/lib/armv6m-ti-none-eabi/c/</path>
         <kind>archive</kind>
         <file>libc.a</file>
         <name>copy_decompress_lzss.c.obj</name>
      </input_file>
      <input_file id="fl-43">
         <path>/Applications/ti/ccs2040/ccs/tools/compiler/ti-cgt-armllvm_4.0.4.LTS/lib/armv6m-ti-none-eabi/c/</path>
         <kind>archive</kind>
         <file>libc.a</file>
         <name>sprintf.c.obj</name>
      </input_file>
      <input_file id="fl-44">
         <path>/Applications/ti/ccs2040/ccs/tools/compiler/ti-cgt-armllvm_4.0.4.LTS/lib/armv6m-ti-none-eabi/c/</path>
         <kind>archive</kind>
         <file>libc.a</file>
         <name>fclose.c.obj</name>
      </input_file>
      <input_file id="fl-45">
         <path>/Applications/ti/ccs2040/ccs/tools/compiler/ti-cgt-armllvm_4.0.4.LTS/lib/armv6m-ti-none-eabi/c/</path>
         <kind>archive</kind>
         <file>libc.a</file>
         <name>fflush.c.obj</name>
      </input_file>
      <input_file id="fl-46">
         <path>/Applications/ti/ccs2040/ccs/tools/compiler/ti-cgt-armllvm_4.0.4.LTS/lib/armv6m-ti-none-eabi/c/</path>
         <kind>archive</kind>
         <file>libc.a</file>
         <name>fputs.c.obj</name>
      </input_file>
      <input_file id="fl-47">
         <path>/Applications/ti/ccs2040/ccs/tools/compiler/ti-cgt-armllvm_4.0.4.LTS/lib/armv6m-ti-none-eabi/c/</path>
         <kind>archive</kind>
         <file>libc.a</file>
         <name>_io_perm.c.obj</name>
      </input_file>
      <input_file id="fl-48">
         <path>/Applications/ti/ccs2040/ccs/tools/compiler/ti-cgt-armllvm_4.0.4.LTS/lib/armv6m-ti-none-eabi/c/</path>
         <kind>archive</kind>
         <file>libc.a</file>
         <name>args_main.c.obj</name>
      </input_file>
      <input_file id="fl-49">
         <path>/Applications/ti/ccs2040/ccs/tools/compiler/ti-cgt-armllvm_4.0.4.LTS/lib/armv6m-ti-none-eabi/c/</path>
         <kind>archive</kind>
         <file>libc.a</file>
         <name>_printfi.c.obj</name>
      </input_file>
      <input_file id="fl-4a">
         <path>/Applications/ti/ccs2040/ccs/tools/compiler/ti-cgt-armllvm_4.0.4.LTS/lib/armv6m-ti-none-eabi/c/</path>
         <kind>archive</kind>
         <file>libc.a</file>
         <name>fseek.c.obj</name>
      </input_file>
      <input_file id="fl-4b">
         <path>/Applications/ti/ccs2040/ccs/tools/compiler/ti-cgt-armllvm_4.0.4.LTS/lib/armv6m-ti-none-eabi/c/</path>
         <kind>archive</kind>
         <file>libc.a</file>
         <name>_ltoa.c.obj</name>
      </input_file>
      <input_file id="fl-4c">
         <path>/Applications/ti/ccs2040/ccs/tools/compiler/ti-cgt-armllvm_4.0.4.LTS/lib/armv6m-ti-none-eabi/c/</path>
         <kind>archive</kind>
         <file>libc.a</file>
         <name>atoi.c.obj</name>
      </input_file>
      <input_file id="fl-4d">
         <path>/Applications/ti/ccs2040/ccs/tools/compiler/ti-cgt-armllvm_4.0.4.LTS/lib/armv6m-ti-none-eabi/c/</path>
         <kind>archive</kind>
         <file>libc.a</file>
         <name>memccpy.c.obj</name>
      </input_file>
      <input_file id="fl-4e">
         <path>/Applications/ti/ccs2040/ccs/tools/compiler/ti-cgt-armllvm_4.0.4.LTS/lib/armv6m-ti-none-eabi/c/</path>
         <kind>archive</kind>
         <file>libc.a</file>
         <name>s_frexp.c.obj</name>
      </input_file>
      <input_file id="fl-4f">
         <path>/Applications/ti/ccs2040/ccs/tools/compiler/ti-cgt-armllvm_4.0.4.LTS/lib/armv6m-ti-none-eabi/c/</path>
         <kind>archive</kind>
         <file>libc.a</file>
         <name>s_scalbn.c.obj</name>
      </input_file>
      <input_file id="fl-50">
         <path>/Applications/ti/ccs2040/ccs/tools/compiler/ti-cgt-armllvm_4.0.4.LTS/lib/armv6m-ti-none-eabi/c/</path>
         <kind>archive</kind>
         <file>libc.a</file>
         <name>wcslen.c.obj</name>
      </input_file>
      <input_file id="fl-51">
         <path>/Applications/ti/ccs2040/ccs/tools/compiler/ti-cgt-armllvm_4.0.4.LTS/lib/armv6m-ti-none-eabi/c/</path>
         <kind>archive</kind>
         <file>libc.a</file>
         <name>aeabi_ctype.S.obj</name>
      </input_file>
      <input_file id="fl-f1">
         <path>/Applications/ti/ccs2040/ccs/tools/compiler/ti-cgt-armllvm_4.0.4.LTS/lib/armv6m-ti-none-eabi/c/</path>
         <kind>archive</kind>
         <file>libsysbm.a</file>
         <name>hostexit.c.obj</name>
      </input_file>
      <input_file id="fl-f2">
         <path>/Applications/ti/ccs2040/ccs/tools/compiler/ti-cgt-armllvm_4.0.4.LTS/lib/armv6m-ti-none-eabi/c/</path>
         <kind>archive</kind>
         <file>libsysbm.a</file>
         <name>write.c.obj</name>
      </input_file>
      <input_file id="fl-f3">
         <path>/Applications/ti/ccs2040/ccs/tools/compiler/ti-cgt-armllvm_4.0.4.LTS/lib/armv6m-ti-none-eabi/c/</path>
         <kind>archive</kind>
         <file>libsysbm.a</file>
         <name>host_device.c.obj</name>
      </input_file>
      <input_file id="fl-f4">
         <path>/Applications/ti/ccs2040/ccs/tools/compiler/ti-cgt-armllvm_4.0.4.LTS/lib/armv6m-ti-none-eabi/c/</path>
         <kind>archive</kind>
         <file>libsysbm.a</file>
         <name>remove.c.obj</name>
      </input_file>
      <input_file id="fl-f5">
         <path>/Applications/ti/ccs2040/ccs/tools/compiler/ti-cgt-armllvm_4.0.4.LTS/lib/armv6m-ti-none-eabi/c/</path>
         <kind>archive</kind>
         <file>libsysbm.a</file>
         <name>open.c.obj</name>
      </input_file>
      <input_file id="fl-f6">
         <path>/Applications/ti/ccs2040/ccs/tools/compiler/ti-cgt-armllvm_4.0.4.LTS/lib/armv6m-ti-none-eabi/c/</path>
         <kind>archive</kind>
         <file>libsysbm.a</file>
         <name>lseek.c.obj</name>
      </input_file>
      <input_file id="fl-f7">
         <path>/Applications/ti/ccs2040/ccs/tools/compiler/ti-cgt-armllvm_4.0.4.LTS/lib/armv6m-ti-none-eabi/c/</path>
         <kind>archive</kind>
         <file>libsysbm.a</file>
         <name>close.c.obj</name>
      </input_file>
      <input_file id="fl-f8">
         <path>/Applications/ti/ccs2040/ccs/tools/compiler/ti-cgt-armllvm_4.0.4.LTS/lib/armv6m-ti-none-eabi/c/</path>
         <kind>archive</kind>
         <file>libsysbm.a</file>
         <name>add_device.c.obj</name>
      </input_file>
      <input_file id="fl-f9">
         <path>/Applications/ti/ccs2040/ccs/tools/compiler/ti-cgt-armllvm_4.0.4.LTS/lib/armv6m-ti-none-eabi/c/</path>
         <kind>archive</kind>
         <file>libsysbm.a</file>
         <name>unlink.c.obj</name>
      </input_file>
      <input_file id="fl-fa">
         <path>/Applications/ti/ccs2040/ccs/tools/compiler/ti-cgt-armllvm_4.0.4.LTS/lib/armv6m-ti-none-eabi/c/</path>
         <kind>archive</kind>
         <file>libsysbm.a</file>
         <name>hostclose.c.obj</name>
      </input_file>
      <input_file id="fl-fb">
         <path>/Applications/ti/ccs2040/ccs/tools/compiler/ti-cgt-armllvm_4.0.4.LTS/lib/armv6m-ti-none-eabi/c/</path>
         <kind>archive</kind>
         <file>libsysbm.a</file>
         <name>hostlseek.c.obj</name>
      </input_file>
      <input_file id="fl-fc">
         <path>/Applications/ti/ccs2040/ccs/tools/compiler/ti-cgt-armllvm_4.0.4.LTS/lib/armv6m-ti-none-eabi/c/</path>
         <kind>archive</kind>
         <file>libsysbm.a</file>
         <name>hostopen.c.obj</name>
      </input_file>
      <input_file id="fl-fd">
         <path>/Applications/ti/ccs2040/ccs/tools/compiler/ti-cgt-armllvm_4.0.4.LTS/lib/armv6m-ti-none-eabi/c/</path>
         <kind>archive</kind>
         <file>libsysbm.a</file>
         <name>hostread.c.obj</name>
      </input_file>
      <input_file id="fl-fe">
         <path>/Applications/ti/ccs2040/ccs/tools/compiler/ti-cgt-armllvm_4.0.4.LTS/lib/armv6m-ti-none-eabi/c/</path>
         <kind>archive</kind>
         <file>libsysbm.a</file>
         <name>hostrename.c.obj</name>
      </input_file>
      <input_file id="fl-ff">
         <path>/Applications/ti/ccs2040/ccs/tools/compiler/ti-cgt-armllvm_4.0.4.LTS/lib/armv6m-ti-none-eabi/c/</path>
         <kind>archive</kind>
         <file>libsysbm.a</file>
         <name>hostunlink.c.obj</name>
      </input_file>
      <input_file id="fl-100">
         <path>/Applications/ti/ccs2040/ccs/tools/compiler/ti-cgt-armllvm_4.0.4.LTS/lib/armv6m-ti-none-eabi/c/</path>
         <kind>archive</kind>
         <file>libsysbm.a</file>
         <name>hostwrite.c.obj</name>
      </input_file>
      <input_file id="fl-101">
         <path>/Applications/ti/ccs2040/ccs/tools/compiler/ti-cgt-armllvm_4.0.4.LTS/lib/armv6m-ti-none-eabi/c/</path>
         <kind>archive</kind>
         <file>libsysbm.a</file>
         <name>trgmsg.c.obj</name>
      </input_file>
      <input_file id="fl-102">
         <path>/Applications/ti/ccs2040/ccs/tools/compiler/ti-cgt-armllvm_4.0.4.LTS/lib/armv6m-ti-none-eabi/</path>
         <kind>archive</kind>
         <file>libclang_rt.builtins.a</file>
         <name>adddf3.S.obj</name>
      </input_file>
      <input_file id="fl-103">
         <path>/Applications/ti/ccs2040/ccs/tools/compiler/ti-cgt-armllvm_4.0.4.LTS/lib/armv6m-ti-none-eabi/</path>
         <kind>archive</kind>
         <file>libclang_rt.builtins.a</file>
         <name>muldf3.S.obj</name>
      </input_file>
      <input_file id="fl-104">
         <path>/Applications/ti/ccs2040/ccs/tools/compiler/ti-cgt-armllvm_4.0.4.LTS/lib/armv6m-ti-none-eabi/</path>
         <kind>archive</kind>
         <file>libclang_rt.builtins.a</file>
         <name>muldsi3.S.obj</name>
      </input_file>
      <input_file id="fl-105">
         <path>/Applications/ti/ccs2040/ccs/tools/compiler/ti-cgt-armllvm_4.0.4.LTS/lib/armv6m-ti-none-eabi/</path>
         <kind>archive</kind>
         <file>libclang_rt.builtins.a</file>
         <name>divdf3.S.obj</name>
      </input_file>
      <input_file id="fl-106">
         <path>/Applications/ti/ccs2040/ccs/tools/compiler/ti-cgt-armllvm_4.0.4.LTS/lib/armv6m-ti-none-eabi/</path>
         <kind>archive</kind>
         <file>libclang_rt.builtins.a</file>
         <name>fixdfsi.S.obj</name>
      </input_file>
      <input_file id="fl-107">
         <path>/Applications/ti/ccs2040/ccs/tools/compiler/ti-cgt-armllvm_4.0.4.LTS/lib/armv6m-ti-none-eabi/</path>
         <kind>archive</kind>
         <file>libclang_rt.builtins.a</file>
         <name>floatsidf.S.obj</name>
      </input_file>
      <input_file id="fl-108">
         <path>/Applications/ti/ccs2040/ccs/tools/compiler/ti-cgt-armllvm_4.0.4.LTS/lib/armv6m-ti-none-eabi/</path>
         <kind>archive</kind>
         <file>libclang_rt.builtins.a</file>
         <name>floatunsidf.S.obj</name>
      </input_file>
      <input_file id="fl-109">
         <path>/Applications/ti/ccs2040/ccs/tools/compiler/ti-cgt-armllvm_4.0.4.LTS/lib/armv6m-ti-none-eabi/</path>
         <kind>archive</kind>
         <file>libclang_rt.builtins.a</file>
         <name>muldi3.S.obj</name>
      </input_file>
      <input_file id="fl-10a">
         <path>/Applications/ti/ccs2040/ccs/tools/compiler/ti-cgt-armllvm_4.0.4.LTS/lib/armv6m-ti-none-eabi/</path>
         <kind>archive</kind>
         <file>libclang_rt.builtins.a</file>
         <name>truncdfsf2.S.obj</name>
      </input_file>
      <input_file id="fl-10b">
         <path>/Applications/ti/ccs2040/ccs/tools/compiler/ti-cgt-armllvm_4.0.4.LTS/lib/armv6m-ti-none-eabi/</path>
         <kind>archive</kind>
         <file>libclang_rt.builtins.a</file>
         <name>aeabi_dcmp.S.obj</name>
      </input_file>
      <input_file id="fl-10c">
         <path>/Applications/ti/ccs2040/ccs/tools/compiler/ti-cgt-armllvm_4.0.4.LTS/lib/armv6m-ti-none-eabi/</path>
         <kind>archive</kind>
         <file>libclang_rt.builtins.a</file>
         <name>aeabi_idivmod.S.obj</name>
      </input_file>
      <input_file id="fl-10d">
         <path>/Applications/ti/ccs2040/ccs/tools/compiler/ti-cgt-armllvm_4.0.4.LTS/lib/armv6m-ti-none-eabi/</path>
         <kind>archive</kind>
         <file>libclang_rt.builtins.a</file>
         <name>aeabi_memcpy.S.obj</name>
      </input_file>
      <input_file id="fl-10e">
         <path>/Applications/ti/ccs2040/ccs/tools/compiler/ti-cgt-armllvm_4.0.4.LTS/lib/armv6m-ti-none-eabi/</path>
         <kind>archive</kind>
         <file>libclang_rt.builtins.a</file>
         <name>aeabi_memset.S.obj</name>
      </input_file>
      <input_file id="fl-10f">
         <path>/Applications/ti/ccs2040/ccs/tools/compiler/ti-cgt-armllvm_4.0.4.LTS/lib/armv6m-ti-none-eabi/</path>
         <kind>archive</kind>
         <file>libclang_rt.builtins.a</file>
         <name>aeabi_uidivmod.S.obj</name>
      </input_file>
      <input_file id="fl-110">
         <path>/Applications/ti/ccs2040/ccs/tools/compiler/ti-cgt-armllvm_4.0.4.LTS/lib/armv6m-ti-none-eabi/</path>
         <kind>archive</kind>
         <file>libclang_rt.builtins.a</file>
         <name>aeabi_uldivmod.S.obj</name>
      </input_file>
      <input_file id="fl-111">
         <path>/Applications/ti/ccs2040/ccs/tools/compiler/ti-cgt-armllvm_4.0.4.LTS/lib/armv6m-ti-none-eabi/</path>
         <kind>archive</kind>
         <file>libclang_rt.builtins.a</file>
         <name>udivmoddi4.S.obj</name>
      </input_file>
      <input_file id="fl-112">
         <path>/Applications/ti/ccs2040/ccs/tools/compiler/ti-cgt-armllvm_4.0.4.LTS/lib/armv6m-ti-none-eabi/</path>
         <kind>archive</kind>
         <file>libclang_rt.builtins.a</file>
         <name>ashldi3.S.obj</name>
      </input_file>
      <input_file id="fl-113">
         <path>/Applications/ti/ccs2040/ccs/tools/compiler/ti-cgt-armllvm_4.0.4.LTS/lib/armv6m-ti-none-eabi/</path>
         <kind>archive</kind>
         <file>libclang_rt.builtins.a</file>
         <name>comparedf2.c.obj</name>
      </input_file>
      <input_file id="fl-114">
         <path>/Applications/ti/ccs2040/ccs/tools/compiler/ti-cgt-armllvm_4.0.4.LTS/lib/armv6m-ti-none-eabi/</path>
         <kind>archive</kind>
         <file>libclang_rt.builtins.a</file>
         <name>aeabi_div0.c.obj</name>
      </input_file>
      <input_file id="fl-115">
         <path>/Applications/ti/ccs2040/ccs/tools/compiler/ti-cgt-armllvm_4.0.4.LTS/lib/armv6m-ti-none-eabi/c/</path>
         <kind>archive</kind>
         <file>libc.a</file>
         <name>getdevice.c.obj</name>
      </input_file>
      <input_file id="fl-116">
         <path>/Applications/ti/ccs2040/ccs/tools/compiler/ti-cgt-armllvm_4.0.4.LTS/lib/armv6m-ti-none-eabi/c/</path>
         <kind>archive</kind>
         <file>libc.a</file>
         <name>memcpy16.S.obj</name>
      </input_file>
      <input_file id="fl-117">
         <path>/Applications/ti/ccs2040/ccs/tools/compiler/ti-cgt-armllvm_4.0.4.LTS/lib/armv6m-ti-none-eabi/c/</path>
         <kind>archive</kind>
         <file>libc.a</file>
         <name>memset16.S.obj</name>
      </input_file>
      <input_file id="fl-118">
         <path>/Applications/ti/ccs2040/ccs/tools/compiler/ti-cgt-armllvm_4.0.4.LTS/lib/armv6m-ti-none-eabi/c/</path>
         <kind>archive</kind>
         <file>libc.a</file>
         <name>strcmp-armv6m.S.obj</name>
      </input_file>
   </input_file_list>
   <object_component_list>
      <object_component id="oc-18">
         <name>.intvecs</name>
         <load_address>0x0</load_address>
         <readonly>true</readonly>
         <run_address>0x0</run_address>
         <size>0xc0</size>
         <alignment>0x4</alignment>
         <input_file_ref idref="fl-10"/>
      </object_component>
      <object_component id="oc-152">
         <name>.text._Z17ST7735_DrawBitmapssPKtss</name>
         <load_address>0xc0</load_address>
         <readonly>true</readonly>
         <executable>true</executable>
         <run_address>0xc0</run_address>
         <size>0x210</size>
         <alignment>0x4</alignment>
         <input_file_ref idref="fl-8"/>
      </object_component>
      <object_component id="oc-10f">
         <name>.text._Z15Clock_Init80MHzi</name>
         <load_address>0x2d0</load_address>
         <readonly>true</readonly>
         <executable>true</executable>
         <run_address>0x2d0</run_address>
         <size>0x1b4</size>
         <alignment>0x4</alignment>
         <input_file_ref idref="fl-1"/>
      </object_component>
      <object_component id="oc-1f7">
         <name>.text._Z16ST7735_DrawCharSsscssh</name>
         <load_address>0x484</load_address>
         <readonly>true</readonly>
         <executable>true</executable>
         <run_address>0x484</run_address>
         <size>0x1a0</size>
         <alignment>0x4</alignment>
         <input_file_ref idref="fl-8"/>
      </object_component>
      <object_component id="oc-187">
         <name>.text._openfile</name>
         <load_address>0x624</load_address>
         <readonly>true</readonly>
         <executable>true</executable>
         <run_address>0x624</run_address>
         <size>0x154</size>
         <alignment>0x4</alignment>
         <input_file_ref idref="fl-33"/>
      </object_component>
      <object_component id="oc-e5">
         <name>.text._ZN11Application10Draw_GraphERK12Oscilliscope</name>
         <load_address>0x778</load_address>
         <readonly>true</readonly>
         <executable>true</executable>
         <run_address>0x778</run_address>
         <size>0x14c</size>
         <alignment>0x4</alignment>
         <input_file_ref idref="fl-6"/>
      </object_component>
      <object_component id="oc-d0">
         <name>.text._ZN11Application9Draw_GridEv</name>
         <load_address>0x8c4</load_address>
         <readonly>true</readonly>
         <executable>true</executable>
         <run_address>0x8c4</run_address>
         <size>0x142</size>
         <alignment>0x2</alignment>
         <input_file_ref idref="fl-6"/>
      </object_component>
      <object_component id="oc-19c">
         <name>.text.__aeabi_idiv0</name>
         <load_address>0xa06</load_address>
         <readonly>true</readonly>
         <executable>true</executable>
         <run_address>0xa06</run_address>
         <size>0x2</size>
         <alignment>0x2</alignment>
         <input_file_ref idref="fl-114"/>
      </object_component>
      <object_component id="oc-142">
         <name>.text._Z8ADC_InitP10ADC12_Regsjj</name>
         <load_address>0xa08</load_address>
         <readonly>true</readonly>
         <executable>true</executable>
         <run_address>0xa08</run_address>
         <size>0x128</size>
         <alignment>0x4</alignment>
         <input_file_ref idref="fl-d"/>
      </object_component>
      <object_component id="oc-136">
         <name>.text._Z15ST7735_FillRectsssst</name>
         <load_address>0xb30</load_address>
         <readonly>true</readonly>
         <executable>true</executable>
         <run_address>0xb30</run_address>
         <size>0x118</size>
         <alignment>0x4</alignment>
         <input_file_ref idref="fl-8"/>
      </object_component>
      <object_component id="oc-1f5">
         <name>.text.aligned_alloc</name>
         <load_address>0xc48</load_address>
         <readonly>true</readonly>
         <executable>true</executable>
         <run_address>0xc48</run_address>
         <size>0x114</size>
         <alignment>0x4</alignment>
         <input_file_ref idref="fl-3a"/>
      </object_component>
      <object_component id="oc-1af">
         <name>.text._Z8SPI_Initv</name>
         <load_address>0xd5c</load_address>
         <readonly>true</readonly>
         <executable>true</executable>
         <run_address>0xd5c</run_address>
         <size>0xf8</size>
         <alignment>0x4</alignment>
         <input_file_ref idref="fl-7"/>
      </object_component>
      <object_component id="oc-118">
         <name>.text.add_device</name>
         <load_address>0xe54</load_address>
         <readonly>true</readonly>
         <executable>true</executable>
         <run_address>0xe54</run_address>
         <size>0xec</size>
         <alignment>0x4</alignment>
         <input_file_ref idref="fl-f8"/>
      </object_component>
      <object_component id="oc-144">
         <name>.text._Z9UART_Initv</name>
         <load_address>0xf40</load_address>
         <readonly>true</readonly>
         <executable>true</executable>
         <run_address>0xf40</run_address>
         <size>0xe8</size>
         <alignment>0x4</alignment>
         <input_file_ref idref="fl-d"/>
      </object_component>
      <object_component id="oc-190">
         <name>.text.free</name>
         <load_address>0x1028</load_address>
         <readonly>true</readonly>
         <executable>true</executable>
         <run_address>0x1028</run_address>
         <size>0xe8</size>
         <alignment>0x4</alignment>
         <input_file_ref idref="fl-3a"/>
      </object_component>
      <object_component id="oc-123">
         <name>.text.setvbuf</name>
         <load_address>0x1110</load_address>
         <readonly>true</readonly>
         <executable>true</executable>
         <run_address>0x1110</run_address>
         <size>0xe0</size>
         <alignment>0x4</alignment>
         <input_file_ref idref="fl-34"/>
      </object_component>
      <object_component id="oc-197">
         <name>.text._Z14ST7735_OutCharc</name>
         <load_address>0x11f0</load_address>
         <readonly>true</readonly>
         <executable>true</executable>
         <run_address>0x11f0</run_address>
         <size>0xd0</size>
         <alignment>0x4</alignment>
         <input_file_ref idref="fl-8"/>
      </object_component>
      <object_component id="oc-9f">
         <name>.text.main</name>
         <load_address>0x12c0</load_address>
         <readonly>true</readonly>
         <executable>true</executable>
         <run_address>0x12c0</run_address>
         <size>0xcc</size>
         <alignment>0x4</alignment>
         <input_file_ref idref="fl-4"/>
      </object_component>
      <object_component id="oc-107">
         <name>.text._ZN11Application8Fix_GridEjj</name>
         <load_address>0x138c</load_address>
         <readonly>true</readonly>
         <executable>true</executable>
         <run_address>0x138c</run_address>
         <size>0xc8</size>
         <alignment>0x2</alignment>
         <input_file_ref idref="fl-6"/>
      </object_component>
      <object_component id="oc-47">
         <name>.text.TIMG12_IRQHandler</name>
         <load_address>0x1454</load_address>
         <readonly>true</readonly>
         <executable>true</executable>
         <run_address>0x1454</run_address>
         <size>0xb0</size>
         <alignment>0x4</alignment>
         <input_file_ref idref="fl-4"/>
      </object_component>
      <object_component id="oc-13a">
         <name>.text._Z20ST7735_DrawFastHLinessst</name>
         <load_address>0x1504</load_address>
         <readonly>true</readonly>
         <executable>true</executable>
         <run_address>0x1504</run_address>
         <size>0xb0</size>
         <alignment>0x4</alignment>
         <input_file_ref idref="fl-8"/>
      </object_component>
      <object_component id="oc-13b">
         <name>.text._Z20ST7735_DrawFastVLinessst</name>
         <load_address>0x15b4</load_address>
         <readonly>true</readonly>
         <executable>true</executable>
         <run_address>0x15b4</run_address>
         <size>0xb0</size>
         <alignment>0x4</alignment>
         <input_file_ref idref="fl-8"/>
      </object_component>
      <object_component id="oc-df">
         <name>.text._Z14TimerG6_IntArmtjj</name>
         <load_address>0x1664</load_address>
         <readonly>true</readonly>
         <executable>true</executable>
         <run_address>0x1664</run_address>
         <size>0xa8</size>
         <alignment>0x4</alignment>
         <input_file_ref idref="fl-e"/>
      </object_component>
      <object_component id="oc-14a">
         <name>.text._Z14TimerG7_IntArmtjj</name>
         <load_address>0x170c</load_address>
         <readonly>true</readonly>
         <executable>true</executable>
         <run_address>0x170c</run_address>
         <size>0xa8</size>
         <alignment>0x4</alignment>
         <input_file_ref idref="fl-e"/>
      </object_component>
      <object_component id="oc-16a">
         <name>.text._ZL11commandListPKh</name>
         <load_address>0x17b4</load_address>
         <readonly>true</readonly>
         <executable>true</executable>
         <run_address>0x17b4</run_address>
         <size>0xa2</size>
         <alignment>0x2</alignment>
         <input_file_ref idref="fl-8"/>
      </object_component>
      <object_component id="oc-1a6">
         <name>.text._nop</name>
         <load_address>0x1856</load_address>
         <readonly>true</readonly>
         <executable>true</executable>
         <run_address>0x1856</run_address>
         <size>0x2</size>
         <alignment>0x2</alignment>
         <input_file_ref idref="fl-37"/>
      </object_component>
      <object_component id="oc-ca">
         <name>.text._Z17ST7735_InitPrintf10initRFlags</name>
         <load_address>0x1858</load_address>
         <readonly>true</readonly>
         <executable>true</executable>
         <run_address>0x1858</run_address>
         <size>0xa0</size>
         <alignment>0x4</alignment>
         <input_file_ref idref="fl-8"/>
      </object_component>
      <object_component id="oc-1dd">
         <name>.text.open</name>
         <load_address>0x18f8</load_address>
         <readonly>true</readonly>
         <executable>true</executable>
         <run_address>0x18f8</run_address>
         <size>0xa0</size>
         <alignment>0x4</alignment>
         <input_file_ref idref="fl-f5"/>
      </object_component>
      <object_component id="oc-117">
         <name>.text._Z12ST7735_InitR10initRFlags</name>
         <load_address>0x1998</load_address>
         <readonly>true</readonly>
         <executable>true</executable>
         <run_address>0x1998</run_address>
         <size>0x98</size>
         <alignment>0x4</alignment>
         <input_file_ref idref="fl-8"/>
      </object_component>
      <object_component id="oc-e4">
         <name>.text._Z15TimerG12_IntArmjj</name>
         <load_address>0x1a30</load_address>
         <readonly>true</readonly>
         <executable>true</executable>
         <run_address>0x1a30</run_address>
         <size>0x94</size>
         <alignment>0x4</alignment>
         <input_file_ref idref="fl-e"/>
      </object_component>
      <object_component id="oc-19b">
         <name>.text._ZL13setAddrWindowhhhh</name>
         <load_address>0x1ac4</load_address>
         <readonly>true</readonly>
         <executable>true</executable>
         <run_address>0x1ac4</run_address>
         <size>0x88</size>
         <alignment>0x4</alignment>
         <input_file_ref idref="fl-8"/>
      </object_component>
      <object_component id="oc-155">
         <name>.text.HOSTexit</name>
         <load_address>0x1b4c</load_address>
         <readonly>true</readonly>
         <executable>true</executable>
         <run_address>0x1b4c</run_address>
         <size>0x4</size>
         <alignment>0x2</alignment>
         <input_file_ref idref="fl-f1"/>
      </object_component>
      <object_component id="oc-1b5">
         <name>.text:strcmp</name>
         <load_address>0x1b50</load_address>
         <readonly>true</readonly>
         <executable>true</executable>
         <run_address>0x1b50</run_address>
         <size>0x88</size>
         <alignment>0x10</alignment>
         <input_file_ref idref="fl-118"/>
      </object_component>
      <object_component id="oc-1f6">
         <name>.text._Z17ST7735_DrawStringttPcs</name>
         <load_address>0x1bd8</load_address>
         <readonly>true</readonly>
         <executable>true</executable>
         <run_address>0x1bd8</run_address>
         <size>0x84</size>
         <alignment>0x2</alignment>
         <input_file_ref idref="fl-8"/>
      </object_component>
      <object_component id="oc-3d">
         <name>.text.TIMG6_IRQHandler</name>
         <load_address>0x1c5c</load_address>
         <readonly>true</readonly>
         <executable>true</executable>
         <run_address>0x1c5c</run_address>
         <size>0x7c</size>
         <alignment>0x4</alignment>
         <input_file_ref idref="fl-4"/>
      </object_component>
      <object_component id="oc-c5">
         <name>.text._Z14LaunchPad_Initv</name>
         <load_address>0x1cd8</load_address>
         <readonly>true</readonly>
         <executable>true</executable>
         <run_address>0x1cd8</run_address>
         <size>0x7c</size>
         <alignment>0x4</alignment>
         <input_file_ref idref="fl-5"/>
      </object_component>
      <object_component id="oc-d6">
         <name>.text._ZN12Oscilliscope4InitEv</name>
         <load_address>0x1d54</load_address>
         <readonly>true</readonly>
         <executable>true</executable>
         <run_address>0x1d54</run_address>
         <size>0x7c</size>
         <alignment>0x4</alignment>
         <input_file_ref idref="fl-6"/>
      </object_component>
      <object_component id="oc-d1">
         <name>.text._ZN8SlidePot4InitEv</name>
         <load_address>0x1dd0</load_address>
         <readonly>true</readonly>
         <executable>true</executable>
         <run_address>0x1dd0</run_address>
         <size>0x7c</size>
         <alignment>0x4</alignment>
         <input_file_ref idref="fl-9"/>
      </object_component>
      <object_component id="oc-18a">
         <name>.text.__TI_closefile</name>
         <load_address>0x1e4c</load_address>
         <readonly>true</readonly>
         <executable>true</executable>
         <run_address>0x1e4c</run_address>
         <size>0x7c</size>
         <alignment>0x4</alignment>
         <input_file_ref idref="fl-44"/>
      </object_component>
      <object_component id="oc-1c">
         <name>.text:decompress:lzss</name>
         <load_address>0x1ec8</load_address>
         <readonly>true</readonly>
         <executable>true</executable>
         <run_address>0x1ec8</run_address>
         <size>0x7c</size>
         <alignment>0x4</alignment>
         <input_file_ref idref="fl-42"/>
      </object_component>
      <object_component id="oc-86">
         <name>.text._Z9Switch_Inv</name>
         <load_address>0x1f44</load_address>
         <readonly>true</readonly>
         <executable>true</executable>
         <run_address>0x1f44</run_address>
         <size>0x78</size>
         <alignment>0x4</alignment>
         <input_file_ref idref="fl-c"/>
      </object_component>
      <object_component id="oc-8c">
         <name>.text._ZN6Cursor4MoveEiR11Application</name>
         <load_address>0x1fbc</load_address>
         <readonly>true</readonly>
         <executable>true</executable>
         <run_address>0x1fbc</run_address>
         <size>0x76</size>
         <alignment>0x2</alignment>
         <input_file_ref idref="fl-6"/>
      </object_component>
      <object_component id="oc-b7">
         <name>.text._ZN6Cursor5EraseER11Application</name>
         <load_address>0x2032</load_address>
         <readonly>true</readonly>
         <executable>true</executable>
         <run_address>0x2032</run_address>
         <size>0x74</size>
         <alignment>0x2</alignment>
         <input_file_ref idref="fl-6"/>
      </object_component>
      <object_component id="oc-151">
         <name>.text._Z16ST7735_DrawPixelsst</name>
         <load_address>0x20a8</load_address>
         <readonly>true</readonly>
         <executable>true</executable>
         <run_address>0x20a8</run_address>
         <size>0x70</size>
         <alignment>0x4</alignment>
         <input_file_ref idref="fl-8"/>
      </object_component>
      <object_component id="oc-1cb">
         <name>.text.HOSTlseek</name>
         <load_address>0x2118</load_address>
         <readonly>true</readonly>
         <executable>true</executable>
         <run_address>0x2118</run_address>
         <size>0x6c</size>
         <alignment>0x4</alignment>
         <input_file_ref idref="fl-fb"/>
      </object_component>
      <object_component id="oc-1d3">
         <name>.text.HOSTrename</name>
         <load_address>0x2184</load_address>
         <readonly>true</readonly>
         <executable>true</executable>
         <run_address>0x2184</run_address>
         <size>0x6c</size>
         <alignment>0x4</alignment>
         <input_file_ref idref="fl-fe"/>
      </object_component>
      <object_component id="oc-21c">
         <name>.text.getdevice</name>
         <load_address>0x21f0</load_address>
         <readonly>true</readonly>
         <executable>true</executable>
         <run_address>0x21f0</run_address>
         <size>0x6c</size>
         <alignment>0x4</alignment>
         <input_file_ref idref="fl-115"/>
      </object_component>
      <object_component id="oc-233">
         <name>.text.split</name>
         <load_address>0x225c</load_address>
         <readonly>true</readonly>
         <executable>true</executable>
         <run_address>0x225c</run_address>
         <size>0x64</size>
         <alignment>0x4</alignment>
         <input_file_ref idref="fl-3a"/>
      </object_component>
      <object_component id="oc-1bb">
         <name>.text.HOSTopen</name>
         <load_address>0x22c0</load_address>
         <readonly>true</readonly>
         <executable>true</executable>
         <run_address>0x22c0</run_address>
         <size>0x60</size>
         <alignment>0x4</alignment>
         <input_file_ref idref="fl-fc"/>
      </object_component>
      <object_component id="oc-141">
         <name>.text._Z9DAC5_Initv</name>
         <load_address>0x2320</load_address>
         <readonly>true</readonly>
         <executable>true</executable>
         <run_address>0x2320</run_address>
         <size>0x5c</size>
         <alignment>0x4</alignment>
         <input_file_ref idref="fl-2"/>
      </object_component>
      <object_component id="oc-e6">
         <name>.text._ZN6Cursor4DrawEv</name>
         <load_address>0x237c</load_address>
         <readonly>true</readonly>
         <executable>true</executable>
         <run_address>0x237c</run_address>
         <size>0x5c</size>
         <alignment>0x4</alignment>
         <input_file_ref idref="fl-6"/>
      </object_component>
      <object_component id="oc-1c3">
         <name>.text.HOSTread</name>
         <load_address>0x23d8</load_address>
         <readonly>true</readonly>
         <executable>true</executable>
         <run_address>0x23d8</run_address>
         <size>0x58</size>
         <alignment>0x4</alignment>
         <input_file_ref idref="fl-fd"/>
      </object_component>
      <object_component id="oc-1c7">
         <name>.text.HOSTwrite</name>
         <load_address>0x2430</load_address>
         <readonly>true</readonly>
         <executable>true</executable>
         <run_address>0x2430</run_address>
         <size>0x58</size>
         <alignment>0x4</alignment>
         <input_file_ref idref="fl-100"/>
      </object_component>
      <object_component id="oc-de">
         <name>.text._Z10TExaS_InitP10ADC12_RegsjPFhvE</name>
         <load_address>0x2488</load_address>
         <readonly>true</readonly>
         <executable>true</executable>
         <run_address>0x2488</run_address>
         <size>0x58</size>
         <alignment>0x4</alignment>
         <input_file_ref idref="fl-d"/>
      </object_component>
      <object_component id="oc-14d">
         <name>.text.__aeabi_idivmod</name>
         <load_address>0x24e0</load_address>
         <readonly>true</readonly>
         <executable>true</executable>
         <run_address>0x24e0</run_address>
         <size>0x56</size>
         <alignment>0x4</alignment>
         <input_file_ref idref="fl-10c"/>
      </object_component>
      <object_component id="oc-f7">
         <name>.text:__TI_auto_init_nobinit</name>
         <load_address>0x2538</load_address>
         <readonly>true</readonly>
         <executable>true</executable>
         <run_address>0x2538</run_address>
         <size>0x54</size>
         <alignment>0x4</alignment>
         <input_file_ref idref="fl-3d"/>
      </object_component>
      <object_component id="oc-1e1">
         <name>.text.__TI_doflush</name>
         <load_address>0x258c</load_address>
         <readonly>true</readonly>
         <executable>true</executable>
         <run_address>0x258c</run_address>
         <size>0x52</size>
         <alignment>0x2</alignment>
         <input_file_ref idref="fl-45"/>
      </object_component>
      <object_component id="oc-dd">
         <name>.text._Z10Sound_Initv</name>
         <load_address>0x25e0</load_address>
         <readonly>true</readonly>
         <executable>true</executable>
         <run_address>0x25e0</run_address>
         <size>0x50</size>
         <alignment>0x4</alignment>
         <input_file_ref idref="fl-b"/>
      </object_component>
      <object_component id="oc-7e">
         <name>.text._ZN12Oscilliscope10Add_SampleEj</name>
         <load_address>0x2630</load_address>
         <readonly>true</readonly>
         <executable>true</executable>
         <run_address>0x2630</run_address>
         <size>0x50</size>
         <alignment>0x4</alignment>
         <input_file_ref idref="fl-6"/>
      </object_component>
      <object_component id="oc-1e7">
         <name>.text.close</name>
         <load_address>0x2680</load_address>
         <readonly>true</readonly>
         <executable>true</executable>
         <run_address>0x2680</run_address>
         <size>0x50</size>
         <alignment>0x4</alignment>
         <input_file_ref idref="fl-f7"/>
      </object_component>
      <object_component id="oc-1bf">
         <name>.text.HOSTclose</name>
         <load_address>0x26d0</load_address>
         <readonly>true</readonly>
         <executable>true</executable>
         <run_address>0x26d0</run_address>
         <size>0x48</size>
         <alignment>0x4</alignment>
         <input_file_ref idref="fl-fa"/>
      </object_component>
      <object_component id="oc-1cf">
         <name>.text.HOSTunlink</name>
         <load_address>0x2718</load_address>
         <readonly>true</readonly>
         <executable>true</executable>
         <run_address>0x2718</run_address>
         <size>0x48</size>
         <alignment>0x4</alignment>
         <input_file_ref idref="fl-ff"/>
      </object_component>
      <object_component id="oc-16b">
         <name>.text._Z14SPI_OutCommandc</name>
         <load_address>0x2760</load_address>
         <readonly>true</readonly>
         <executable>true</executable>
         <run_address>0x2760</run_address>
         <size>0x48</size>
         <alignment>0x4</alignment>
         <input_file_ref idref="fl-7"/>
      </object_component>
      <object_component id="oc-79">
         <name>.text._ZN12Oscilliscope2InEv</name>
         <load_address>0x27a8</load_address>
         <readonly>true</readonly>
         <executable>true</executable>
         <run_address>0x27a8</run_address>
         <size>0x48</size>
         <alignment>0x4</alignment>
         <input_file_ref idref="fl-6"/>
      </object_component>
      <object_component id="oc-42">
         <name>.text.TIMG7_IRQHandler</name>
         <load_address>0x27f0</load_address>
         <readonly>true</readonly>
         <executable>true</executable>
         <run_address>0x27f0</run_address>
         <size>0x40</size>
         <alignment>0x4</alignment>
         <input_file_ref idref="fl-d"/>
      </object_component>
      <object_component id="oc-1fc">
         <name>.text._Z9SPI_Resetv</name>
         <load_address>0x2830</load_address>
         <readonly>true</readonly>
         <executable>true</executable>
         <run_address>0x2830</run_address>
         <size>0x40</size>
         <alignment>0x4</alignment>
         <input_file_ref idref="fl-7"/>
      </object_component>
      <object_component id="oc-146">
         <name>.text.__aeabi_uidivmod</name>
         <load_address>0x2870</load_address>
         <readonly>true</readonly>
         <executable>true</executable>
         <run_address>0x2870</run_address>
         <size>0x40</size>
         <alignment>0x4</alignment>
         <input_file_ref idref="fl-10f"/>
      </object_component>
      <object_component id="oc-186">
         <name>.text._search_fp</name>
         <load_address>0x28b0</load_address>
         <readonly>true</readonly>
         <executable>true</executable>
         <run_address>0x28b0</run_address>
         <size>0x40</size>
         <alignment>0x4</alignment>
         <input_file_ref idref="fl-33"/>
      </object_component>
      <object_component id="oc-38">
         <name>.text.SysTick_Handler</name>
         <load_address>0x28f0</load_address>
         <readonly>true</readonly>
         <executable>true</executable>
         <run_address>0x28f0</run_address>
         <size>0x38</size>
         <alignment>0x4</alignment>
         <input_file_ref idref="fl-b"/>
      </object_component>
      <object_component id="oc-170">
         <name>.text._Z11SPI_OutDatac</name>
         <load_address>0x2928</load_address>
         <readonly>true</readonly>
         <executable>true</executable>
         <run_address>0x2928</run_address>
         <size>0x38</size>
         <alignment>0x4</alignment>
         <input_file_ref idref="fl-7"/>
      </object_component>
      <object_component id="oc-114">
         <name>.text._Z15ActivatePortA_Bv</name>
         <load_address>0x2960</load_address>
         <readonly>true</readonly>
         <executable>true</executable>
         <run_address>0x2960</run_address>
         <size>0x38</size>
         <alignment>0x4</alignment>
         <input_file_ref idref="fl-5"/>
      </object_component>
      <object_component id="oc-12a">
         <name>.text._Z12ST7735_writeiPKcj</name>
         <load_address>0x2998</load_address>
         <readonly>true</readonly>
         <executable>true</executable>
         <run_address>0x2998</run_address>
         <size>0x34</size>
         <alignment>0x2</alignment>
         <input_file_ref idref="fl-8"/>
      </object_component>
      <object_component id="oc-1b0">
         <name>.text._Z14Clock_Delay1msj</name>
         <load_address>0x29cc</load_address>
         <readonly>true</readonly>
         <executable>true</executable>
         <run_address>0x29cc</run_address>
         <size>0x34</size>
         <alignment>0x4</alignment>
         <input_file_ref idref="fl-1"/>
      </object_component>
      <object_component id="oc-171">
         <name>.text._Z16ST7735_SetCursorjj</name>
         <load_address>0x2a00</load_address>
         <readonly>true</readonly>
         <executable>true</executable>
         <run_address>0x2a00</run_address>
         <size>0x34</size>
         <alignment>0x4</alignment>
         <input_file_ref idref="fl-8"/>
      </object_component>
      <object_component id="oc-d8">
         <name>.text._Z8LED_Initv</name>
         <load_address>0x2a34</load_address>
         <readonly>true</readonly>
         <executable>true</executable>
         <run_address>0x2a34</run_address>
         <size>0x34</size>
         <alignment>0x4</alignment>
         <input_file_ref idref="fl-3"/>
      </object_component>
      <object_component id="oc-193">
         <name>.text.__TI_cleanup</name>
         <load_address>0x2a68</load_address>
         <readonly>true</readonly>
         <executable>true</executable>
         <run_address>0x2a68</run_address>
         <size>0x34</size>
         <alignment>0x4</alignment>
         <input_file_ref idref="fl-33"/>
      </object_component>
      <object_component id="oc-204">
         <name>.text.__TI_readmsg</name>
         <load_address>0x2a9c</load_address>
         <readonly>true</readonly>
         <executable>true</executable>
         <run_address>0x2a9c</run_address>
         <size>0x34</size>
         <alignment>0x4</alignment>
         <input_file_ref idref="fl-101"/>
      </object_component>
      <object_component id="oc-1fe">
         <name>.text.__TI_writemsg</name>
         <load_address>0x2ad0</load_address>
         <readonly>true</readonly>
         <executable>true</executable>
         <run_address>0x2ad0</run_address>
         <size>0x34</size>
         <alignment>0x4</alignment>
         <input_file_ref idref="fl-101"/>
      </object_component>
      <object_component id="oc-ef">
         <name>.text.exit</name>
         <load_address>0x2b04</load_address>
         <readonly>true</readonly>
         <executable>true</executable>
         <run_address>0x2b04</run_address>
         <size>0x34</size>
         <alignment>0x4</alignment>
         <input_file_ref idref="fl-36"/>
      </object_component>
      <object_component id="oc-17a">
         <name>.text.finddevice</name>
         <load_address>0x2b38</load_address>
         <readonly>true</readonly>
         <executable>true</executable>
         <run_address>0x2b38</run_address>
         <size>0x34</size>
         <alignment>0x4</alignment>
         <input_file_ref idref="fl-115"/>
      </object_component>
      <object_component id="oc-122">
         <name>.text.freopen</name>
         <load_address>0x2b6c</load_address>
         <readonly>true</readonly>
         <executable>true</executable>
         <run_address>0x2b6c</run_address>
         <size>0x34</size>
         <alignment>0x4</alignment>
         <input_file_ref idref="fl-33"/>
      </object_component>
      <object_component id="oc-139">
         <name>.text._Z15ST7735_Color565hhh</name>
         <load_address>0x2ba0</load_address>
         <readonly>true</readonly>
         <executable>true</executable>
         <run_address>0x2ba0</run_address>
         <size>0x32</size>
         <alignment>0x2</alignment>
         <input_file_ref idref="fl-8"/>
      </object_component>
      <object_component id="oc-169">
         <name>.text._ZL10commonInitPKh</name>
         <load_address>0x2bd4</load_address>
         <readonly>true</readonly>
         <executable>true</executable>
         <run_address>0x2bd4</run_address>
         <size>0x30</size>
         <alignment>0x4</alignment>
         <input_file_ref idref="fl-8"/>
      </object_component>
      <object_component id="oc-11c">
         <name>.text.fopen</name>
         <load_address>0x2c04</load_address>
         <readonly>true</readonly>
         <executable>true</executable>
         <run_address>0x2c04</run_address>
         <size>0x30</size>
         <alignment>0x4</alignment>
         <input_file_ref idref="fl-33"/>
      </object_component>
      <object_component id="oc-cf">
         <name>.text._Z17ST7735_FillScreent</name>
         <load_address>0x2c34</load_address>
         <readonly>true</readonly>
         <executable>true</executable>
         <run_address>0x2c34</run_address>
         <size>0x2c</size>
         <alignment>0x4</alignment>
         <input_file_ref idref="fl-8"/>
      </object_component>
      <object_component id="oc-70">
         <name>.text._Z8DAC5_Outj</name>
         <load_address>0x2c60</load_address>
         <readonly>true</readonly>
         <executable>true</executable>
         <run_address>0x2c60</run_address>
         <size>0x2c</size>
         <alignment>0x4</alignment>
         <input_file_ref idref="fl-2"/>
      </object_component>
      <object_component id="oc-104">
         <name>.text._ZN12OscilliscopeC2Ev</name>
         <load_address>0x2c8c</load_address>
         <readonly>true</readonly>
         <executable>true</executable>
         <run_address>0x2c8c</run_address>
         <size>0x2c</size>
         <alignment>0x4</alignment>
         <input_file_ref idref="fl-6"/>
      </object_component>
      <object_component id="oc-22b">
         <name>.text.unlink</name>
         <load_address>0x2cb8</load_address>
         <readonly>true</readonly>
         <executable>true</executable>
         <run_address>0x2cb8</run_address>
         <size>0x2c</size>
         <alignment>0x4</alignment>
         <input_file_ref idref="fl-f9"/>
      </object_component>
      <object_component id="oc-d7">
         <name>.text._Z11Switch_Initv</name>
         <load_address>0x2ce4</load_address>
         <readonly>true</readonly>
         <executable>true</executable>
         <run_address>0x2ce4</run_address>
         <size>0x28</size>
         <alignment>0x4</alignment>
         <input_file_ref idref="fl-c"/>
      </object_component>
      <object_component id="oc-143">
         <name>.text._Z9ADC_StartP10ADC12_Regs</name>
         <load_address>0x2d0c</load_address>
         <readonly>true</readonly>
         <executable>true</executable>
         <run_address>0x2d0c</run_address>
         <size>0x28</size>
         <alignment>0x4</alignment>
         <input_file_ref idref="fl-d"/>
      </object_component>
      <object_component id="oc-1f4">
         <name>.text.free_list_insert</name>
         <load_address>0x2d34</load_address>
         <readonly>true</readonly>
         <executable>true</executable>
         <run_address>0x2d34</run_address>
         <size>0x28</size>
         <alignment>0x4</alignment>
         <input_file_ref idref="fl-3a"/>
      </object_component>
      <object_component id="oc-222">
         <name>.text.write</name>
         <load_address>0x2d5c</load_address>
         <readonly>true</readonly>
         <executable>true</executable>
         <run_address>0x2d5c</run_address>
         <size>0x28</size>
         <alignment>0x4</alignment>
         <input_file_ref idref="fl-f2"/>
      </object_component>
      <object_component id="oc-63">
         <name>.text:_c_int00_noargs</name>
         <load_address>0x2d84</load_address>
         <readonly>true</readonly>
         <executable>true</executable>
         <run_address>0x2d84</run_address>
         <size>0x28</size>
         <alignment>0x4</alignment>
         <input_file_ref idref="fl-3b"/>
      </object_component>
      <object_component id="oc-106">
         <name>.text._ZN6CursorC2Eii4Typei</name>
         <load_address>0x2dac</load_address>
         <readonly>true</readonly>
         <executable>true</executable>
         <run_address>0x2dac</run_address>
         <size>0x26</size>
         <alignment>0x2</alignment>
         <input_file_ref idref="fl-6"/>
      </object_component>
      <object_component id="oc-8b">
         <name>.text._Z11Sound_Pausev</name>
         <load_address>0x2dd4</load_address>
         <readonly>true</readonly>
         <executable>true</executable>
         <run_address>0x2dd4</run_address>
         <size>0x24</size>
         <alignment>0x4</alignment>
         <input_file_ref idref="fl-b"/>
      </object_component>
      <object_component id="oc-b5">
         <name>.text._Z11Sound_StartPKhj</name>
         <load_address>0x2df8</load_address>
         <readonly>true</readonly>
         <executable>true</executable>
         <run_address>0x2df8</run_address>
         <size>0x24</size>
         <alignment>0x4</alignment>
         <input_file_ref idref="fl-b"/>
      </object_component>
      <object_component id="oc-8d">
         <name>.text._Z16Sound_CursorMovev</name>
         <load_address>0x2e1c</load_address>
         <readonly>true</readonly>
         <executable>true</executable>
         <run_address>0x2e1c</run_address>
         <size>0x24</size>
         <alignment>0x4</alignment>
         <input_file_ref idref="fl-b"/>
      </object_component>
      <object_component id="oc-1a3">
         <name>.text._ZL9pushColort</name>
         <load_address>0x2e40</load_address>
         <readonly>true</readonly>
         <executable>true</executable>
         <run_address>0x2e40</run_address>
         <size>0x1e</size>
         <alignment>0x2</alignment>
         <input_file_ref idref="fl-8"/>
      </object_component>
      <object_component id="oc-36">
         <name>.text.Default_Handler</name>
         <load_address>0x2e60</load_address>
         <readonly>true</readonly>
         <executable>true</executable>
         <run_address>0x2e60</run_address>
         <size>0x1c</size>
         <alignment>0x4</alignment>
         <input_file_ref idref="fl-10"/>
      </object_component>
      <object_component id="oc-37">
         <name>.text.HardFault_Handler</name>
         <load_address>0x2e7c</load_address>
         <readonly>true</readonly>
         <executable>true</executable>
         <run_address>0x2e7c</run_address>
         <size>0x1c</size>
         <alignment>0x4</alignment>
         <input_file_ref idref="fl-10"/>
      </object_component>
      <object_component id="oc-ad">
         <name>.text.__cxx_global_var_init.3</name>
         <load_address>0x2e98</load_address>
         <readonly>true</readonly>
         <executable>true</executable>
         <run_address>0x2e98</run_address>
         <size>0x1c</size>
         <alignment>0x4</alignment>
         <input_file_ref idref="fl-4"/>
      </object_component>
      <object_component id="oc-ae">
         <name>.text.__cxx_global_var_init.4</name>
         <load_address>0x2eb4</load_address>
         <readonly>true</readonly>
         <executable>true</executable>
         <run_address>0x2eb4</run_address>
         <size>0x1c</size>
         <alignment>0x4</alignment>
         <input_file_ref idref="fl-4"/>
      </object_component>
      <object_component id="oc-1f2">
         <name>.text.free_list_remove</name>
         <load_address>0x2ed0</load_address>
         <readonly>true</readonly>
         <executable>true</executable>
         <run_address>0x2ed0</run_address>
         <size>0x1c</size>
         <alignment>0x4</alignment>
         <input_file_ref idref="fl-3a"/>
      </object_component>
      <object_component id="oc-6a">
         <name>.text._GLOBAL__sub_I_Lab9HMain.cpp</name>
         <load_address>0x2eec</load_address>
         <readonly>true</readonly>
         <executable>true</executable>
         <run_address>0x2eec</run_address>
         <size>0x18</size>
         <alignment>0x2</alignment>
         <input_file_ref idref="fl-4"/>
      </object_component>
      <object_component id="oc-aa">
         <name>.text.__cxx_global_var_init</name>
         <load_address>0x2f04</load_address>
         <readonly>true</readonly>
         <executable>true</executable>
         <run_address>0x2f04</run_address>
         <size>0x18</size>
         <alignment>0x4</alignment>
         <input_file_ref idref="fl-4"/>
      </object_component>
      <object_component id="oc-12d">
         <name>.text._Z11ST7735_openPKcji</name>
         <load_address>0x2f1c</load_address>
         <readonly>true</readonly>
         <executable>true</executable>
         <run_address>0x2f1c</run_address>
         <size>0x16</size>
         <alignment>0x2</alignment>
         <input_file_ref idref="fl-8"/>
      </object_component>
      <object_component id="oc-12b">
         <name>.text._Z11ST7735_readiPcj</name>
         <load_address>0x2f32</load_address>
         <readonly>true</readonly>
         <executable>true</executable>
         <run_address>0x2f32</run_address>
         <size>0x16</size>
         <alignment>0x2</alignment>
         <input_file_ref idref="fl-8"/>
      </object_component>
      <object_component id="oc-103">
         <name>.text._ZN8SlidePotC2Ejj</name>
         <load_address>0x2f48</load_address>
         <readonly>true</readonly>
         <executable>true</executable>
         <run_address>0x2f48</run_address>
         <size>0x16</size>
         <alignment>0x2</alignment>
         <input_file_ref idref="fl-9"/>
      </object_component>
      <object_component id="oc-5a">
         <name>.text:decompress:ZI:__TI_zero_init_nomemset</name>
         <load_address>0x2f5e</load_address>
         <readonly>true</readonly>
         <executable>true</executable>
         <run_address>0x2f5e</run_address>
         <size>0x16</size>
         <alignment>0x2</alignment>
         <input_file_ref idref="fl-40"/>
      </object_component>
      <object_component id="oc-105">
         <name>.text._ZN11ApplicationC2Ev</name>
         <load_address>0x2f74</load_address>
         <readonly>true</readonly>
         <executable>true</executable>
         <run_address>0x2f74</run_address>
         <size>0x12</size>
         <alignment>0x2</alignment>
         <input_file_ref idref="fl-6"/>
      </object_component>
      <object_component id="oc-ba">
         <name>.text:TI_memcpy_small</name>
         <load_address>0x2f86</load_address>
         <readonly>true</readonly>
         <executable>true</executable>
         <run_address>0x2f86</run_address>
         <size>0x12</size>
         <alignment>0x1</alignment>
         <input_file_ref idref="fl-116"/>
      </object_component>
      <object_component id="oc-20">
         <name>.text:decompress:none</name>
         <load_address>0x2f98</load_address>
         <readonly>true</readonly>
         <executable>true</executable>
         <run_address>0x2f98</run_address>
         <size>0x12</size>
         <alignment>0x2</alignment>
         <input_file_ref idref="fl-41"/>
      </object_component>
      <object_component id="oc-13c">
         <name>.text._Z11Clock_Delayj</name>
         <load_address>0x2faa</load_address>
         <readonly>true</readonly>
         <executable>true</executable>
         <run_address>0x2faa</run_address>
         <size>0x10</size>
         <alignment>0x2</alignment>
         <input_file_ref idref="fl-1"/>
      </object_component>
      <object_component id="oc-e8">
         <name>.text._Z28TExaS_LaunchPadLogicPB27PB26v</name>
         <load_address>0x2fbc</load_address>
         <readonly>true</readonly>
         <executable>true</executable>
         <run_address>0x2fbc</run_address>
         <size>0x10</size>
         <alignment>0x4</alignment>
         <input_file_ref idref="fl-4"/>
      </object_component>
      <object_component id="oc-ab">
         <name>.text.__cxx_global_var_init.1</name>
         <load_address>0x2fcc</load_address>
         <readonly>true</readonly>
         <executable>true</executable>
         <run_address>0x2fcc</run_address>
         <size>0x10</size>
         <alignment>0x4</alignment>
         <input_file_ref idref="fl-4"/>
      </object_component>
      <object_component id="oc-ac">
         <name>.text.__cxx_global_var_init.2</name>
         <load_address>0x2fdc</load_address>
         <readonly>true</readonly>
         <executable>true</executable>
         <run_address>0x2fdc</run_address>
         <size>0x10</size>
         <alignment>0x4</alignment>
         <input_file_ref idref="fl-4"/>
      </object_component>
      <object_component id="oc-1f3">
         <name>.text.OUTLINED_FUNCTION_0</name>
         <load_address>0x2fec</load_address>
         <readonly>true</readonly>
         <executable>true</executable>
         <run_address>0x2fec</run_address>
         <size>0xe</size>
         <alignment>0x2</alignment>
         <input_file_ref idref="fl-3a"/>
      </object_component>
      <object_component id="oc-129">
         <name>.text._Z12ST7735_lseekili</name>
         <load_address>0x2ffa</load_address>
         <readonly>true</readonly>
         <executable>true</executable>
         <run_address>0x2ffa</run_address>
         <size>0xe</size>
         <alignment>0x2</alignment>
         <input_file_ref idref="fl-8"/>
      </object_component>
      <object_component id="oc-218">
         <name>.text.strcpy</name>
         <load_address>0x3008</load_address>
         <readonly>true</readonly>
         <executable>true</executable>
         <run_address>0x3008</run_address>
         <size>0xe</size>
         <alignment>0x2</alignment>
         <input_file_ref idref="fl-fe"/>
      </object_component>
      <object_component id="oc-219">
         <name>.text.strlen</name>
         <load_address>0x3016</load_address>
         <readonly>true</readonly>
         <executable>true</executable>
         <run_address>0x3016</run_address>
         <size>0xe</size>
         <alignment>0x2</alignment>
         <input_file_ref idref="fl-fe"/>
      </object_component>
      <object_component id="oc-109">
         <name>.text:TI_memset_small</name>
         <load_address>0x3024</load_address>
         <readonly>true</readonly>
         <executable>true</executable>
         <run_address>0x3024</run_address>
         <size>0xe</size>
         <alignment>0x1</alignment>
         <input_file_ref idref="fl-117"/>
      </object_component>
      <object_component id="oc-145">
         <name>.text._Z10Clock_Freqv</name>
         <load_address>0x3034</load_address>
         <readonly>true</readonly>
         <executable>true</executable>
         <run_address>0x3034</run_address>
         <size>0xc</size>
         <alignment>0x4</alignment>
         <input_file_ref idref="fl-1"/>
      </object_component>
      <object_component id="oc-127">
         <name>.text._Z13ST7735_renamePKcS0_</name>
         <load_address>0x3040</load_address>
         <readonly>true</readonly>
         <executable>true</executable>
         <run_address>0x3040</run_address>
         <size>0xc</size>
         <alignment>0x2</alignment>
         <input_file_ref idref="fl-8"/>
      </object_component>
      <object_component id="oc-96">
         <name>.text.__aeabi_memclr</name>
         <load_address>0x304c</load_address>
         <readonly>true</readonly>
         <executable>true</executable>
         <run_address>0x304c</run_address>
         <size>0xc</size>
         <alignment>0x4</alignment>
         <input_file_ref idref="fl-10e"/>
      </object_component>
      <object_component id="oc-192">
         <name>.text.malloc</name>
         <load_address>0x3058</load_address>
         <readonly>true</readonly>
         <executable>true</executable>
         <run_address>0x3058</run_address>
         <size>0xc</size>
         <alignment>0x2</alignment>
         <input_file_ref idref="fl-3a"/>
      </object_component>
      <object_component id="oc-12e">
         <name>.text._Z12ST7735_closei</name>
         <load_address>0x3064</load_address>
         <readonly>true</readonly>
         <executable>true</executable>
         <run_address>0x3064</run_address>
         <size>0xa</size>
         <alignment>0x2</alignment>
         <input_file_ref idref="fl-8"/>
      </object_component>
      <object_component id="oc-128">
         <name>.text._Z13ST7735_unlinkPKc</name>
         <load_address>0x306e</load_address>
         <readonly>true</readonly>
         <executable>true</executable>
         <run_address>0x306e</run_address>
         <size>0xa</size>
         <alignment>0x2</alignment>
         <input_file_ref idref="fl-8"/>
      </object_component>
      <object_component id="oc-c4">
         <name>.text._Z8PLL_Initv</name>
         <load_address>0x3078</load_address>
         <readonly>true</readonly>
         <executable>true</executable>
         <run_address>0x3078</run_address>
         <size>0xa</size>
         <alignment>0x2</alignment>
         <input_file_ref idref="fl-4"/>
      </object_component>
      <object_component id="oc-53">
         <name>.text.__aeabi_memcpy</name>
         <load_address>0x3084</load_address>
         <readonly>true</readonly>
         <executable>true</executable>
         <run_address>0x3084</run_address>
         <size>0x8</size>
         <alignment>0x4</alignment>
         <input_file_ref idref="fl-10d"/>
      </object_component>
      <object_component id="oc-1eb">
         <name>.text.remove</name>
         <load_address>0x308c</load_address>
         <readonly>true</readonly>
         <executable>true</executable>
         <run_address>0x308c</run_address>
         <size>0x8</size>
         <alignment>0x2</alignment>
         <input_file_ref idref="fl-f4"/>
      </object_component>
      <object_component id="oc-ea">
         <name>.text:abort</name>
         <load_address>0x3094</load_address>
         <readonly>true</readonly>
         <executable>true</executable>
         <run_address>0x3094</run_address>
         <size>0x6</size>
         <alignment>0x2</alignment>
         <input_file_ref idref="fl-36"/>
      </object_component>
      <object_component id="oc-32">
         <name>.text.Reset_Handler</name>
         <load_address>0x309a</load_address>
         <readonly>true</readonly>
         <executable>true</executable>
         <run_address>0x309a</run_address>
         <size>0x4</size>
         <alignment>0x2</alignment>
         <input_file_ref idref="fl-10"/>
      </object_component>
      <object_component id="oc-9b">
         <name>.text._system_pre_init</name>
         <load_address>0x309e</load_address>
         <readonly>true</readonly>
         <executable>true</executable>
         <run_address>0x309e</run_address>
         <size>0x4</size>
         <alignment>0x2</alignment>
         <input_file_ref idref="fl-3e"/>
      </object_component>
      <object_component id="oc-280">
         <name>.cinit..data.load</name>
         <load_address>0x50d0</load_address>
         <readonly>true</readonly>
         <run_address>0x50d0</run_address>
         <size>0x72</size>
         <alignment>0x1</alignment>
      </object_component>
      <object_component id="oc-27e">
         <name>__TI_handler_table</name>
         <load_address>0x5144</load_address>
         <readonly>true</readonly>
         <run_address>0x5144</run_address>
         <size>0xc</size>
         <alignment>0x4</alignment>
      </object_component>
      <object_component id="oc-281">
         <name>.cinit..bss.load</name>
         <load_address>0x5150</load_address>
         <readonly>true</readonly>
         <run_address>0x5150</run_address>
         <size>0x8</size>
         <alignment>0x4</alignment>
      </object_component>
      <object_component id="oc-27f">
         <name>__TI_cinit_table</name>
         <load_address>0x5158</load_address>
         <readonly>true</readonly>
         <run_address>0x5158</run_address>
         <size>0x10</size>
         <alignment>0x4</alignment>
      </object_component>
      <object_component id="oc-b6">
         <name>.rodata._ZL11pause_sound</name>
         <load_address>0x30b0</load_address>
         <readonly>true</readonly>
         <run_address>0x30b0</run_address>
         <size>0xc38</size>
         <alignment>0x1</alignment>
         <input_file_ref idref="fl-b"/>
      </object_component>
      <object_component id="oc-b8">
         <name>.rodata._ZL17move_cursor_sound</name>
         <load_address>0x3ce8</load_address>
         <readonly>true</readonly>
         <run_address>0x3ce8</run_address>
         <size>0x9cf</size>
         <alignment>0x1</alignment>
         <input_file_ref idref="fl-b"/>
      </object_component>
      <object_component id="oc-235">
         <name>.rodata._ZL4Font</name>
         <load_address>0x46b7</load_address>
         <readonly>true</readonly>
         <run_address>0x46b7</run_address>
         <size>0x4fb</size>
         <alignment>0x1</alignment>
         <input_file_ref idref="fl-8"/>
      </object_component>
      <object_component id="oc-153">
         <name>.rodata._ZL22vertical_orange_cursor</name>
         <load_address>0x4bb2</load_address>
         <readonly>true</readonly>
         <run_address>0x4bb2</run_address>
         <size>0x348</size>
         <alignment>0x2</alignment>
         <input_file_ref idref="fl-6"/>
      </object_component>
      <object_component id="oc-154">
         <name>.rodata._ZL11PlayerShip0</name>
         <load_address>0x4efa</load_address>
         <readonly>true</readonly>
         <run_address>0x4efa</run_address>
         <size>0x120</size>
         <alignment>0x2</alignment>
         <input_file_ref idref="fl-6"/>
      </object_component>
      <object_component id="oc-172">
         <name>.rodata._ZL5Rcmd1</name>
         <load_address>0x501a</load_address>
         <readonly>true</readonly>
         <run_address>0x501a</run_address>
         <size>0x3b</size>
         <alignment>0x1</alignment>
         <input_file_ref idref="fl-8"/>
      </object_component>
      <object_component id="oc-177">
         <name>.rodata._ZL5Rcmd3</name>
         <load_address>0x5055</load_address>
         <readonly>true</readonly>
         <run_address>0x5055</run_address>
         <size>0x2b</size>
         <alignment>0x1</alignment>
         <input_file_ref idref="fl-8"/>
      </object_component>
      <object_component id="oc-1f8">
         <name>.rodata.str1.14736978382213673245.1</name>
         <load_address>0x5080</load_address>
         <readonly>true</readonly>
         <run_address>0x5080</run_address>
         <size>0x16</size>
         <alignment>0x1</alignment>
         <input_file_ref idref="fl-8"/>
      </object_component>
      <object_component id="oc-174">
         <name>.rodata._ZL10Rcmd2green</name>
         <load_address>0x5096</load_address>
         <readonly>true</readonly>
         <run_address>0x5096</run_address>
         <size>0xd</size>
         <alignment>0x1</alignment>
         <input_file_ref idref="fl-8"/>
      </object_component>
      <object_component id="oc-173">
         <name>.rodata._ZL8Rcmd2red</name>
         <load_address>0x50a3</load_address>
         <readonly>true</readonly>
         <run_address>0x50a3</run_address>
         <size>0xd</size>
         <alignment>0x1</alignment>
         <input_file_ref idref="fl-8"/>
      </object_component>
      <object_component id="oc-133">
         <name>.rodata.str1.7209918599617305731.1</name>
         <load_address>0x50b0</load_address>
         <readonly>true</readonly>
         <run_address>0x50b0</run_address>
         <size>0x8</size>
         <alignment>0x1</alignment>
         <input_file_ref idref="fl-8"/>
      </object_component>
[...]
         <object_component_ref idref="oc-ca"/>
      </symbol>
      <symbol id="sm-17a">
         <name>_ZN8SlidePot4InitEv</name>
         <value>0x1dd1</value>
         <object_component_ref idref="oc-d1"/>
      </symbol>
      <symbol id="sm-17b">
         <name>_ZN8SlidePotC2Ejj</name>
         <value>0x2f49</value>
         <object_component_ref idref="oc-103"/>
      </symbol>
      <symbol id="sm-17c">
         <name>_ZN8SlidePotC1Ejj</name>
         <value>0x2f49</value>
         <object_component_ref idref="oc-103"/>
      </symbol>
      <symbol id="sm-197">
         <name>_Z10Sound_Initv</name>
         <value>0x25e1</value>
         <object_component_ref idref="oc-dd"/>
      </symbol>
      <symbol id="sm-198">
         <name>SysTick_Handler</name>
         <value>0x28f1</value>
         <object_component_ref idref="oc-38"/>
      </symbol>
      <symbol id="sm-199">
         <name>SoundCount</name>
         <value>0x2020060c</value>
         <object_component_ref idref="oc-75"/>
      </symbol>
      <symbol id="sm-19a">
         <name>SoundPtr</name>
         <value>0x20200a08</value>
         <object_component_ref idref="oc-76"/>
      </symbol>
      <symbol id="sm-19b">
         <name>_Z11Sound_StartPKhj</name>
         <value>0x2df9</value>
         <object_component_ref idref="oc-b5"/>
      </symbol>
      <symbol id="sm-19c">
         <name>_Z11Sound_Pausev</name>
         <value>0x2dd5</value>
         <object_component_ref idref="oc-8b"/>
      </symbol>
      <symbol id="sm-19d">
         <name>_Z16Sound_CursorMovev</name>
         <value>0x2e1d</value>
         <object_component_ref idref="oc-8d"/>
      </symbol>
      <symbol id="sm-1aa">
         <name>_Z11Switch_Initv</name>
         <value>0x2ce5</value>
         <object_component_ref idref="oc-d7"/>
      </symbol>
      <symbol id="sm-1ab">
         <name>_Z9Switch_Inv</name>
         <value>0x1f45</value>
         <object_component_ref idref="oc-86"/>
      </symbol>
      <symbol id="sm-1c1">
         <name>_Z8ADC_InitP10ADC12_Regsjj</name>
         <value>0xa09</value>
         <object_component_ref idref="oc-142"/>
      </symbol>
      <symbol id="sm-1c2">
         <name>_Z9ADC_StartP10ADC12_Regs</name>
         <value>0x2d0d</value>
         <object_component_ref idref="oc-143"/>
      </symbol>
      <symbol id="sm-1c3">
         <name>_Z9UART_Initv</name>
         <value>0xf41</value>
         <object_component_ref idref="oc-144"/>
      </symbol>
      <symbol id="sm-1c4">
         <name>TIMG7_IRQHandler</name>
         <value>0x27f1</value>
         <object_component_ref idref="oc-42"/>
      </symbol>
      <symbol id="sm-1c5">
         <name>TExaSadc</name>
         <value>0x20200a10</value>
         <object_component_ref idref="oc-82"/>
      </symbol>
      <symbol id="sm-1c6">
         <name>TExaSLogic</name>
         <value>0x20200a0c</value>
         <object_component_ref idref="oc-83"/>
      </symbol>
      <symbol id="sm-1c7">
         <name>_Z10TExaS_InitP10ADC12_RegsjPFhvE</name>
         <value>0x2489</value>
         <object_component_ref idref="oc-de"/>
      </symbol>
      <symbol id="sm-1d7">
         <name>_Z14TimerG7_IntArmtjj</name>
         <value>0x170d</value>
         <object_component_ref idref="oc-14a"/>
      </symbol>
      <symbol id="sm-1d8">
         <name>_Z14TimerG6_IntArmtjj</name>
         <value>0x1665</value>
         <object_component_ref idref="oc-df"/>
      </symbol>
      <symbol id="sm-1d9">
         <name>_Z15TimerG12_IntArmjj</name>
         <value>0x1a31</value>
         <object_component_ref idref="oc-e4"/>
      </symbol>
      <symbol id="sm-1eb">
         <name>Default_Handler</name>
         <value>0x2e61</value>
         <object_component_ref idref="oc-36"/>
      </symbol>
      <symbol id="sm-1ec">
         <name>Reset_Handler</name>
         <value>0x309b</value>
         <object_component_ref idref="oc-32"/>
      </symbol>
      <symbol id="sm-1ed">
         <name>HardFault_Handler</name>
         <value>0x2e7d</value>
         <object_component_ref idref="oc-37"/>
      </symbol>
      <symbol id="sm-1ee">
         <name>interruptVectors</name>
         <value>0x0</value>
         <object_component_ref idref="oc-18"/>
      </symbol>
      <symbol id="sm-1ef">
         <name>NMI_Handler</name>
         <value>0x2e61</value>
         <object_component_ref idref="oc-36"/>
      </symbol>
      <symbol id="sm-1f0">
         <name>SVC_Handler</name>
         <value>0x2e61</value>
         <object_component_ref idref="oc-36"/>
      </symbol>
      <symbol id="sm-1f1">
         <name>PendSV_Handler</name>
         <value>0x2e61</value>
         <object_component_ref idref="oc-36"/>
      </symbol>
      <symbol id="sm-1f2">
         <name>GROUP0_IRQHandler</name>
         <value>0x2e61</value>
         <object_component_ref idref="oc-36"/>
      </symbol>
      <symbol id="sm-1f3">
         <name>GROUP1_IRQHandler</name>
         <value>0x2e61</value>
         <object_component_ref idref="oc-36"/>
      </symbol>
      <symbol id="sm-1f4">
         <name>TIMG8_IRQHandler</name>
         <value>0x2e61</value>
         <object_component_ref idref="oc-36"/>
      </symbol>
      <symbol id="sm-1f5">
         <name>UART3_IRQHandler</name>
         <value>0x2e61</value>
         <object_component_ref idref="oc-36"/>
      </symbol>
      <symbol id="sm-1f6">
         <name>ADC0_IRQHandler</name>
         <value>0x2e61</value>
         <object_component_ref idref="oc-36"/>
      </symbol>
      <symbol id="sm-1f7">
         <name>ADC1_IRQHandler</name>
         <value>0x2e61</value>
         <object_component_ref idref="oc-36"/>
      </symbol>
      <symbol id="sm-1f8">
         <name>CANFD0_IRQHandler</name>
         <value>0x2e61</value>
         <object_component_ref idref="oc-36"/>
      </symbol>
      <symbol id="sm-1f9">
         <name>DAC0_IRQHandler</name>
         <value>0x2e61</value>
         <object_component_ref idref="oc-36"/>
      </symbol>
      <symbol id="sm-1fa">
         <name>SPI0_IRQHandler</name>
         <value>0x2e61</value>
         <object_component_ref idref="oc-36"/>
      </symbol>
      <symbol id="sm-1fb">
         <name>SPI1_IRQHandler</name>
         <value>0x2e61</value>
         <object_component_ref idref="oc-36"/>
      </symbol>
      <symbol id="sm-1fc">
         <name>UART1_IRQHandler</name>
         <value>0x2e61</value>
         <object_component_ref idref="oc-36"/>
      </symbol>
      <symbol id="sm-1fd">
         <name>UART2_IRQHandler</name>
         <value>0x2e61</value>
         <object_component_ref idref="oc-36"/>
      </symbol>
      <symbol id="sm-1fe">
         <name>UART0_IRQHandler</name>
         <value>0x2e61</value>
         <object_component_ref idref="oc-36"/>
      </symbol>
      <symbol id="sm-1ff">
         <name>TIMG0_IRQHandler</name>
         <value>0x2e61</value>
         <object_component_ref idref="oc-36"/>
      </symbol>
      <symbol id="sm-200">
         <name>TIMA0_IRQHandler</name>
         <value>0x2e61</value>
         <object_component_ref idref="oc-36"/>
      </symbol>
      <symbol id="sm-201">
         <name>TIMA1_IRQHandler</name>
         <value>0x2e61</value>
         <object_component_ref idref="oc-36"/>
      </symbol>
      <symbol id="sm-202">
         <name>I2C0_IRQHandler</name>
         <value>0x2e61</value>
         <object_component_ref idref="oc-36"/>
      </symbol>
      <symbol id="sm-203">
         <name>I2C1_IRQHandler</name>
         <value>0x2e61</value>
         <object_component_ref idref="oc-36"/>
      </symbol>
      <symbol id="sm-204">
         <name>AES_IRQHandler</name>
         <value>0x2e61</value>
         <object_component_ref idref="oc-36"/>
      </symbol>
      <symbol id="sm-205">
         <name>RTC_IRQHandler</name>
         <value>0x2e61</value>
         <object_component_ref idref="oc-36"/>
      </symbol>
      <symbol id="sm-206">
         <name>DMA_IRQHandler</name>
         <value>0x2e61</value>
         <object_component_ref idref="oc-36"/>
      </symbol>
      <symbol id="sm-207">
         <name>__TI_ATRegion0_src_addr</name>
         <value>0x0</value>
      </symbol>
      <symbol id="sm-208">
         <name>__TI_ATRegion0_trg_addr</name>
         <value>0x0</value>
      </symbol>
      <symbol id="sm-209">
         <name>__TI_ATRegion0_region_sz</name>
         <value>0x0</value>
      </symbol>
      <symbol id="sm-20a">
         <name>__TI_ATRegion1_src_addr</name>
         <value>0x0</value>
      </symbol>
      <symbol id="sm-20b">
         <name>__TI_ATRegion1_trg_addr</name>
         <value>0x0</value>
      </symbol>
      <symbol id="sm-20c">
         <name>__TI_ATRegion1_region_sz</name>
         <value>0x0</value>
      </symbol>
      <symbol id="sm-20d">
         <name>__TI_ATRegion2_src_addr</name>
         <value>0x0</value>
      </symbol>
      <symbol id="sm-20e">
         <name>__TI_ATRegion2_trg_addr</name>
         <value>0x0</value>
      </symbol>
      <symbol id="sm-20f">
         <name>__TI_ATRegion2_region_sz</name>
         <value>0x0</value>
      </symbol>
      <symbol id="sm-228">
         <name>fopen</name>
         <value>0x2c05</value>
         <object_component_ref idref="oc-11c"/>
      </symbol>
      <symbol id="sm-229">
         <name>__TI_cleanup</name>
         <value>0x2a69</value>
         <object_component_ref idref="oc-193"/>
      </symbol>
      <symbol id="sm-22a">
         <name>freopen</name>
         <value>0x2b6d</value>
         <object_component_ref idref="oc-122"/>
      </symbol>
      <symbol id="sm-234">
         <name>setvbuf</name>
         <value>0x1111</value>
         <object_component_ref idref="oc-123"/>
      </symbol>
      <symbol id="sm-243">
         <name>abort</name>
         <value>0x3095</value>
         <object_component_ref idref="oc-ea"/>
      </symbol>
      <symbol id="sm-244">
         <name>__TI_cleanup_ptr</name>
         <value>0x202005f8</value>
         <object_component_ref idref="oc-15d"/>
      </symbol>
      <symbol id="sm-245">
         <name>__TI_dtors_ptr</name>
         <value>0x202005fc</value>
         <object_component_ref idref="oc-15d"/>
      </symbol>
      <symbol id="sm-246">
         <name>exit</name>
         <value>0x2b05</value>
         <object_component_ref idref="oc-ef"/>
      </symbol>
      <symbol id="sm-24f">
         <name>_nop</name>
         <value>0x1857</value>
         <object_component_ref idref="oc-1a6"/>
      </symbol>
      <symbol id="sm-250">
         <name>_lock</name>
         <value>0x2020061c</value>
         <object_component_ref idref="oc-15b"/>
      </symbol>
      <symbol id="sm-251">
         <name>_unlock</name>
         <value>0x20200620</value>
         <object_component_ref idref="oc-15e"/>
      </symbol>
      <symbol id="sm-257">
         <name>_ftable</name>
         <value>0x2020040c</value>
         <object_component_ref idref="oc-131"/>
      </symbol>
      <symbol id="sm-258">
         <name>__TI_ft_end</name>
         <value>0x20200618</value>
         <object_component_ref idref="oc-1dc"/>
      </symbol>
      <symbol id="sm-259">
         <name>__TI_tmpnams</name>
         <value>0x20200960</value>
         <object_component_ref idref="oc-1ef"/>
      </symbol>
      <symbol id="sm-27c">
         <name>malloc</name>
         <value>0x3059</value>
         <object_component_ref idref="oc-192"/>
      </symbol>
      <symbol id="sm-27d">
         <name>aligned_alloc</name>
         <value>0xc49</value>
         <object_component_ref idref="oc-1f5"/>
      </symbol>
      <symbol id="sm-27e">
         <name>free</name>
         <value>0x1029</value>
         <object_component_ref idref="oc-190"/>
      </symbol>
      <symbol id="sm-27f">
         <name>_sys_memory</name>
         <value>0x20200640</value>
         <object_component_ref idref="oc-30"/>
      </symbol>
      <symbol id="sm-280">
         <name>memalign</name>
         <value>0xc49</value>
         <object_component_ref idref="oc-1f5"/>
      </symbol>
      <symbol id="sm-28b">
         <name>_c_int00_noargs</name>
         <value>0x2d85</value>
         <object_component_ref idref="oc-63"/>
      </symbol>
      <symbol id="sm-28c">
         <name>__stack</name>
         <value>0x20207e00</value>
         <object_component_ref idref="oc-1a"/>
      </symbol>
      <symbol id="sm-298">
         <name>__TI_auto_init_nobinit</name>
         <value>0x2539</value>
         <object_component_ref idref="oc-f7"/>
      </symbol>
      <symbol id="sm-2a0">
         <name>_system_pre_init</name>
         <value>0x309f</value>
         <object_component_ref idref="oc-9b"/>
      </symbol>
      <symbol id="sm-2ab">
         <name>__TI_zero_init_nomemset</name>
         <value>0x2f5f</value>
         <object_component_ref idref="oc-5a"/>
      </symbol>
      <symbol id="sm-2b4">
         <name>__TI_decompress_none</name>
         <value>0x2f99</value>
         <object_component_ref idref="oc-20"/>
      </symbol>
      <symbol id="sm-2bf">
         <name>__TI_decompress_lzss</name>
         <value>0x1ec9</value>
         <object_component_ref idref="oc-1c"/>
      </symbol>
      <symbol id="sm-2cb">
         <name>__TI_closefile</name>
         <value>0x1e4d</value>
         <object_component_ref idref="oc-18a"/>
      </symbol>
      <symbol id="sm-2d5">
         <name>__TI_doflush</name>
         <value>0x258d</value>
         <object_component_ref idref="oc-1e1"/>
      </symbol>
      <symbol id="sm-2e8">
         <name>HOSTexit</name>
         <value>0x1b4d</value>
         <object_component_ref idref="oc-155"/>
      </symbol>
      <symbol id="sm-2e9">
         <name>C$$EXIT</name>
         <value>0x1b4c</value>
         <object_component_ref idref="oc-155"/>
      </symbol>
      <symbol id="sm-2f3">
         <name>write</name>
         <value>0x2d5d</value>
         <object_component_ref idref="oc-222"/>
      </symbol>
      <symbol id="sm-2f8">
         <name>_device</name>
         <value>0x202004fc</value>
         <object_component_ref idref="oc-181"/>
      </symbol>
      <symbol id="sm-2f9">
         <name>_stream</name>
         <value>0x20200574</value>
         <object_component_ref idref="oc-21e"/>
      </symbol>
      <symbol id="sm-302">
         <name>remove</name>
         <value>0x308d</value>
         <object_component_ref idref="oc-1eb"/>
      </symbol>
      <symbol id="sm-30e">
         <name>open</name>
         <value>0x18f9</value>
         <object_component_ref idref="oc-1dd"/>
      </symbol>
      <symbol id="sm-319">
         <name>close</name>
         <value>0x2681</value>
         <object_component_ref idref="oc-1e7"/>
      </symbol>
      <symbol id="sm-325">
         <name>add_device</name>
         <value>0xe55</value>
         <object_component_ref idref="oc-118"/>
      </symbol>
      <symbol id="sm-32f">
         <name>unlink</name>
         <value>0x2cb9</value>
         <object_component_ref idref="oc-22b"/>
      </symbol>
      <symbol id="sm-339">
         <name>HOSTclose</name>
         <value>0x26d1</value>
         <object_component_ref idref="oc-1bf"/>
      </symbol>
      <symbol id="sm-343">
         <name>HOSTlseek</name>
         <value>0x2119</value>
         <object_component_ref idref="oc-1cb"/>
      </symbol>
      <symbol id="sm-34d">
         <name>HOSTopen</name>
         <value>0x22c1</value>
         <object_component_ref idref="oc-1bb"/>
      </symbol>
      <symbol id="sm-34e">
         <name>parmbuf</name>
         <value>0x20200a00</value>
         <object_component_ref idref="oc-205"/>
      </symbol>
      <symbol id="sm-358">
         <name>HOSTread</name>
         <value>0x23d9</value>
         <object_component_ref idref="oc-1c3"/>
      </symbol>
      <symbol id="sm-369">
         <name>HOSTrename</name>
         <value>0x2185</value>
         <object_component_ref idref="oc-1d3"/>
      </symbol>
      <symbol id="sm-373">
         <name>HOSTunlink</name>
         <value>0x2719</value>
         <object_component_ref idref="oc-1cf"/>
      </symbol>
      <symbol id="sm-37d">
         <name>HOSTwrite</name>
         <value>0x2431</value>
         <object_component_ref idref="oc-1c7"/>
      </symbol>
      <symbol id="sm-38b">
         <name>C$$IO$$</name>
         <value>0x2afd</value>
         <object_component_ref idref="oc-1fe"/>
      </symbol>
      <symbol id="sm-38c">
         <name>__TI_writemsg</name>
         <value>0x2ad1</value>
         <object_component_ref idref="oc-1fe"/>
      </symbol>
      <symbol id="sm-38d">
         <name>__CIOBUF_</name>
         <value>0x20200840</value>
         <object_component_ref idref="oc-236"/>
      </symbol>
      <symbol id="sm-38e">
         <name>__TI_readmsg</name>
         <value>0x2a9d</value>
         <object_component_ref idref="oc-204"/>
      </symbol>
      <symbol id="sm-38f">
         <name>_CIOBUF_</name>
         <value>0x20200840</value>
         <object_component_ref idref="oc-236"/>
      </symbol>
      <symbol id="sm-395">
         <name>__aeabi_idiv</name>
         <value>0x24e1</value>
         <object_component_ref idref="oc-14d"/>
      </symbol>
      <symbol id="sm-396">
         <name>__aeabi_idivmod</name>
         <value>0x24e1</value>
         <object_component_ref idref="oc-14d"/>
      </symbol>
      <symbol id="sm-39c">
         <name>__aeabi_memcpy</name>
         <value>0x3085</value>
         <object_component_ref idref="oc-53"/>
      </symbol>
      <symbol id="sm-39d">
         <name>__aeabi_memcpy4</name>
         <value>0x3085</value>
         <object_component_ref idref="oc-53"/>
      </symbol>
      <symbol id="sm-39e">
         <name>__aeabi_memcpy8</name>
         <value>0x3085</value>
         <object_component_ref idref="oc-53"/>
      </symbol>
      <symbol id="sm-3a5">
         <name>__aeabi_memclr</name>
         <value>0x304d</value>
         <object_component_ref idref="oc-96"/>
      </symbol>
      <symbol id="sm-3a6">
         <name>__aeabi_memclr4</name>
         <value>0x304d</value>
         <object_component_ref idref="oc-96"/>
      </symbol>
      <symbol id="sm-3a7">
         <name>__aeabi_memclr8</name>
         <value>0x304d</value>
         <object_component_ref idref="oc-96"/>
      </symbol>
      <symbol id="sm-3ad">
         <name>__aeabi_uidiv</name>
         <value>0x2871</value>
         <object_component_ref idref="oc-146"/>
      </symbol>
      <symbol id="sm-3ae">
         <name>__aeabi_uidivmod</name>
         <value>0x2871</value>
         <object_component_ref idref="oc-146"/>
      </symbol>
      <symbol id="sm-3b9">
         <name>__aeabi_idiv0</name>
         <value>0xa07</value>
         <object_component_ref idref="oc-19c"/>
      </symbol>
      <symbol id="sm-3c7">
         <name>finddevice</name>
         <value>0x2b39</value>
         <object_component_ref idref="oc-17a"/>
      </symbol>
      <symbol id="sm-3c8">
         <name>getdevice</name>
         <value>0x21f1</value>
         <object_component_ref idref="oc-21c"/>
      </symbol>
      <symbol id="sm-3d1">
         <name>TI_memcpy_small</name>
         <value>0x2f87</value>
         <object_component_ref idref="oc-ba"/>
      </symbol>
      <symbol id="sm-3da">
         <name>TI_memset_small</name>
         <value>0x3025</value>
         <object_component_ref idref="oc-109"/>
      </symbol>
      <symbol id="sm-3e2">
         <name>strcmp</name>
         <value>0x1b51</value>
         <object_component_ref idref="oc-1b5"/>
      </symbol>
      <symbol id="sm-3e3">
         <name>__TI_static_base__</name>
         <value>0x0</value>
      </symbol>
      <symbol id="sm-3e6">
         <name>__mpu_init</name>
         <value>0x0</value>
      </symbol>
      <symbol id="sm-3e7">
         <name>_system_post_cinit</name>
         <value>0x0</value>
      </symbol>
   </symbol_table>
   <title>Link successful</title>
</link_info>
