******************************************************************************
            TI ARM Clang Linker Unix v4.0.4                    
******************************************************************************
>> Linked Mon Apr 13 15:18:36 2026

OUTPUT FILE NAME:   <ECE319K_Lab9H.out>
ENTRY POINT SYMBOL: "_c_int00_noargs"  address: 00002625


MEMORY CONFIGURATION

         name            origin    length      used     unused   attr    fill
----------------------  --------  ---------  --------  --------  ----  --------
  FLASH                 00000000   00020000  00002f00  0001d100  R  X
  SRAM                  20200000   00008000  000009e8  00007618  RW X
  BCR_CONFIG            41c00000   00000080  00000000  00000080  R   
  BSL_CONFIG            41c00100   00000080  00000000  00000080  R   


SEGMENT ALLOCATION MAP

run origin  load origin   length   init length attrs members
----------  ----------- ---------- ----------- ----- -------
00000000    00000000    00002f00   00002f00    r-x
  00000000    00000000    000000c0   000000c0    r-- .intvecs
  000000c0    000000c0    000027f0   000027f0    r-x .text
  000028b0    000028b0    000005b0   000005b0    r-- .rodata
  00002e60    00002e60    00000008   00000008    r-- .init_array
  00002e68    00002e68    00000098   00000098    r-- .cinit
20200000    20200000    000007ef   00000000    rw-
  20200000    20200000    00000411   00000000    rw- .data
  20200418    20200418    00000200   00000000    rw- .sysmem
  20200618    20200618    000001d7   00000000    rw- .bss
20207e00    20207e00    00000200   00000000    rw-
  20207e00    20207e00    00000200   00000000    rw- .stack


SECTION ALLOCATION MAP

 output                                  attributes/
section   page    origin      length       input sections
--------  ----  ----------  ----------   ----------------
.intvecs   0    00000000    000000c0     
                  00000000    000000c0     startup_mspm0g3507_ticlang.o (.intvecs)

.binit     0    00000000    00000000     

.text      0    000000c0    000027f0     
                  000000c0    000001b4     Clock.o (.text._Z15Clock_Init80MHzi)
                  00000274    000001a0     ST7735.o (.text._Z16ST7735_DrawCharSsscssh)
                  00000414    00000154     libc.a : fopen.c.obj (.text._openfile)
                  00000568    0000014a     Oscilloscope.o (.text._ZN11Application9Draw_GridEv)
                  000006b2    00000002     Sound.o (.text.SysTick_Handler)
                  000006b4    00000128     TExaS.o (.text._Z8ADC_InitP10ADC12_Regsjj)
                  000007dc    00000118     ST7735.o (.text._Z15ST7735_FillRectsssst)
                  000008f4    00000114     libc.a : memory.c.obj (.text.aligned_alloc)
                  00000a08    000000f8     SPI.o (.text._Z8SPI_Initv)
                  00000b00    000000ec     libsysbm.a : add_device.c.obj (.text.add_device)
                  00000bec    000000e8     TExaS.o (.text._Z9UART_Initv)
                  00000cd4    000000e8     libc.a : memory.c.obj (.text.free)
                  00000dbc    000000e0            : setvbuf.c.obj (.text.setvbuf)
                  00000e9c    000000d0     ST7735.o (.text._Z14ST7735_OutCharc)
                  00000f6c    000000b0     ST7735.o (.text._Z20ST7735_DrawFastHLinessst)
                  0000101c    000000b0     ST7735.o (.text._Z20ST7735_DrawFastVLinessst)
                  000010cc    000000b0     Lab9HMain.o (.text.main)
                  0000117c    000000a8     Timer.o (.text._Z14TimerG6_IntArmtjj)
                  00001224    000000a8     Timer.o (.text._Z14TimerG7_IntArmtjj)
                  000012cc    000000a2     ST7735.o (.text._ZL11commandListPKh)
                  0000136e    00000002     Sound.o (.text._Z10Sound_Initv)
                  00001370    000000a0     ST7735.o (.text._Z17ST7735_InitPrintf10initRFlags)
                  00001410    000000a0     libsysbm.a : open.c.obj (.text.open)
                  000014b0    00000098     ST7735.o (.text._Z12ST7735_InitR10initRFlags)
                  00001548    00000094     Timer.o (.text._Z15TimerG12_IntArmjj)
                  000015dc    00000094     Oscilloscope.o (.text._ZN11Application10Draw_GraphERK12Oscilliscope)
                  00001670    00000088     ST7735.o (.text._ZL13setAddrWindowhhhh)
                  000016f8    00000008     libclang_rt.builtins.a : aeabi_memcpy.S.obj (.text.__aeabi_memcpy)
                  00001700    00000088     libc.a : strcmp-armv6m.S.obj (.text:strcmp)
                  00001788    00000084     ST7735.o (.text._Z17ST7735_DrawStringttPcs)
                  0000180c    0000007c     Lab9HMain.o (.text.TIMG6_IRQHandler)
                  00001888    0000007c     LaunchPad.o (.text._Z14LaunchPad_Initv)
                  00001904    0000007c     Oscilloscope.o (.text._ZN12Oscilliscope4InitEv)
                  00001980    0000007c     SlidePot.o (.text._ZN8SlidePot4InitEv)
                  000019fc    0000007c     libc.a : fclose.c.obj (.text.__TI_closefile)
                  00001a78    0000007c            : copy_decompress_lzss.c.obj (.text:decompress:lzss)
                  00001af4    00000070     ST7735.o (.text._Z16ST7735_DrawPixelsst)
                  00001b64    0000006c     libsysbm.a : hostlseek.c.obj (.text.HOSTlseek)
                  00001bd0    0000006c                : hostrename.c.obj (.text.HOSTrename)
                  00001c3c    0000006c     libc.a : getdevice.c.obj (.text.getdevice)
                  00001ca8    00000064            : memory.c.obj (.text.split)
                  00001d0c    00000060     libsysbm.a : hostopen.c.obj (.text.HOSTopen)
                  00001d6c    00000058                : hostread.c.obj (.text.HOSTread)
                  00001dc4    00000058                : hostwrite.c.obj (.text.HOSTwrite)
                  00001e1c    00000058     TExaS.o (.text._Z10TExaS_InitP10ADC12_RegsjPFhvE)
                  00001e74    00000056     libclang_rt.builtins.a : aeabi_idivmod.S.obj (.text.__aeabi_idivmod)
                  00001eca    00000002                            : aeabi_div0.c.obj (.text.__aeabi_idiv0)
                  00001ecc    00000054     libc.a : autoinit.c.obj (.text:__TI_auto_init_nobinit)
                  00001f20    00000052            : fflush.c.obj (.text.__TI_doflush)
                  00001f72    00000002            : _lock.c.obj (.text._nop)
                  00001f74    00000050     libsysbm.a : close.c.obj (.text.close)
                  00001fc4    00000048                : hostclose.c.obj (.text.HOSTclose)
                  0000200c    00000048                : hostunlink.c.obj (.text.HOSTunlink)
                  00002054    00000048     SPI.o (.text._Z14SPI_OutCommandc)
                  0000209c    00000048     Oscilloscope.o (.text._ZN12Oscilliscope2InEv)
                  000020e4    00000040     TExaS.o (.text.TIMG7_IRQHandler)
                  00002124    00000040     SPI.o (.text._Z9SPI_Resetv)
                  00002164    00000040     libclang_rt.builtins.a : aeabi_uidivmod.S.obj (.text.__aeabi_uidivmod)
                  000021a4    00000040     libc.a : fopen.c.obj (.text._search_fp)
                  000021e4    0000003a     Oscilloscope.o (.text._ZN12Oscilliscope10Add_SampleEj)
                  0000221e    00000002     --HOLE-- [fill = 0]
                  00002220    00000038     SPI.o (.text._Z11SPI_OutDatac)
                  00002258    00000038     LaunchPad.o (.text._Z15ActivatePortA_Bv)
                  00002290    00000034     ST7735.o (.text._Z12ST7735_writeiPKcj)
                  000022c4    00000034     Clock.o (.text._Z14Clock_Delay1msj)
                  000022f8    00000034     ST7735.o (.text._Z16ST7735_SetCursorjj)
                  0000232c    00000034     LED.o (.text._Z8LED_Initv)
                  00002360    00000034     libc.a : fopen.c.obj (.text.__TI_cleanup)
                  00002394    00000034     libsysbm.a : trgmsg.c.obj (.text.__TI_readmsg)
                  000023c8    00000034                : trgmsg.c.obj (.text.__TI_writemsg)
                  000023fc    00000034     libc.a : exit.c.obj (.text.exit)
                  00002430    00000034            : getdevice.c.obj (.text.finddevice)
                  00002464    00000034            : fopen.c.obj (.text.freopen)
                  00002498    00000032     ST7735.o (.text._Z15ST7735_Color565hhh)
                  000024ca    00000002     --HOLE-- [fill = 0]
                  000024cc    00000030     ST7735.o (.text._ZL10commonInitPKh)
                  000024fc    00000030     libc.a : fopen.c.obj (.text.fopen)
                  0000252c    0000002c     ST7735.o (.text._Z17ST7735_FillScreent)
                  00002558    0000002c     libsysbm.a : unlink.c.obj (.text.unlink)
                  00002584    00000028     Switch.o (.text._Z11Switch_Initv)
                  000025ac    00000028     TExaS.o (.text._Z9ADC_StartP10ADC12_Regs)
                  000025d4    00000028     libc.a : memory.c.obj (.text.free_list_insert)
                  000025fc    00000028     libsysbm.a : write.c.obj (.text.write)
                  00002624    00000028     libc.a : boot_cortex_m.c.obj (.text:_c_int00_noargs)
                  0000264c    00000024     Lab9HMain.o (.text.TIMG12_IRQHandler)
                  00002670    00000020     Oscilloscope.o (.text._ZN12OscilliscopeC2Ev)
                  00002690    0000001e     ST7735.o (.text._ZL9pushColort)
                  000026ae    00000002     --HOLE-- [fill = 0]
                  000026b0    0000001c     startup_mspm0g3507_ticlang.o (.text.Default_Handler)
                  000026cc    0000001c     startup_mspm0g3507_ticlang.o (.text.HardFault_Handler)
                  000026e8    0000001c     libc.a : memory.c.obj (.text.free_list_remove)
                  00002704    00000018     Lab9HMain.o (.text.__cxx_global_var_init)
                  0000271c    00000016     ST7735.o (.text._Z11ST7735_openPKcji)
                  00002732    00000016     ST7735.o (.text._Z11ST7735_readiPcj)
                  00002748    00000016     SlidePot.o (.text._ZN8SlidePotC2Ejj)
                  0000275e    00000016     libc.a : copy_zero_init.c.obj (.text:decompress:ZI:__TI_zero_init_nomemset)
                  00002774    00000012     Oscilloscope.o (.text._ZN11ApplicationC2Ev)
                  00002786    00000012     libc.a : memcpy16.S.obj (.text:TI_memcpy_small)
                  00002798    00000012            : copy_decompress_none.c.obj (.text:decompress:none)
                  000027aa    00000010     Lab9HMain.o (.text._GLOBAL__sub_I_Lab9HMain.cpp)
                  000027ba    00000010     Clock.o (.text._Z11Clock_Delayj)
                  000027ca    00000002     --HOLE-- [fill = 0]
                  000027cc    00000010     Lab9HMain.o (.text._Z28TExaS_LaunchPadLogicPB27PB26v)
                  000027dc    00000010     Lab9HMain.o (.text.__cxx_global_var_init.1)
                  000027ec    00000010     Lab9HMain.o (.text.__cxx_global_var_init.2)
                  000027fc    0000000e     libc.a : memory.c.obj (.text.OUTLINED_FUNCTION_0)
                  0000280a    0000000e     ST7735.o (.text._Z12ST7735_lseekili)
                  00002818    0000000e     libsysbm.a : hostrename.c.obj (.text.strcpy)
                  00002826    0000000e                : hostrename.c.obj (.text.strlen)
                  00002834    0000000e     libc.a : memset16.S.obj (.text:TI_memset_small)
                  00002842    00000002     --HOLE-- [fill = 0]
                  00002844    0000000c     Clock.o (.text._Z10Clock_Freqv)
                  00002850    0000000c     ST7735.o (.text._Z13ST7735_renamePKcS0_)
                  0000285c    0000000c     libclang_rt.builtins.a : aeabi_memset.S.obj (.text.__aeabi_memclr)
                  00002868    0000000c     libc.a : memory.c.obj (.text.malloc)
                  00002874    0000000a     ST7735.o (.text._Z12ST7735_closei)
                  0000287e    0000000a     ST7735.o (.text._Z13ST7735_unlinkPKc)
                  00002888    0000000a     Lab9HMain.o (.text._Z8PLL_Initv)
                  00002892    00000008     libsysbm.a : remove.c.obj (.text.remove)
                  0000289a    00000006     libc.a : exit.c.obj (.text:abort)
                  000028a0    00000004     libsysbm.a : hostexit.c.obj (.text.HOSTexit)
                  000028a4    00000004     startup_mspm0g3507_ticlang.o (.text.Reset_Handler)
                  000028a8    00000004     libc.a : pre_init.c.obj (.text._system_pre_init)
                  000028ac    00000004     --HOLE-- [fill = 0]

.cinit     0    00002e68    00000098     
                  00002e68    0000006e     (.cinit..data.load) [load image, compression = lzss]
                  00002ed6    00000002     --HOLE-- [fill = 0]
                  00002ed8    0000000c     (__TI_handler_table)
                  00002ee4    00000008     (.cinit..bss.load) [load image, compression = zero_init]
                  00002eec    00000010     (__TI_cinit_table)
                  00002efc    00000004     --HOLE-- [fill = 0]

.rodata    0    000028b0    000005b0     
                  000028b0    000004fb     ST7735.o (.rodata._ZL4Font)
                  00002dab    0000003b     ST7735.o (.rodata._ZL5Rcmd1)
                  00002de6    0000002b     ST7735.o (.rodata._ZL5Rcmd3)
                  00002e11    00000016     ST7735.o (.rodata.str1.14736978382213673245.1)
                  00002e27    0000000d     ST7735.o (.rodata._ZL10Rcmd2green)
                  00002e34    0000000d     ST7735.o (.rodata._ZL8Rcmd2red)
                  00002e41    00000008     ST7735.o (.rodata.str1.7209918599617305731.1)
                  00002e49    00000007     ST7735.o (.rodata.str1.10208736415454880443.1)
                  00002e50    00000007     ST7735.o (.rodata.str1.8723687351022562626.1)
                  00002e57    00000002     ST7735.o (.rodata.str1.18358205720993799461.1)
                  00002e59    00000007     --HOLE-- [fill = 0]

.init_array 
*          0    00002e60    00000008     
                  00002e60    00000004     Lab9HMain.o (.init_array)
                  00002e64    00000004     --HOLE-- [fill = 0]

.data      0    20200000    00000411     UNINITIALIZED
                  20200000    0000020c     Lab9HMain.o (.data.scope)
                  2020020c    000000f0     libc.a : defs.c.obj (.data._ftable)
                  202002fc    00000078     libsysbm.a : host_device.c.obj (.data._device)
                  20200374    00000050                : host_device.c.obj (.data._stream)
                  202003c4    00000014     Lab9HMain.o (.data.Sensor)
                  202003d8    00000008     libc.a : exit.c.obj (.data..L_MergedGlobals)
                  202003e0    00000008     Lab9HMain.o (.data.app)
                  202003e8    00000004     Clock.o (.data.BusFreq)
                  202003ec    00000004     ST7735.o (.data.StX)
                  202003f0    00000004     ST7735.o (.data.StY)
                  202003f4    00000004     libc.a : defs.c.obj (.data.__TI_ft_end)
                  202003f8    00000004            : _lock.c.obj (.data._lock)
                  202003fc    00000004            : _lock.c.obj (.data._unlock)
                  20200400    00000002     ST7735.o (.data.StTextColor)
                  20200402    00000002     ST7735.o (.data._ZL6_width)
                  20200404    00000002     ST7735.o (.data._ZL7_height)
                  20200406    00000002     --HOLE--
                  20200408    00000001     libsysbm.a : add_device.c.obj (.data.add_device.device_init)
                  20200409    00000003     --HOLE--
                  2020040c    00000001     libc.a : memory.c.obj (.data.memory_is_initialized)
                  2020040d    00000003     --HOLE--
                  20200410    00000001     libsysbm.a : open.c.obj (.data.open.stream_init)

.sysmem    0    20200418    00000200     UNINITIALIZED
                  20200418    00000010     libc.a : memory.c.obj (.sysmem)
                  20200428    000001f0     --HOLE--

.bss       0    20200618    000001d7     UNINITIALIZED
                  20200618    00000120     libsysbm.a : trgmsg.c.obj (.bss:_CIOBUF_)
                  20200738    000000a0     libc.a : defs.c.obj (.bss.__TI_tmpnams)
                  202007d8    00000008     libsysbm.a : hostopen.c.obj (.bss.parmbuf)
                  202007e0    00000004     TExaS.o (.bss.TExaSLogic)
                  202007e4    00000004     TExaS.o (.bss.TExaSadc)
                  202007e8    00000004     libc.a : memory.c.obj (.bss.sys_free)
                  202007ec    00000001     ST7735.o (.bss._ZL8ColStart)
                  202007ed    00000001     ST7735.o (.bss._ZL8RowStart)
                  202007ee    00000001     ST7735.o (.bss._ZL8TabColor)

.stack     0    20207e00    00000200     UNINITIALIZED
                  20207e00    00000004     libc.a : boot_cortex_m.c.obj (.stack)
                  20207e04    000001fc     --HOLE--

__llvm_prf_cnts 
*          0    20200000    00000000     UNINITIALIZED

__llvm_prf_bits 
*          0    20200000    00000000     UNINITIALIZED

MODULE SUMMARY

       Module                         code    ro data   rw data
       ------                         ----    -------   -------
    ./
       ST7735.o                       2476    1449      17     
       Lab9HMain.o                    434     4         552    
       Oscilloscope.o                 782     0         0      
       TExaS.o                        720     0         8      
       Clock.o                        516     0         4      
       Timer.o                        484     0         0      
       SPI.o                          440     0         0      
       LaunchPad.o                    180     0         0      
       SlidePot.o                     146     0         0      
       LED.o                          52      0         0      
       Switch.o                       40      0         0      
       Sound.o                        4       0         0      
    +--+------------------------------+-------+---------+---------+
       Total:                         6274    1453      581    
                                                               
    ./ticlang/
       startup_mspm0g3507_ticlang.o   60      192       0      
    +--+------------------------------+-------+---------+---------+
       Total:                         60      192       0      
                                                               
    /Applications/ti/ccs2040/ccs/tools/compiler/ti-cgt-armllvm_4.0.4.LTS/lib/armv6m-ti-none-eabi/c/libc.a
       memory.c.obj                   702     0         5      
       fopen.c.obj                    556     0         0      
       defs.c.obj                     0       0         404    
       setvbuf.c.obj                  224     0         0      
       getdevice.c.obj                160     0         0      
       strcmp-armv6m.S.obj            136     0         0      
       copy_decompress_lzss.c.obj     124     0         0      
       fclose.c.obj                   124     0         0      
       autoinit.c.obj                 84      0         0      
       fflush.c.obj                   82      0         0      
       exit.c.obj                     58      0         8      
       boot_cortex_m.c.obj            40      0         0      
       copy_zero_init.c.obj           22      0         0      
       copy_decompress_none.c.obj     18      0         0      
       memcpy16.S.obj                 18      0         0      
       memset16.S.obj                 14      0         0      
       _lock.c.obj                    2       0         8      
       pre_init.c.obj                 4       0         0      
    +--+------------------------------+-------+---------+---------+
       Total:                         2368    0         425    
                                                               
    /Applications/ti/ccs2040/ccs/tools/compiler/ti-cgt-armllvm_4.0.4.LTS/lib/armv6m-ti-none-eabi/c/libsysbm.a
       trgmsg.c.obj                   104     0         288    
       add_device.c.obj               236     0         1      
       host_device.c.obj              0       0         200    
       open.c.obj                     160     0         1      
       hostrename.c.obj               136     0         0      
       hostlseek.c.obj                108     0         0      
       hostopen.c.obj                 96      0         8      
       hostread.c.obj                 88      0         0      
       hostwrite.c.obj                88      0         0      
       close.c.obj                    80      0         0      
       hostclose.c.obj                72      0         0      
       hostunlink.c.obj               72      0         0      
       unlink.c.obj                   44      0         0      
       write.c.obj                    40      0         0      
       remove.c.obj                   8       0         0      
       hostexit.c.obj                 4       0         0      
    +--+------------------------------+-------+---------+---------+
       Total:                         1336    0         498    
                                                               
    /Applications/ti/ccs2040/ccs/tools/compiler/ti-cgt-armllvm_4.0.4.LTS/lib/armv6m-ti-none-eabi/libclang_rt.builtins.a
       aeabi_idivmod.S.obj            86      0         0      
       aeabi_uidivmod.S.obj           64      0         0      
       aeabi_memset.S.obj             12      0         0      
       aeabi_memcpy.S.obj             8       0         0      
       aeabi_div0.c.obj               2       0         0      
    +--+------------------------------+-------+---------+---------+
       Total:                         172     0         0      
                                                               
       Heap:                          0       0         512    
       Stack:                         0       0         512    
       Linker Generated:              0       146       0      
    +--+------------------------------+-------+---------+---------+
       Grand Total:                   10210   1791      2528   


LINKER GENERATED COPY TABLES

__TI_cinit_table @ 00002eec records: 2, size/record: 8, table size: 16
	.data: load addr=00002e68, load size=0000006e bytes, run addr=20200000, run size=00000411 bytes, compression=lzss
	.bss: load addr=00002ee4, load size=00000008 bytes, run addr=20200618, run size=000001d7 bytes, compression=zero_init


LINKER GENERATED HANDLER TABLE

__TI_handler_table @ 00002ed8 records: 3, size/record: 4, table size: 12
	index: 0, handler: __TI_decompress_lzss
	index: 1, handler: __TI_decompress_none
	index: 2, handler: __TI_zero_init


GLOBAL SYMBOLS: SORTED ALPHABETICALLY BY Name 

address   name                                         
-------   ----                                         
000026b1  ADC0_IRQHandler                              
000026b1  ADC1_IRQHandler                              
000026b1  AES_IRQHandler                               
202003e8  BusFreq                                      
000028a0  C$$EXIT                                      
000023f5  C$$IO$$                                      
000026b1  CANFD0_IRQHandler                            
000026b1  DAC0_IRQHandler                              
000026b1  DMA_IRQHandler                               
000026b1  Default_Handler                              
000026b1  GROUP0_IRQHandler                            
000026b1  GROUP1_IRQHandler                            
00001fc5  HOSTclose                                    
000028a1  HOSTexit                                     
00001b65  HOSTlseek                                    
00001d0d  HOSTopen                                     
00001d6d  HOSTread                                     
00001bd1  HOSTrename                                   
0000200d  HOSTunlink                                   
00001dc5  HOSTwrite                                    
000026cd  HardFault_Handler                            
000026b1  I2C0_IRQHandler                              
000026b1  I2C1_IRQHandler                              
000026b1  NMI_Handler                                  
000026b1  PendSV_Handler                               
000026b1  RTC_IRQHandler                               
000028a5  Reset_Handler                                
00002e60  SHT$$INIT_ARRAY$$Base                        
00002e64  SHT$$INIT_ARRAY$$Limit                       
000026b1  SPI0_IRQHandler                              
000026b1  SPI1_IRQHandler                              
000026b1  SVC_Handler                                  
202003c4  Sensor                                       
20200400  StTextColor                                  
202003ec  StX                                          
202003f0  StY                                          
000006b3  SysTick_Handler                              
202007e0  TExaSLogic                                   
202007e4  TExaSadc                                     
000026b1  TIMA0_IRQHandler                             
000026b1  TIMA1_IRQHandler                             
000026b1  TIMG0_IRQHandler                             
0000264d  TIMG12_IRQHandler                            
0000180d  TIMG6_IRQHandler                             
000020e5  TIMG7_IRQHandler                             
000026b1  TIMG8_IRQHandler                             
00002787  TI_memcpy_small                              
00002835  TI_memset_small                              
000026b1  UART0_IRQHandler                             
000026b1  UART1_IRQHandler                             
000026b1  UART2_IRQHandler                             
000026b1  UART3_IRQHandler                             
20200618  _CIOBUF_                                     
00002845  _Z10Clock_Freqv                              
0000136f  _Z10Sound_Initv                              
00001e1d  _Z10TExaS_InitP10ADC12_RegsjPFhvE            
000027bb  _Z11Clock_Delayj                             
00002221  _Z11SPI_OutDatac                             
0000271d  _Z11ST7735_openPKcji                         
00002733  _Z11ST7735_readiPcj                          
00002585  _Z11Switch_Initv                             
000014b1  _Z12ST7735_InitR10initRFlags                 
00002875  _Z12ST7735_closei                            
0000280b  _Z12ST7735_lseekili                          
00002291  _Z12ST7735_writeiPKcj                        
00002851  _Z13ST7735_renamePKcS0_                      
0000287f  _Z13ST7735_unlinkPKc                         
000022c5  _Z14Clock_Delay1msj                          
00001889  _Z14LaunchPad_Initv                          
00002055  _Z14SPI_OutCommandc                          
00000e9d  _Z14ST7735_OutCharc                          
0000117d  _Z14TimerG6_IntArmtjj                        
00001225  _Z14TimerG7_IntArmtjj                        
00002259  _Z15ActivatePortA_Bv                         
000000c1  _Z15Clock_Init80MHzi                         
00002499  _Z15ST7735_Color565hhh                       
000007dd  _Z15ST7735_FillRectsssst                     
00001549  _Z15TimerG12_IntArmjj                        
00000275  _Z16ST7735_DrawCharSsscssh                   
00001af5  _Z16ST7735_DrawPixelsst                      
000022f9  _Z16ST7735_SetCursorjj                       
00001789  _Z17ST7735_DrawStringttPcs                   
0000252d  _Z17ST7735_FillScreent                       
00001371  _Z17ST7735_InitPrintf10initRFlags            
00000f6d  _Z20ST7735_DrawFastHLinessst                 
0000101d  _Z20ST7735_DrawFastVLinessst                 
000027cd  _Z28TExaS_LaunchPadLogicPB27PB26v            
000006b5  _Z8ADC_InitP10ADC12_Regsjj                   
0000232d  _Z8LED_Initv                                 
00002889  _Z8PLL_Initv                                 
00000a09  _Z8SPI_Initv                                 
000025ad  _Z9ADC_StartP10ADC12_Regs                    
00002125  _Z9SPI_Resetv                                
00000bed  _Z9UART_Initv                                
000015dd  _ZN11Application10Draw_GraphERK12Oscilliscope
00000569  _ZN11Application9Draw_GridEv                 
00002775  _ZN11ApplicationC1Ev                         
00002775  _ZN11ApplicationC2Ev                         
000021e5  _ZN12Oscilliscope10Add_SampleEj              
0000209d  _ZN12Oscilliscope2InEv                       
00001905  _ZN12Oscilliscope4InitEv                     
00002671  _ZN12OscilliscopeC1Ev                        
00002671  _ZN12OscilliscopeC2Ev                        
00001981  _ZN8SlidePot4InitEv                          
00002749  _ZN8SlidePotC1Ejj                            
00002749  _ZN8SlidePotC2Ejj                            
20200618  __CIOBUF_                                    
20208000  __STACK_END                                  
00000200  __STACK_SIZE                                 
00000200  __SYSMEM_SIZE                                
00000000  __TI_ATRegion0_region_sz                     
00000000  __TI_ATRegion0_src_addr                      
00000000  __TI_ATRegion0_trg_addr                      
00000000  __TI_ATRegion1_region_sz                     
00000000  __TI_ATRegion1_src_addr                      
00000000  __TI_ATRegion1_trg_addr                      
00000000  __TI_ATRegion2_region_sz                     
00000000  __TI_ATRegion2_src_addr                      
00000000  __TI_ATRegion2_trg_addr                      
00002eec  __TI_CINIT_Base                              
00002efc  __TI_CINIT_Limit                             
00002efc  __TI_CINIT_Warm                              
00002ed8  __TI_Handler_Table_Base                      
00002ee4  __TI_Handler_Table_Limit                     
00001ecd  __TI_auto_init_nobinit                       
00002361  __TI_cleanup                                 
202003d8  __TI_cleanup_ptr                             
000019fd  __TI_closefile                               
00001a79  __TI_decompress_lzss                         
00002799  __TI_decompress_none                         
00001f21  __TI_doflush                                 
202003dc  __TI_dtors_ptr                               
202003f4  __TI_ft_end                                  
ffffffff  __TI_pprof_out_hndl                          
ffffffff  __TI_prof_data_size                          
ffffffff  __TI_prof_data_start                         
00002395  __TI_readmsg                                 
00000000  __TI_static_base__                           
20200738  __TI_tmpnams                                 
000023c9  __TI_writemsg                                
0000275f  __TI_zero_init_nomemset                      
00001e75  __aeabi_idiv                                 
00001ecb  __aeabi_idiv0                                
00001e75  __aeabi_idivmod                              
0000285d  __aeabi_memclr                               
0000285d  __aeabi_memclr4                              
0000285d  __aeabi_memclr8                              
000016f9  __aeabi_memcpy                               
000016f9  __aeabi_memcpy4                              
000016f9  __aeabi_memcpy8                              
00002165  __aeabi_uidiv                                
00002165  __aeabi_uidivmod                             
ffffffff  __binit__                                    
UNDEFED   __mpu_init                                   
20207e00  __stack                                      
20200000  __start___llvm_prf_bits                      
20200000  __start___llvm_prf_cnts                      
20200000  __stop___llvm_prf_bits                       
20200000  __stop___llvm_prf_cnts                       
00002625  _c_int00_noargs                              
202002fc  _device                                      
2020020c  _ftable                                      
202003f8  _lock                                        
00001f73  _nop                                         
20200374  _stream                                      
20200418  _sys_memory                                  
UNDEFED   _system_post_cinit                           
000028a9  _system_pre_init                             
202003fc  _unlock                                      
0000289b  abort                                        
00000b01  add_device                                   
000008f5  aligned_alloc                                
202003e0  app                                          
ffffffff  binit                                        
00001f75  close                                        
000023fd  exit                                         
00002431  finddevice                                   
000024fd  fopen                                        
00000cd5  free                                         
00002465  freopen                                      
00001c3d  getdevice                                    
00000000  interruptVectors                             
000010cd  main                                         
00002869  malloc                                       
000008f5  memalign                                     
00001411  open                                         
202007d8  parmbuf                                      
00002893  remove                                       
20200000  scope                                        
00000dbd  setvbuf                                      
00001701  strcmp                                       
00002559  unlink                                       
000025fd  write                                        


GLOBAL SYMBOLS: SORTED BY Symbol Address 

address   name                                         
-------   ----                                         
00000000  __TI_ATRegion0_region_sz                     
00000000  __TI_ATRegion0_src_addr                      
00000000  __TI_ATRegion0_trg_addr                      
00000000  __TI_ATRegion1_region_sz                     
00000000  __TI_ATRegion1_src_addr                      
00000000  __TI_ATRegion1_trg_addr                      
00000000  __TI_ATRegion2_region_sz                     
00000000  __TI_ATRegion2_src_addr                      
00000000  __TI_ATRegion2_trg_addr                      
00000000  __TI_static_base__                           
00000000  interruptVectors                             
000000c1  _Z15Clock_Init80MHzi                         
00000200  __STACK_SIZE                                 
00000200  __SYSMEM_SIZE                                
00000275  _Z16ST7735_DrawCharSsscssh                   
00000569  _ZN11Application9Draw_GridEv                 
000006b3  SysTick_Handler                              
000006b5  _Z8ADC_InitP10ADC12_Regsjj                   
000007dd  _Z15ST7735_FillRectsssst                     
000008f5  aligned_alloc                                
000008f5  memalign                                     
00000a09  _Z8SPI_Initv                                 
00000b01  add_device                                   
00000bed  _Z9UART_Initv                                
00000cd5  free                                         
00000dbd  setvbuf                                      
00000e9d  _Z14ST7735_OutCharc                          
00000f6d  _Z20ST7735_DrawFastHLinessst                 
0000101d  _Z20ST7735_DrawFastVLinessst                 
000010cd  main                                         
0000117d  _Z14TimerG6_IntArmtjj                        
00001225  _Z14TimerG7_IntArmtjj                        
0000136f  _Z10Sound_Initv                              
00001371  _Z17ST7735_InitPrintf10initRFlags            
00001411  open                                         
000014b1  _Z12ST7735_InitR10initRFlags                 
00001549  _Z15TimerG12_IntArmjj                        
000015dd  _ZN11Application10Draw_GraphERK12Oscilliscope
000016f9  __aeabi_memcpy                               
000016f9  __aeabi_memcpy4                              
000016f9  __aeabi_memcpy8                              
00001701  strcmp                                       
00001789  _Z17ST7735_DrawStringttPcs                   
0000180d  TIMG6_IRQHandler                             
00001889  _Z14LaunchPad_Initv                          
00001905  _ZN12Oscilliscope4InitEv                     
00001981  _ZN8SlidePot4InitEv                          
000019fd  __TI_closefile                               
00001a79  __TI_decompress_lzss                         
00001af5  _Z16ST7735_DrawPixelsst                      
00001b65  HOSTlseek                                    
00001bd1  HOSTrename                                   
00001c3d  getdevice                                    
00001d0d  HOSTopen                                     
00001d6d  HOSTread                                     
00001dc5  HOSTwrite                                    
00001e1d  _Z10TExaS_InitP10ADC12_RegsjPFhvE            
00001e75  __aeabi_idiv                                 
00001e75  __aeabi_idivmod                              
00001ecb  __aeabi_idiv0                                
00001ecd  __TI_auto_init_nobinit                       
00001f21  __TI_doflush                                 
00001f73  _nop                                         
00001f75  close                                        
00001fc5  HOSTclose                                    
0000200d  HOSTunlink                                   
00002055  _Z14SPI_OutCommandc                          
0000209d  _ZN12Oscilliscope2InEv                       
000020e5  TIMG7_IRQHandler                             
00002125  _Z9SPI_Resetv                                
00002165  __aeabi_uidiv                                
00002165  __aeabi_uidivmod                             
000021e5  _ZN12Oscilliscope10Add_SampleEj              
00002221  _Z11SPI_OutDatac                             
00002259  _Z15ActivatePortA_Bv                         
00002291  _Z12ST7735_writeiPKcj                        
000022c5  _Z14Clock_Delay1msj                          
000022f9  _Z16ST7735_SetCursorjj                       
0000232d  _Z8LED_Initv                                 
00002361  __TI_cleanup                                 
00002395  __TI_readmsg                                 
000023c9  __TI_writemsg                                
000023f5  C$$IO$$                                      
000023fd  exit                                         
00002431  finddevice                                   
00002465  freopen                                      
00002499  _Z15ST7735_Color565hhh                       
000024fd  fopen                                        
0000252d  _Z17ST7735_FillScreent                       
00002559  unlink                                       
00002585  _Z11Switch_Initv                             
000025ad  _Z9ADC_StartP10ADC12_Regs                    
000025fd  write                                        
00002625  _c_int00_noargs                              
0000264d  TIMG12_IRQHandler                            
00002671  _ZN12OscilliscopeC1Ev                        
00002671  _ZN12OscilliscopeC2Ev                        
000026b1  ADC0_IRQHandler                              
000026b1  ADC1_IRQHandler                              
000026b1  AES_IRQHandler                               
000026b1  CANFD0_IRQHandler                            
000026b1  DAC0_IRQHandler                              
000026b1  DMA_IRQHandler                               
000026b1  Default_Handler                              
000026b1  GROUP0_IRQHandler                            
000026b1  GROUP1_IRQHandler                            
000026b1  I2C0_IRQHandler                              
000026b1  I2C1_IRQHandler                              
000026b1  NMI_Handler                                  
000026b1  PendSV_Handler                               
000026b1  RTC_IRQHandler                               
000026b1  SPI0_IRQHandler                              
000026b1  SPI1_IRQHandler                              
000026b1  SVC_Handler                                  
000026b1  TIMA0_IRQHandler                             
000026b1  TIMA1_IRQHandler                             
000026b1  TIMG0_IRQHandler                             
000026b1  TIMG8_IRQHandler                             
000026b1  UART0_IRQHandler                             
000026b1  UART1_IRQHandler                             
000026b1  UART2_IRQHandler                             
000026b1  UART3_IRQHandler                             
000026cd  HardFault_Handler                            
0000271d  _Z11ST7735_openPKcji                         
00002733  _Z11ST7735_readiPcj                          
00002749  _ZN8SlidePotC1Ejj                            
00002749  _ZN8SlidePotC2Ejj                            
0000275f  __TI_zero_init_nomemset                      
00002775  _ZN11ApplicationC1Ev                         
00002775  _ZN11ApplicationC2Ev                         
00002787  TI_memcpy_small                              
00002799  __TI_decompress_none                         
000027bb  _Z11Clock_Delayj                             
000027cd  _Z28TExaS_LaunchPadLogicPB27PB26v            
0000280b  _Z12ST7735_lseekili                          
00002835  TI_memset_small                              
00002845  _Z10Clock_Freqv                              
00002851  _Z13ST7735_renamePKcS0_                      
0000285d  __aeabi_memclr                               
0000285d  __aeabi_memclr4                              
0000285d  __aeabi_memclr8                              
00002869  malloc                                       
00002875  _Z12ST7735_closei                            
0000287f  _Z13ST7735_unlinkPKc                         
00002889  _Z8PLL_Initv                                 
00002893  remove                                       
0000289b  abort                                        
000028a0  C$$EXIT                                      
000028a1  HOSTexit                                     
000028a5  Reset_Handler                                
000028a9  _system_pre_init                             
00002e60  SHT$$INIT_ARRAY$$Base                        
00002e64  SHT$$INIT_ARRAY$$Limit                       
00002ed8  __TI_Handler_Table_Base                      
00002ee4  __TI_Handler_Table_Limit                     
00002eec  __TI_CINIT_Base                              
00002efc  __TI_CINIT_Limit                             
00002efc  __TI_CINIT_Warm                              
20200000  __start___llvm_prf_bits                      
20200000  __start___llvm_prf_cnts                      
20200000  __stop___llvm_prf_bits                       
20200000  __stop___llvm_prf_cnts                       
20200000  scope                                        
2020020c  _ftable                                      
202002fc  _device                                      
20200374  _stream                                      
202003c4  Sensor                                       
202003d8  __TI_cleanup_ptr                             
202003dc  __TI_dtors_ptr                               
202003e0  app                                          
202003e8  BusFreq                                      
202003ec  StX                                          
202003f0  StY                                          
202003f4  __TI_ft_end                                  
202003f8  _lock                                        
202003fc  _unlock                                      
20200400  StTextColor                                  
20200418  _sys_memory                                  
20200618  _CIOBUF_                                     
20200618  __CIOBUF_                                    
20200738  __TI_tmpnams                                 
202007d8  parmbuf                                      
202007e0  TExaSLogic                                   
202007e4  TExaSadc                                     
20207e00  __stack                                      
20208000  __STACK_END                                  
ffffffff  __TI_pprof_out_hndl                          
ffffffff  __TI_prof_data_size                          
ffffffff  __TI_prof_data_start                         
ffffffff  __binit__                                    
ffffffff  binit                                        
UNDEFED   __mpu_init                                   
UNDEFED   _system_post_cinit                           

[193 symbols]
