******************************************************************************
            TI ARM Clang Linker Unix v4.0.4                    
******************************************************************************
>> Linked Thu Apr 16 19:51:22 2026

OUTPUT FILE NAME:   <ECE319K_Lab9H.out>
ENTRY POINT SYMBOL: "_c_int00_noargs"  address: 00002b59


MEMORY CONFIGURATION

         name            origin    length      used     unused   attr    fill
----------------------  --------  ---------  --------  --------  ----  --------
  FLASH                 00000000   00020000  00003540  0001cac0  R  X
  SRAM                  20200000   00008000  00000bf0  00007410  RW X
  BCR_CONFIG            41c00000   00000080  00000000  00000080  R   
  BSL_CONFIG            41c00100   00000080  00000000  00000080  R   


SEGMENT ALLOCATION MAP

run origin  load origin   length   init length attrs members
----------  ----------- ---------- ----------- ----- -------
00000000    00000000    00003540   00003540    r-x
  00000000    00000000    000000c0   000000c0    r-- .intvecs
  000000c0    000000c0    00002d10   00002d10    r-x .text
  00002dd0    00002dd0    000006d0   000006d0    r-- .rodata
  000034a0    000034a0    00000008   00000008    r-- .init_array
  000034a8    000034a8    00000098   00000098    r-- .cinit
20200000    20200000    000009f3   00000000    rw-
  20200000    20200000    00000615   00000000    rw- .data
  20200618    20200618    00000200   00000000    rw- .sysmem
  20200818    20200818    000001db   00000000    rw- .bss
20207e00    20207e00    00000200   00000000    rw-
  20207e00    20207e00    00000200   00000000    rw- .stack


SECTION ALLOCATION MAP

 output                                  attributes/
section   page    origin      length       input sections
--------  ----  ----------  ----------   ----------------
.intvecs   0    00000000    000000c0     
                  00000000    000000c0     startup_mspm0g3507_ticlang.o (.intvecs)

.binit     0    00000000    00000000     

.text      0    000000c0    00002d10     
                  000000c0    00000210     ST7735.o (.text._Z17ST7735_DrawBitmapssPKtss)
                  000002d0    000001b4     Clock.o (.text._Z15Clock_Init80MHzi)
                  00000484    000001a0     ST7735.o (.text._Z16ST7735_DrawCharSsscssh)
                  00000624    00000154     libc.a : fopen.c.obj (.text._openfile)
                  00000778    0000014c     Oscilloscope.o (.text._ZN11Application10Draw_GraphERK12Oscilliscope)
                  000008c4    00000142     Oscilloscope.o (.text._ZN11Application9Draw_GridEv)
                  00000a06    00000002     Sound.o (.text.SysTick_Handler)
                  00000a08    00000128     TExaS.o (.text._Z8ADC_InitP10ADC12_Regsjj)
                  00000b30    00000118     ST7735.o (.text._Z15ST7735_FillRectsssst)
                  00000c48    00000114     libc.a : memory.c.obj (.text.aligned_alloc)
                  00000d5c    000000f8     SPI.o (.text._Z8SPI_Initv)
                  00000e54    000000ec     libsysbm.a : add_device.c.obj (.text.add_device)
                  00000f40    000000e8     TExaS.o (.text._Z9UART_Initv)
                  00001028    000000e8     libc.a : memory.c.obj (.text.free)
                  00001110    000000e4     Lab9HMain.o (.text.main)
                  000011f4    000000e0     Oscilloscope.o (.text._ZN11Application8Fix_GridEjj)
                  000012d4    000000e0     libc.a : setvbuf.c.obj (.text.setvbuf)
                  000013b4    000000d0     ST7735.o (.text._Z14ST7735_OutCharc)
                  00001484    000000b0     ST7735.o (.text._Z20ST7735_DrawFastHLinessst)
                  00001534    000000b0     ST7735.o (.text._Z20ST7735_DrawFastVLinessst)
                  000015e4    000000a8     Timer.o (.text._Z14TimerG6_IntArmtjj)
                  0000168c    000000a8     Timer.o (.text._Z14TimerG7_IntArmtjj)
                  00001734    000000a2     ST7735.o (.text._ZL11commandListPKh)
                  000017d6    00000002     Sound.o (.text._Z10Sound_Initv)
                  000017d8    000000a0     ST7735.o (.text._Z17ST7735_InitPrintf10initRFlags)
                  00001878    000000a0     libsysbm.a : open.c.obj (.text.open)
                  00001918    00000098     ST7735.o (.text._Z12ST7735_InitR10initRFlags)
                  000019b0    00000094     Timer.o (.text._Z15TimerG12_IntArmjj)
                  00001a44    00000088     ST7735.o (.text._ZL13setAddrWindowhhhh)
                  00001acc    00000004     libsysbm.a : hostexit.c.obj (.text.HOSTexit)
                  00001ad0    00000088     libc.a : strcmp-armv6m.S.obj (.text:strcmp)
                  00001b58    00000084     ST7735.o (.text._Z17ST7735_DrawStringttPcs)
                  00001bdc    0000007c     Lab9HMain.o (.text.TIMG6_IRQHandler)
                  00001c58    0000007c     LaunchPad.o (.text._Z14LaunchPad_Initv)
                  00001cd4    0000007c     Oscilloscope.o (.text._ZN12Oscilliscope4InitEv)
                  00001d50    0000007c     SlidePot.o (.text._ZN8SlidePot4InitEv)
                  00001dcc    0000007c     libc.a : fclose.c.obj (.text.__TI_closefile)
                  00001e48    0000007c            : copy_decompress_lzss.c.obj (.text:decompress:lzss)
                  00001ec4    00000078     Lab9HMain.o (.text.TIMG12_IRQHandler)
                  00001f3c    00000078     Switch.o (.text._Z9Switch_Inv)
                  00001fb4    00000070     ST7735.o (.text._Z16ST7735_DrawPixelsst)
                  00002024    0000006c     libsysbm.a : hostlseek.c.obj (.text.HOSTlseek)
                  00002090    0000006c                : hostrename.c.obj (.text.HOSTrename)
                  000020fc    0000006c     libc.a : getdevice.c.obj (.text.getdevice)
                  00002168    00000064            : memory.c.obj (.text.split)
                  000021cc    00000060     libsysbm.a : hostopen.c.obj (.text.HOSTopen)
                  0000222c    00000058                : hostread.c.obj (.text.HOSTread)
                  00002284    00000058                : hostwrite.c.obj (.text.HOSTwrite)
                  000022dc    00000058     TExaS.o (.text._Z10TExaS_InitP10ADC12_RegsjPFhvE)
                  00002334    00000056     libclang_rt.builtins.a : aeabi_idivmod.S.obj (.text.__aeabi_idivmod)
                  0000238a    00000002                            : aeabi_div0.c.obj (.text.__aeabi_idiv0)
                  0000238c    00000054     libc.a : autoinit.c.obj (.text:__TI_auto_init_nobinit)
                  000023e0    00000052            : fflush.c.obj (.text.__TI_doflush)
                  00002432    00000002            : _lock.c.obj (.text._nop)
                  00002434    00000050     Oscilloscope.o (.text._ZN12Oscilliscope10Add_SampleEj)
                  00002484    00000050     libsysbm.a : close.c.obj (.text.close)
                  000024d4    00000048                : hostclose.c.obj (.text.HOSTclose)
                  0000251c    00000048                : hostunlink.c.obj (.text.HOSTunlink)
                  00002564    00000048     SPI.o (.text._Z14SPI_OutCommandc)
                  000025ac    00000048     Oscilloscope.o (.text._ZN12Oscilliscope2InEv)
                  000025f4    00000040     TExaS.o (.text.TIMG7_IRQHandler)
                  00002634    00000040     SPI.o (.text._Z9SPI_Resetv)
                  00002674    00000040     libclang_rt.builtins.a : aeabi_uidivmod.S.obj (.text.__aeabi_uidivmod)
                  000026b4    00000040     libc.a : fopen.c.obj (.text._search_fp)
                  000026f4    00000038     SPI.o (.text._Z11SPI_OutDatac)
                  0000272c    00000038     LaunchPad.o (.text._Z15ActivatePortA_Bv)
                  00002764    00000034     ST7735.o (.text._Z12ST7735_writeiPKcj)
                  00002798    00000034     Clock.o (.text._Z14Clock_Delay1msj)
                  000027cc    00000034     ST7735.o (.text._Z16ST7735_SetCursorjj)
                  00002800    00000034     LED.o (.text._Z8LED_Initv)
                  00002834    00000034     Oscilloscope.o (.text._ZN6Cursor4DrawEv)
                  00002868    00000034     libc.a : fopen.c.obj (.text.__TI_cleanup)
                  0000289c    00000034     libsysbm.a : trgmsg.c.obj (.text.__TI_readmsg)
                  000028d0    00000034                : trgmsg.c.obj (.text.__TI_writemsg)
                  00002904    00000034     libc.a : exit.c.obj (.text.exit)
                  00002938    00000034            : getdevice.c.obj (.text.finddevice)
                  0000296c    00000034            : fopen.c.obj (.text.freopen)
                  000029a0    00000032     ST7735.o (.text._Z15ST7735_Color565hhh)
                  000029d2    00000002     --HOLE-- [fill = 0]
                  000029d4    00000030     ST7735.o (.text._ZL10commonInitPKh)
                  00002a04    00000030     libc.a : fopen.c.obj (.text.fopen)
                  00002a34    0000002c     ST7735.o (.text._Z17ST7735_FillScreent)
                  00002a60    0000002c     Oscilloscope.o (.text._ZN12OscilliscopeC2Ev)
                  00002a8c    0000002c     libsysbm.a : unlink.c.obj (.text.unlink)
                  00002ab8    00000028     Switch.o (.text._Z11Switch_Initv)
                  00002ae0    00000028     TExaS.o (.text._Z9ADC_StartP10ADC12_Regs)
                  00002b08    00000028     libc.a : memory.c.obj (.text.free_list_insert)
                  00002b30    00000028     libsysbm.a : write.c.obj (.text.write)
                  00002b58    00000028     libc.a : boot_cortex_m.c.obj (.text:_c_int00_noargs)
                  00002b80    00000020     Oscilloscope.o (.text._ZN6CursorC2Eii4Type)
                  00002ba0    0000001e     ST7735.o (.text._ZL9pushColort)
                  00002bbe    00000002     --HOLE-- [fill = 0]
                  00002bc0    0000001c     startup_mspm0g3507_ticlang.o (.text.Default_Handler)
                  00002bdc    0000001c     startup_mspm0g3507_ticlang.o (.text.HardFault_Handler)
                  00002bf8    0000001c     libc.a : memory.c.obj (.text.free_list_remove)
                  00002c14    00000018     Lab9HMain.o (.text.__cxx_global_var_init)
                  00002c2c    00000016     ST7735.o (.text._Z11ST7735_openPKcji)
                  00002c42    00000016     ST7735.o (.text._Z11ST7735_readiPcj)
                  00002c58    00000016     SlidePot.o (.text._ZN8SlidePotC2Ejj)
                  00002c6e    00000016     libc.a : copy_zero_init.c.obj (.text:decompress:ZI:__TI_zero_init_nomemset)
                  00002c84    00000012     Oscilloscope.o (.text._ZN11ApplicationC2Ev)
                  00002c96    00000012     libc.a : memcpy16.S.obj (.text:TI_memcpy_small)
                  00002ca8    00000012            : copy_decompress_none.c.obj (.text:decompress:none)
                  00002cba    00000010     Lab9HMain.o (.text._GLOBAL__sub_I_Lab9HMain.cpp)
                  00002cca    00000010     Clock.o (.text._Z11Clock_Delayj)
                  00002cda    00000002     --HOLE-- [fill = 0]
                  00002cdc    00000010     Lab9HMain.o (.text._Z28TExaS_LaunchPadLogicPB27PB26v)
                  00002cec    00000010     Lab9HMain.o (.text.__cxx_global_var_init.1)
                  00002cfc    00000010     Lab9HMain.o (.text.__cxx_global_var_init.2)
                  00002d0c    0000000e     libc.a : memory.c.obj (.text.OUTLINED_FUNCTION_0)
                  00002d1a    0000000e     ST7735.o (.text._Z12ST7735_lseekili)
                  00002d28    0000000e     libsysbm.a : hostrename.c.obj (.text.strcpy)
                  00002d36    0000000e                : hostrename.c.obj (.text.strlen)
                  00002d44    0000000e     libc.a : memset16.S.obj (.text:TI_memset_small)
                  00002d52    00000002     --HOLE-- [fill = 0]
                  00002d54    0000000c     Clock.o (.text._Z10Clock_Freqv)
                  00002d60    0000000c     ST7735.o (.text._Z13ST7735_renamePKcS0_)
                  00002d6c    0000000c     libclang_rt.builtins.a : aeabi_memset.S.obj (.text.__aeabi_memclr)
                  00002d78    0000000c     libc.a : memory.c.obj (.text.malloc)
                  00002d84    0000000a     ST7735.o (.text._Z12ST7735_closei)
                  00002d8e    0000000a     ST7735.o (.text._Z13ST7735_unlinkPKc)
                  00002d98    0000000a     Lab9HMain.o (.text._Z8PLL_Initv)
                  00002da2    00000002     --HOLE-- [fill = 0]
                  00002da4    00000008     libclang_rt.builtins.a : aeabi_memcpy.S.obj (.text.__aeabi_memcpy)
                  00002dac    00000008     libsysbm.a : remove.c.obj (.text.remove)
                  00002db4    00000006     libc.a : exit.c.obj (.text:abort)
                  00002dba    00000004     startup_mspm0g3507_ticlang.o (.text.Reset_Handler)
                  00002dbe    00000004     libc.a : pre_init.c.obj (.text._system_pre_init)
                  00002dc2    0000000e     --HOLE-- [fill = 0]

.cinit     0    000034a8    00000098     
                  000034a8    0000006e     (.cinit..data.load) [load image, compression = lzss]
                  00003516    00000002     --HOLE-- [fill = 0]
                  00003518    0000000c     (__TI_handler_table)
                  00003524    00000008     (.cinit..bss.load) [load image, compression = zero_init]
                  0000352c    00000010     (__TI_cinit_table)
                  0000353c    00000004     --HOLE-- [fill = 0]

.rodata    0    00002dd0    000006d0     
                  00002dd0    000004fb     ST7735.o (.rodata._ZL4Font)
                  000032cb    00000001     --HOLE-- [fill = 0]
                  000032cc    00000120     Oscilloscope.o (.rodata._ZL11PlayerShip0)
                  000033ec    0000003b     ST7735.o (.rodata._ZL5Rcmd1)
                  00003427    0000002b     ST7735.o (.rodata._ZL5Rcmd3)
                  00003452    00000016     ST7735.o (.rodata.str1.14736978382213673245.1)
                  00003468    0000000d     ST7735.o (.rodata._ZL10Rcmd2green)
                  00003475    0000000d     ST7735.o (.rodata._ZL8Rcmd2red)
                  00003482    00000008     ST7735.o (.rodata.str1.7209918599617305731.1)
                  0000348a    00000007     ST7735.o (.rodata.str1.10208736415454880443.1)
                  00003491    00000007     ST7735.o (.rodata.str1.8723687351022562626.1)
                  00003498    00000002     ST7735.o (.rodata.str1.18358205720993799461.1)
                  0000349a    00000006     --HOLE-- [fill = 0]

.init_array 
*          0    000034a0    00000008     
                  000034a0    00000004     Lab9HMain.o (.init_array)
                  000034a4    00000004     --HOLE-- [fill = 0]

.data      0    20200000    00000615     UNINITIALIZED
                  20200000    0000040c     Lab9HMain.o (.data.scope)
                  2020040c    000000f0     libc.a : defs.c.obj (.data._ftable)
                  202004fc    00000078     libsysbm.a : host_device.c.obj (.data._device)
                  20200574    00000050                : host_device.c.obj (.data._stream)
                  202005c4    00000014     Lab9HMain.o (.data.Sensor)
                  202005d8    00000008     libc.a : exit.c.obj (.data..L_MergedGlobals)
                  202005e0    00000008     Lab9HMain.o (.data.app)
                  202005e8    00000004     Clock.o (.data.BusFreq)
                  202005ec    00000004     ST7735.o (.data.StX)
                  202005f0    00000004     ST7735.o (.data.StY)
                  202005f4    00000004     libc.a : defs.c.obj (.data.__TI_ft_end)
                  202005f8    00000004            : _lock.c.obj (.data._lock)
                  202005fc    00000004            : _lock.c.obj (.data._unlock)
                  20200600    00000004     Lab9HMain.o (.data.last)
                  20200604    00000002     ST7735.o (.data.StTextColor)
                  20200606    00000002     ST7735.o (.data._ZL6_width)
                  20200608    00000002     ST7735.o (.data._ZL7_height)
                  2020060a    00000002     --HOLE--
                  2020060c    00000001     libsysbm.a : add_device.c.obj (.data.add_device.device_init)
                  2020060d    00000003     --HOLE--
                  20200610    00000001     libc.a : memory.c.obj (.data.memory_is_initialized)
                  20200611    00000003     --HOLE--
                  20200614    00000001     libsysbm.a : open.c.obj (.data.open.stream_init)

.sysmem    0    20200618    00000200     UNINITIALIZED
                  20200618    00000010     libc.a : memory.c.obj (.sysmem)
                  20200628    000001f0     --HOLE--

.bss       0    20200818    000001db     UNINITIALIZED
                  20200818    00000120     libsysbm.a : trgmsg.c.obj (.bss:_CIOBUF_)
                  20200938    000000a0     libc.a : defs.c.obj (.bss.__TI_tmpnams)
                  202009d8    00000008     libsysbm.a : hostopen.c.obj (.bss.parmbuf)
                  202009e0    00000004     TExaS.o (.bss.TExaSLogic)
                  202009e4    00000004     TExaS.o (.bss.TExaSadc)
                  202009e8    00000004     Lab9HMain.o (.bss.now)
                  202009ec    00000004     libc.a : memory.c.obj (.bss.sys_free)
                  202009f0    00000001     ST7735.o (.bss._ZL8ColStart)
                  202009f1    00000001     ST7735.o (.bss._ZL8RowStart)
                  202009f2    00000001     ST7735.o (.bss._ZL8TabColor)

.stack     0    20207e00    00000200     UNINITIALIZED
                  20207e00    00000004     libc.a : boot_cortex_m.c.obj (.stack)
                  20207e04    000001fc     --HOLE--

__llvm_prf_cnts 
*          0    20200000    00000000     UNINITIALIZED

__llvm_prf_bits 
*          0    20200000    00000000     UNINITIALIZED

MODULE SUMMARY

       Module                         code    ro data   rw data
       ------                         ----    -------   -------
    ./
       ST7735.o                       3004    1449      17     
       Lab9HMain.o                    570     4         1072   
       Oscilloscope.o                 1300    288       0      
       TExaS.o                        720     0         8      
       Clock.o                        516     0         4      
       Timer.o                        484     0         0      
       SPI.o                          440     0         0      
       LaunchPad.o                    180     0         0      
       Switch.o                       160     0         0      
       SlidePot.o                     146     0         0      
       LED.o                          52      0         0      
       Sound.o                        4       0         0      
    +--+------------------------------+-------+---------+---------+
       Total:                         7576    1741      1101   
                                                               
    ./ticlang/
       startup_mspm0g3507_ticlang.o   60      192       0      
    +--+------------------------------+-------+---------+---------+
       Total:                         60      192       0      
                                                               
    /Applications/ti/ccs2040/ccs/tools/compiler/ti-cgt-armllvm_4.0.4.LTS/lib/armv6m-ti-none-eabi/c/libc.a
       memory.c.obj                   702     0         5      
       fopen.c.obj                    556     0         0      
       defs.c.obj                     0       0         404    
       setvbuf.c.obj                  224     0         0      
       getdevice.c.obj                160     0         0      
       strcmp-armv6m.S.obj            136     0         0      
       copy_decompress_lzss.c.obj     124     0         0      
       fclose.c.obj                   124     0         0      
       autoinit.c.obj                 84      0         0      
       fflush.c.obj                   82      0         0      
       exit.c.obj                     58      0         8      
       boot_cortex_m.c.obj            40      0         0      
       copy_zero_init.c.obj           22      0         0      
       copy_decompress_none.c.obj     18      0         0      
       memcpy16.S.obj                 18      0         0      
       memset16.S.obj                 14      0         0      
       _lock.c.obj                    2       0         8      
       pre_init.c.obj                 4       0         0      
    +--+------------------------------+-------+---------+---------+
       Total:                         2368    0         425    
                                                               
    /Applications/ti/ccs2040/ccs/tools/compiler/ti-cgt-armllvm_4.0.4.LTS/lib/armv6m-ti-none-eabi/c/libsysbm.a
       trgmsg.c.obj                   104     0         288    
       add_device.c.obj               236     0         1      
       host_device.c.obj              0       0         200    
       open.c.obj                     160     0         1      
       hostrename.c.obj               136     0         0      
       hostlseek.c.obj                108     0         0      
       hostopen.c.obj                 96      0         8      
       hostread.c.obj                 88      0         0      
       hostwrite.c.obj                88      0         0      
       close.c.obj                    80      0         0      
       hostclose.c.obj                72      0         0      
       hostunlink.c.obj               72      0         0      
       unlink.c.obj                   44      0         0      
       write.c.obj                    40      0         0      
       remove.c.obj                   8       0         0      
       hostexit.c.obj                 4       0         0      
    +--+------------------------------+-------+---------+---------+
       Total:                         1336    0         498    
                                                               
    /Applications/ti/ccs2040/ccs/tools/compiler/ti-cgt-armllvm_4.0.4.LTS/lib/armv6m-ti-none-eabi/libclang_rt.builtins.a
       aeabi_idivmod.S.obj            86      0         0      
       aeabi_uidivmod.S.obj           64      0         0      
       aeabi_memset.S.obj             12      0         0      
       aeabi_memcpy.S.obj             8       0         0      
       aeabi_div0.c.obj               2       0         0      
    +--+------------------------------+-------+---------+---------+
       Total:                         172     0         0      
                                                               
       Heap:                          0       0         512    
       Stack:                         0       0         512    
       Linker Generated:              0       146       0      
    +--+------------------------------+-------+---------+---------+
       Grand Total:                   11512   2079      3048   


LINKER GENERATED COPY TABLES

__TI_cinit_table @ 0000352c records: 2, size/record: 8, table size: 16
	.data: load addr=000034a8, load size=0000006e bytes, run addr=20200000, run size=00000615 bytes, compression=lzss
	.bss: load addr=00003524, load size=00000008 bytes, run addr=20200818, run size=000001db bytes, compression=zero_init


LINKER GENERATED HANDLER TABLE

__TI_handler_table @ 00003518 records: 3, size/record: 4, table size: 12
	index: 0, handler: __TI_decompress_lzss
	index: 1, handler: __TI_decompress_none
	index: 2, handler: __TI_zero_init


GLOBAL SYMBOLS: SORTED ALPHABETICALLY BY Name 

address   name                                         
-------   ----                                         
00002bc1  ADC0_IRQHandler                              
00002bc1  ADC1_IRQHandler                              
00002bc1  AES_IRQHandler                               
202005e8  BusFreq                                      
00001acc  C$$EXIT                                      
000028fd  C$$IO$$                                      
00002bc1  CANFD0_IRQHandler                            
00002bc1  DAC0_IRQHandler                              
00002bc1  DMA_IRQHandler                               
00002bc1  Default_Handler                              
00002bc1  GROUP0_IRQHandler                            
00002bc1  GROUP1_IRQHandler                            
000024d5  HOSTclose                                    
00001acd  HOSTexit                                     
00002025  HOSTlseek                                    
000021cd  HOSTopen                                     
0000222d  HOSTread                                     
00002091  HOSTrename                                   
0000251d  HOSTunlink                                   
00002285  HOSTwrite                                    
00002bdd  HardFault_Handler                            
00002bc1  I2C0_IRQHandler                              
00002bc1  I2C1_IRQHandler                              
00002bc1  NMI_Handler                                  
00002bc1  PendSV_Handler                               
00002bc1  RTC_IRQHandler                               
00002dbb  Reset_Handler                                
000034a0  SHT$$INIT_ARRAY$$Base                        
000034a4  SHT$$INIT_ARRAY$$Limit                       
00002bc1  SPI0_IRQHandler                              
00002bc1  SPI1_IRQHandler                              
00002bc1  SVC_Handler                                  
202005c4  Sensor                                       
20200604  StTextColor                                  
202005ec  StX                                          
202005f0  StY                                          
00000a07  SysTick_Handler                              
202009e0  TExaSLogic                                   
202009e4  TExaSadc                                     
00002bc1  TIMA0_IRQHandler                             
00002bc1  TIMA1_IRQHandler                             
00002bc1  TIMG0_IRQHandler                             
00001ec5  TIMG12_IRQHandler                            
00001bdd  TIMG6_IRQHandler                             
000025f5  TIMG7_IRQHandler                             
00002bc1  TIMG8_IRQHandler                             
00002c97  TI_memcpy_small                              
00002d45  TI_memset_small                              
00002bc1  UART0_IRQHandler                             
00002bc1  UART1_IRQHandler                             
00002bc1  UART2_IRQHandler                             
00002bc1  UART3_IRQHandler                             
20200818  _CIOBUF_                                     
00002d55  _Z10Clock_Freqv                              
000017d7  _Z10Sound_Initv                              
000022dd  _Z10TExaS_InitP10ADC12_RegsjPFhvE            
00002ccb  _Z11Clock_Delayj                             
000026f5  _Z11SPI_OutDatac                             
00002c2d  _Z11ST7735_openPKcji                         
00002c43  _Z11ST7735_readiPcj                          
00002ab9  _Z11Switch_Initv                             
00001919  _Z12ST7735_InitR10initRFlags                 
00002d85  _Z12ST7735_closei                            
00002d1b  _Z12ST7735_lseekili                          
00002765  _Z12ST7735_writeiPKcj                        
00002d61  _Z13ST7735_renamePKcS0_                      
00002d8f  _Z13ST7735_unlinkPKc                         
00002799  _Z14Clock_Delay1msj                          
00001c59  _Z14LaunchPad_Initv                          
00002565  _Z14SPI_OutCommandc                          
000013b5  _Z14ST7735_OutCharc                          
000015e5  _Z14TimerG6_IntArmtjj                        
0000168d  _Z14TimerG7_IntArmtjj                        
0000272d  _Z15ActivatePortA_Bv                         
000002d1  _Z15Clock_Init80MHzi                         
000029a1  _Z15ST7735_Color565hhh                       
00000b31  _Z15ST7735_FillRectsssst                     
000019b1  _Z15TimerG12_IntArmjj                        
00000485  _Z16ST7735_DrawCharSsscssh                   
00001fb5  _Z16ST7735_DrawPixelsst                      
000027cd  _Z16ST7735_SetCursorjj                       
000000c1  _Z17ST7735_DrawBitmapssPKtss                 
00001b59  _Z17ST7735_DrawStringttPcs                   
00002a35  _Z17ST7735_FillScreent                       
000017d9  _Z17ST7735_InitPrintf10initRFlags            
00001485  _Z20ST7735_DrawFastHLinessst                 
00001535  _Z20ST7735_DrawFastVLinessst                 
00002cdd  _Z28TExaS_LaunchPadLogicPB27PB26v            
00000a09  _Z8ADC_InitP10ADC12_Regsjj                   
00002801  _Z8LED_Initv                                 
00002d99  _Z8PLL_Initv                                 
00000d5d  _Z8SPI_Initv                                 
00002ae1  _Z9ADC_StartP10ADC12_Regs                    
00002635  _Z9SPI_Resetv                                
00001f3d  _Z9Switch_Inv                                
00000f41  _Z9UART_Initv                                
00000779  _ZN11Application10Draw_GraphERK12Oscilliscope
000011f5  _ZN11Application8Fix_GridEjj                 
000008c5  _ZN11Application9Draw_GridEv                 
00002c85  _ZN11ApplicationC1Ev                         
00002c85  _ZN11ApplicationC2Ev                         
00002435  _ZN12Oscilliscope10Add_SampleEj              
000025ad  _ZN12Oscilliscope2InEv                       
00001cd5  _ZN12Oscilliscope4InitEv                     
00002a61  _ZN12OscilliscopeC1Ev                        
00002a61  _ZN12OscilliscopeC2Ev                        
00002835  _ZN6Cursor4DrawEv                            
00002b81  _ZN6CursorC1Eii4Type                         
00002b81  _ZN6CursorC2Eii4Type                         
00001d51  _ZN8SlidePot4InitEv                          
00002c59  _ZN8SlidePotC1Ejj                            
00002c59  _ZN8SlidePotC2Ejj                            
20200818  __CIOBUF_                                    
20208000  __STACK_END                                  
00000200  __STACK_SIZE                                 
00000200  __SYSMEM_SIZE                                
00000000  __TI_ATRegion0_region_sz                     
00000000  __TI_ATRegion0_src_addr                      
00000000  __TI_ATRegion0_trg_addr                      
00000000  __TI_ATRegion1_region_sz                     
00000000  __TI_ATRegion1_src_addr                      
00000000  __TI_ATRegion1_trg_addr                      
00000000  __TI_ATRegion2_region_sz                     
00000000  __TI_ATRegion2_src_addr                      
00000000  __TI_ATRegion2_trg_addr                      
0000352c  __TI_CINIT_Base                              
0000353c  __TI_CINIT_Limit                             
0000353c  __TI_CINIT_Warm                              
00003518  __TI_Handler_Table_Base                      
00003524  __TI_Handler_Table_Limit                     
0000238d  __TI_auto_init_nobinit                       
00002869  __TI_cleanup                                 
202005d8  __TI_cleanup_ptr                             
00001dcd  __TI_closefile                               
00001e49  __TI_decompress_lzss                         
00002ca9  __TI_decompress_none                         
000023e1  __TI_doflush                                 
202005dc  __TI_dtors_ptr                               
202005f4  __TI_ft_end                                  
ffffffff  __TI_pprof_out_hndl                          
ffffffff  __TI_prof_data_size                          
ffffffff  __TI_prof_data_start                         
0000289d  __TI_readmsg                                 
00000000  __TI_static_base__                           
20200938  __TI_tmpnams                                 
000028d1  __TI_writemsg                                
00002c6f  __TI_zero_init_nomemset                      
00002335  __aeabi_idiv                                 
0000238b  __aeabi_idiv0                                
00002335  __aeabi_idivmod                              
00002d6d  __aeabi_memclr                               
00002d6d  __aeabi_memclr4                              
00002d6d  __aeabi_memclr8                              
00002da5  __aeabi_memcpy                               
00002da5  __aeabi_memcpy4                              
00002da5  __aeabi_memcpy8                              
00002675  __aeabi_uidiv                                
00002675  __aeabi_uidivmod                             
ffffffff  __binit__                                    
UNDEFED   __mpu_init                                   
20207e00  __stack                                      
20200000  __start___llvm_prf_bits                      
20200000  __start___llvm_prf_cnts                      
20200000  __stop___llvm_prf_bits                       
20200000  __stop___llvm_prf_cnts                       
00002b59  _c_int00_noargs                              
202004fc  _device                                      
2020040c  _ftable                                      
202005f8  _lock                                        
00002433  _nop                                         
20200574  _stream                                      
20200618  _sys_memory                                  
UNDEFED   _system_post_cinit                           
00002dbf  _system_pre_init                             
202005fc  _unlock                                      
00002db5  abort                                        
00000e55  add_device                                   
00000c49  aligned_alloc                                
202005e0  app                                          
ffffffff  binit                                        
00002485  close                                        
00002905  exit                                         
00002939  finddevice                                   
00002a05  fopen                                        
00001029  free                                         
0000296d  freopen                                      
000020fd  getdevice                                    
00000000  interruptVectors                             
20200600  last                                         
00001111  main                                         
00002d79  malloc                                       
00000c49  memalign                                     
202009e8  now                                          
00001879  open                                         
202009d8  parmbuf                                      
00002dad  remove                                       
20200000  scope                                        
000012d5  setvbuf                                      
00001ad1  strcmp                                       
00002a8d  unlink                                       
00002b31  write                                        


GLOBAL SYMBOLS: SORTED BY Symbol Address 

address   name                                         
-------   ----                                         
00000000  __TI_ATRegion0_region_sz                     
00000000  __TI_ATRegion0_src_addr                      
00000000  __TI_ATRegion0_trg_addr                      
00000000  __TI_ATRegion1_region_sz                     
00000000  __TI_ATRegion1_src_addr                      
00000000  __TI_ATRegion1_trg_addr                      
00000000  __TI_ATRegion2_region_sz                     
00000000  __TI_ATRegion2_src_addr                      
00000000  __TI_ATRegion2_trg_addr                      
00000000  __TI_static_base__                           
00000000  interruptVectors                             
000000c1  _Z17ST7735_DrawBitmapssPKtss                 
00000200  __STACK_SIZE                                 
00000200  __SYSMEM_SIZE                                
000002d1  _Z15Clock_Init80MHzi                         
00000485  _Z16ST7735_DrawCharSsscssh                   
00000779  _ZN11Application10Draw_GraphERK12Oscilliscope
000008c5  _ZN11Application9Draw_GridEv                 
00000a07  SysTick_Handler                              
00000a09  _Z8ADC_InitP10ADC12_Regsjj                   
00000b31  _Z15ST7735_FillRectsssst                     
00000c49  aligned_alloc                                
00000c49  memalign                                     
00000d5d  _Z8SPI_Initv                                 
00000e55  add_device                                   
00000f41  _Z9UART_Initv                                
00001029  free                                         
00001111  main                                         
000011f5  _ZN11Application8Fix_GridEjj                 
000012d5  setvbuf                                      
000013b5  _Z14ST7735_OutCharc                          
00001485  _Z20ST7735_DrawFastHLinessst                 
00001535  _Z20ST7735_DrawFastVLinessst                 
000015e5  _Z14TimerG6_IntArmtjj                        
0000168d  _Z14TimerG7_IntArmtjj                        
000017d7  _Z10Sound_Initv                              
000017d9  _Z17ST7735_InitPrintf10initRFlags            
00001879  open                                         
00001919  _Z12ST7735_InitR10initRFlags                 
000019b1  _Z15TimerG12_IntArmjj                        
00001acc  C$$EXIT                                      
00001acd  HOSTexit                                     
00001ad1  strcmp                                       
00001b59  _Z17ST7735_DrawStringttPcs                   
00001bdd  TIMG6_IRQHandler                             
00001c59  _Z14LaunchPad_Initv                          
00001cd5  _ZN12Oscilliscope4InitEv                     
00001d51  _ZN8SlidePot4InitEv                          
00001dcd  __TI_closefile                               
00001e49  __TI_decompress_lzss                         
00001ec5  TIMG12_IRQHandler                            
00001f3d  _Z9Switch_Inv                                
00001fb5  _Z16ST7735_DrawPixelsst                      
00002025  HOSTlseek                                    
00002091  HOSTrename                                   
000020fd  getdevice                                    
000021cd  HOSTopen                                     
0000222d  HOSTread                                     
00002285  HOSTwrite                                    
000022dd  _Z10TExaS_InitP10ADC12_RegsjPFhvE            
00002335  __aeabi_idiv                                 
00002335  __aeabi_idivmod                              
0000238b  __aeabi_idiv0                                
0000238d  __TI_auto_init_nobinit                       
000023e1  __TI_doflush                                 
00002433  _nop                                         
00002435  _ZN12Oscilliscope10Add_SampleEj              
00002485  close                                        
000024d5  HOSTclose                                    
0000251d  HOSTunlink                                   
00002565  _Z14SPI_OutCommandc                          
000025ad  _ZN12Oscilliscope2InEv                       
000025f5  TIMG7_IRQHandler                             
00002635  _Z9SPI_Resetv                                
00002675  __aeabi_uidiv                                
00002675  __aeabi_uidivmod                             
000026f5  _Z11SPI_OutDatac                             
0000272d  _Z15ActivatePortA_Bv                         
00002765  _Z12ST7735_writeiPKcj                        
00002799  _Z14Clock_Delay1msj                          
000027cd  _Z16ST7735_SetCursorjj                       
00002801  _Z8LED_Initv                                 
00002835  _ZN6Cursor4DrawEv                            
00002869  __TI_cleanup                                 
0000289d  __TI_readmsg                                 
000028d1  __TI_writemsg                                
000028fd  C$$IO$$                                      
00002905  exit                                         
00002939  finddevice                                   
0000296d  freopen                                      
000029a1  _Z15ST7735_Color565hhh                       
00002a05  fopen                                        
00002a35  _Z17ST7735_FillScreent                       
00002a61  _ZN12OscilliscopeC1Ev                        
00002a61  _ZN12OscilliscopeC2Ev                        
00002a8d  unlink                                       
00002ab9  _Z11Switch_Initv                             
00002ae1  _Z9ADC_StartP10ADC12_Regs                    
00002b31  write                                        
00002b59  _c_int00_noargs                              
00002b81  _ZN6CursorC1Eii4Type                         
00002b81  _ZN6CursorC2Eii4Type                         
00002bc1  ADC0_IRQHandler                              
00002bc1  ADC1_IRQHandler                              
00002bc1  AES_IRQHandler                               
00002bc1  CANFD0_IRQHandler                            
00002bc1  DAC0_IRQHandler                              
00002bc1  DMA_IRQHandler                               
00002bc1  Default_Handler                              
00002bc1  GROUP0_IRQHandler                            
00002bc1  GROUP1_IRQHandler                            
00002bc1  I2C0_IRQHandler                              
00002bc1  I2C1_IRQHandler                              
00002bc1  NMI_Handler                                  
00002bc1  PendSV_Handler                               
00002bc1  RTC_IRQHandler                               
00002bc1  SPI0_IRQHandler                              
00002bc1  SPI1_IRQHandler                              
00002bc1  SVC_Handler                                  
00002bc1  TIMA0_IRQHandler                             
00002bc1  TIMA1_IRQHandler                             
00002bc1  TIMG0_IRQHandler                             
00002bc1  TIMG8_IRQHandler                             
00002bc1  UART0_IRQHandler                             
00002bc1  UART1_IRQHandler                             
00002bc1  UART2_IRQHandler                             
00002bc1  UART3_IRQHandler                             
00002bdd  HardFault_Handler                            
00002c2d  _Z11ST7735_openPKcji                         
00002c43  _Z11ST7735_readiPcj                          
00002c59  _ZN8SlidePotC1Ejj                            
00002c59  _ZN8SlidePotC2Ejj                            
00002c6f  __TI_zero_init_nomemset                      
00002c85  _ZN11ApplicationC1Ev                         
00002c85  _ZN11ApplicationC2Ev                         
00002c97  TI_memcpy_small                              
00002ca9  __TI_decompress_none                         
00002ccb  _Z11Clock_Delayj                             
00002cdd  _Z28TExaS_LaunchPadLogicPB27PB26v            
00002d1b  _Z12ST7735_lseekili                          
00002d45  TI_memset_small                              
00002d55  _Z10Clock_Freqv                              
00002d61  _Z13ST7735_renamePKcS0_                      
00002d6d  __aeabi_memclr                               
00002d6d  __aeabi_memclr4                              
00002d6d  __aeabi_memclr8                              
00002d79  malloc                                       
00002d85  _Z12ST7735_closei                            
00002d8f  _Z13ST7735_unlinkPKc                         
00002d99  _Z8PLL_Initv                                 
00002da5  __aeabi_memcpy                               
00002da5  __aeabi_memcpy4                              
00002da5  __aeabi_memcpy8                              
00002dad  remove                                       
00002db5  abort                                        
00002dbb  Reset_Handler                                
00002dbf  _system_pre_init                             
000034a0  SHT$$INIT_ARRAY$$Base                        
000034a4  SHT$$INIT_ARRAY$$Limit                       
00003518  __TI_Handler_Table_Base                      
00003524  __TI_Handler_Table_Limit                     
0000352c  __TI_CINIT_Base                              
0000353c  __TI_CINIT_Limit                             
0000353c  __TI_CINIT_Warm                              
20200000  __start___llvm_prf_bits                      
20200000  __start___llvm_prf_cnts                      
20200000  __stop___llvm_prf_bits                       
20200000  __stop___llvm_prf_cnts                       
20200000  scope                                        
2020040c  _ftable                                      
202004fc  _device                                      
20200574  _stream                                      
202005c4  Sensor                                       
202005d8  __TI_cleanup_ptr                             
202005dc  __TI_dtors_ptr                               
202005e0  app                                          
202005e8  BusFreq                                      
202005ec  StX                                          
202005f0  StY                                          
202005f4  __TI_ft_end                                  
202005f8  _lock                                        
202005fc  _unlock                                      
20200600  last                                         
20200604  StTextColor                                  
20200618  _sys_memory                                  
20200818  _CIOBUF_                                     
20200818  __CIOBUF_                                    
20200938  __TI_tmpnams                                 
202009d8  parmbuf                                      
202009e0  TExaSLogic                                   
202009e4  TExaSadc                                     
202009e8  now                                          
20207e00  __stack                                      
20208000  __STACK_END                                  
ffffffff  __TI_pprof_out_hndl                          
ffffffff  __TI_prof_data_size                          
ffffffff  __TI_prof_data_start                         
ffffffff  __binit__                                    
ffffffff  binit                                        
UNDEFED   __mpu_init                                   
UNDEFED   _system_post_cinit                           

[201 symbols]
